Component: ARM Compiler 5.06 update 7 (build 960) Tool: armlink [4d3601]

==============================================================================

Section Cross References

    startup_stm32f103xb.o(RESET) refers to startup_stm32f103xb.o(STACK) for __initial_sp
    startup_stm32f103xb.o(RESET) refers to startup_stm32f103xb.o(.text) for Reset_Handler
    startup_stm32f103xb.o(RESET) refers to stm32f1xx_it.o(i.NMI_Handler) for NMI_Handler
    startup_stm32f103xb.o(RESET) refers to stm32f1xx_it.o(i.HardFault_Handler) for HardFault_Handler
    startup_stm32f103xb.o(RESET) refers to stm32f1xx_it.o(i.MemManage_Handler) for MemManage_Handler
    startup_stm32f103xb.o(RESET) refers to stm32f1xx_it.o(i.BusFault_Handler) for BusFault_Handler
    startup_stm32f103xb.o(RESET) refers to stm32f1xx_it.o(i.UsageFault_Handler) for UsageFault_Handler
    startup_stm32f103xb.o(RESET) refers to stm32f1xx_it.o(i.SVC_Handler) for SVC_Handler
    startup_stm32f103xb.o(RESET) refers to stm32f1xx_it.o(i.DebugMon_Handler) for DebugMon_Handler
    startup_stm32f103xb.o(RESET) refers to stm32f1xx_it.o(i.PendSV_Handler) for PendSV_Handler
    startup_stm32f103xb.o(RESET) refers to stm32f1xx_it.o(i.SysTick_Handler) for SysTick_Handler
    startup_stm32f103xb.o(RESET) refers to stm32f1xx_it.o(i.EXTI3_IRQHandler) for EXTI3_IRQHandler
    startup_stm32f103xb.o(RESET) refers to stm32f1xx_it.o(i.USB_HP_CAN1_TX_IRQHandler) for USB_HP_CAN1_TX_IRQHandler
    startup_stm32f103xb.o(RESET) refers to stm32f1xx_it.o(i.USB_LP_CAN1_RX0_IRQHandler) for USB_LP_CAN1_RX0_IRQHandler
    startup_stm32f103xb.o(RESET) refers to stm32f1xx_it.o(i.EXTI9_5_IRQHandler) for EXTI9_5_IRQHandler
    startup_stm32f103xb.o(RESET) refers to stm32f1xx_it.o(i.TIM2_IRQHandler) for TIM2_IRQHandler
    startup_stm32f103xb.o(RESET) refers to stm32f1xx_it.o(i.TIM3_IRQHandler) for TIM3_IRQHandler
    startup_stm32f103xb.o(.text) refers to system_stm32f1xx.o(i.SystemInit) for SystemInit
    startup_stm32f103xb.o(.text) refers to entry.o(.ARM.Collect$$$$00000000) for __main
    flash_eeprom.o(i.Flash_Erase) refers to stm32f1xx_hal_flash.o(i.HAL_FLASH_Unlock) for HAL_FLASH_Unlock
    flash_eeprom.o(i.Flash_Erase) refers to stm32f1xx_hal_flash_ex.o(i.HAL_FLASHEx_Erase) for HAL_FLASHEx_Erase
    flash_eeprom.o(i.Flash_write) refers to flash_eeprom.o(i.Flash_Erase) for Flash_Erase
    flash_eeprom.o(i.Flash_write) refers to stm32f1xx_hal_flash.o(i.HAL_FLASH_Program) for HAL_FLASH_Program
    flash_eeprom.o(i.Flash_write) refers to stm32f1xx_hal_flash.o(i.HAL_FLASH_Lock) for HAL_FLASH_Lock
    flash_eeprom.o(i.Flash_write) refers to main.o(.bss) for NV_Profile_Runtime
    led_process.o(i.LED_Driver) refers to led_process.o(i.LED_task) for LED_task
    led_process.o(i.LED_Driver) refers to led_process.o(.data) for Pointer_Profile_running
    led_process.o(i.LED_Driver) refers to main.o(.bss) for htim1
    led_process.o(i.LED_Init) refers to led_process.o(.data) for Current_Priority
    led_process.o(i.LED_Init) refers to main.o(.data) for TEST_Button
    led_process.o(i.LED_Init) refers to main.o(.bss) for htim1
    led_process.o(i.LED_task) refers to led_process.o(i.LED_Init) for LED_Init
    led_process.o(i.LED_task) refers to led_process.o(.data) for LED_Profiles
    ir_zero_cross.o(i.HAL_TIM_IC_CaptureCallback) refers to stm32f1xx_hal_tim.o(i.HAL_TIM_ReadCapturedValue) for HAL_TIM_ReadCapturedValue
    ir_zero_cross.o(i.HAL_TIM_IC_CaptureCallback) refers to ffltui.o(.text) for __aeabi_ui2f
    ir_zero_cross.o(i.HAL_TIM_IC_CaptureCallback) refers to fdiv.o(.text) for __aeabi_fdiv
    ir_zero_cross.o(i.HAL_TIM_IC_CaptureCallback) refers to fmul.o(.text) for __aeabi_fmul
    ir_zero_cross.o(i.HAL_TIM_IC_CaptureCallback) refers to cfrcmple.o(.text) for __aeabi_cfrcmple
    ir_zero_cross.o(i.HAL_TIM_IC_CaptureCallback) refers to cfcmple.o(.text) for __aeabi_cfcmple
    ir_zero_cross.o(i.HAL_TIM_IC_CaptureCallback) refers to main.o(.bss) for htim2
    ir_zero_cross.o(i.HAL_TIM_IC_CaptureCallback) refers to ir_zero_cross.o(.data) for AC_Cycle
    ir_zero_cross.o(i.HAL_TIM_PeriodElapsedCallback) refers to stm32f1xx_hal_gpio.o(i.HAL_GPIO_WritePin) for HAL_GPIO_WritePin
    ir_zero_cross.o(i.HAL_TIM_PeriodElapsedCallback) refers to main.o(.bss) for htim3
    ir_zero_cross.o(i.HAL_TIM_PeriodElapsedCallback) refers to ir_zero_cross.o(.data) for IR_receiving
    ir_zero_cross.o(i.IR_task) refers to flash_eeprom.o(i.Flash_write) for Flash_write
    ir_zero_cross.o(i.IR_task) refers to ir_zero_cross.o(i.__NVIC_SystemReset) for __NVIC_SystemReset
    ir_zero_cross.o(i.IR_task) refers to main.o(i.Lamp_ctrl) for Lamp_ctrl
    ir_zero_cross.o(i.IR_task) refers to main.o(i.Remote_Lamp_EN) for Remote_Lamp_EN
    ir_zero_cross.o(i.IR_task) refers to led_process.o(i.LED_task) for LED_task
    ir_zero_cross.o(i.IR_task) refers to stm32f1xx_hal.o(i.HAL_GetTick) for HAL_GetTick
    ir_zero_cross.o(i.IR_task) refers to ir_zero_cross.o(.data) for IR_CMD
[...]
    USBD_SetFeature                          0x08007ab9   Thumb Code    24  usbd_ctlreq.o(i.USBD_SetFeature)
    i.USBD_Start                             0x08007ad0   Section        0  usbd_core.o(i.USBD_Start)
    i.USBD_StdDevReq                         0x08007ade   Section        0  usbd_ctlreq.o(i.USBD_StdDevReq)
    i.USBD_StdEPReq                          0x08007b80   Section        0  usbd_ctlreq.o(i.USBD_StdEPReq)
    i.USBD_StdItfReq                         0x08007db8   Section        0  usbd_ctlreq.o(i.USBD_StdItfReq)
    i.USBD_static_free                       0x08007e36   Section        0  usbd_conf.o(i.USBD_static_free)
    i.USBD_static_malloc                     0x08007e38   Section        0  usbd_conf.o(i.USBD_static_malloc)
    i.USB_ActivateEndpoint                   0x08007e44   Section        0  stm32f1xx_ll_usb.o(i.USB_ActivateEndpoint)
    i.USB_CoreInit                           0x080082f4   Section        0  stm32f1xx_ll_usb.o(i.USB_CoreInit)
    i.USB_DeactivateEndpoint                 0x080082fc   Section        0  stm32f1xx_ll_usb.o(i.USB_DeactivateEndpoint)
    i.USB_DevConnect                         0x08008578   Section        0  stm32f1xx_ll_usb.o(i.USB_DevConnect)
    i.USB_DevDisconnect                      0x0800857e   Section        0  stm32f1xx_ll_usb.o(i.USB_DevDisconnect)
    i.USB_DevInit                            0x08008584   Section        0  stm32f1xx_ll_usb.o(i.USB_DevInit)
    i.USB_DisableGlobalInt                   0x0800859a   Section        0  stm32f1xx_ll_usb.o(i.USB_DisableGlobalInt)
    i.USB_EP0_OutStart                       0x080085ae   Section        0  stm32f1xx_ll_usb.o(i.USB_EP0_OutStart)
    i.USB_EPClearStall                       0x080085b4   Section        0  stm32f1xx_ll_usb.o(i.USB_EPClearStall)
    i.USB_EPSetStall                         0x0800868e   Section        0  stm32f1xx_ll_usb.o(i.USB_EPSetStall)
    i.USB_EPStartXfer                        0x080086ea   Section        0  stm32f1xx_ll_usb.o(i.USB_EPStartXfer)
    i.USB_EnableGlobalInt                    0x0800913a   Section        0  stm32f1xx_ll_usb.o(i.USB_EnableGlobalInt)
    i.USB_HP_CAN1_TX_IRQHandler              0x0800914c   Section        0  stm32f1xx_it.o(i.USB_HP_CAN1_TX_IRQHandler)
    i.USB_Init                               0x0800915c   Section        0  main.o(i.USB_Init)
    i.USB_LP_CAN1_RX0_IRQHandler             0x080091bc   Section        0  stm32f1xx_it.o(i.USB_LP_CAN1_RX0_IRQHandler)
    i.USB_ReadInterrupts                     0x080091cc   Section        0  stm32f1xx_ll_usb.o(i.USB_ReadInterrupts)
    i.USB_ReadPMA                            0x080091d4   Section        0  stm32f1xx_ll_usb.o(i.USB_ReadPMA)
    i.USB_SetCurrentMode                     0x0800921e   Section        0  stm32f1xx_ll_usb.o(i.USB_SetCurrentMode)
    i.USB_SetDevAddress                      0x08009224   Section        0  stm32f1xx_ll_usb.o(i.USB_SetDevAddress)
    i.USB_WritePMA                           0x08009232   Section        0  stm32f1xx_ll_usb.o(i.USB_WritePMA)
    i.UsageFault_Handler                     0x08009272   Section        0  stm32f1xx_it.o(i.UsageFault_Handler)
    i.Zero_Cross_Task                        0x08009278   Section        0  ir_zero_cross.o(i.Zero_Cross_Task)
    i.__NVIC_GetPriorityGrouping             0x08009338   Section        0  stm32f1xx_hal_cortex.o(i.__NVIC_GetPriorityGrouping)
    __NVIC_GetPriorityGrouping               0x08009339   Thumb Code    10  stm32f1xx_hal_cortex.o(i.__NVIC_GetPriorityGrouping)
    i.__NVIC_SetPriority                     0x08009348   Section        0  stm32f1xx_hal_cortex.o(i.__NVIC_SetPriority)
    __NVIC_SetPriority                       0x08009349   Thumb Code    32  stm32f1xx_hal_cortex.o(i.__NVIC_SetPriority)
    i.__NVIC_SystemReset                     0x08009370   Section        0  ir_zero_cross.o(i.__NVIC_SystemReset)
    __NVIC_SystemReset                       0x08009371   Thumb Code    56  ir_zero_cross.o(i.__NVIC_SystemReset)
    i.__scatterload_copy                     0x080093b0   Section       14  handlers.o(i.__scatterload_copy)
    i.__scatterload_null                     0x080093be   Section        2  handlers.o(i.__scatterload_null)
    i.__scatterload_zeroinit                 0x080093c0   Section       14  handlers.o(i.__scatterload_zeroinit)
    i.main                                   0x080093d0   Section        0  main.o(i.main)
    i.time_delta                             0x08009a20   Section        0  main.o(i.time_delta)
    .constdata                               0x08009a50   Section       18  stm32f1xx_hal_rcc.o(.constdata)
    aPLLMULFactorTable                       0x08009a50   Data          16  stm32f1xx_hal_rcc.o(.constdata)
    aPredivFactorTable                       0x08009a60   Data           2  stm32f1xx_hal_rcc.o(.constdata)
    .constdata                               0x08009a62   Section       18  stm32f1xx_hal_rcc_ex.o(.constdata)
    aPLLMULFactorTable                       0x08009a62   Data          16  stm32f1xx_hal_rcc_ex.o(.constdata)
    aPredivFactorTable                       0x08009a72   Data           2  stm32f1xx_hal_rcc_ex.o(.constdata)
    .constdata                               0x08009a74   Section       24  system_stm32f1xx.o(.constdata)
    .data                                    0x20000000   Section      140  led_process.o(.data)
    .data                                    0x2000008c   Section       80  ir_zero_cross.o(.data)
    Duty_temp                                0x200000d8   Data           4  ir_zero_cross.o(.data)
    .data                                    0x200000dc   Section       28  charge.o(.data)
    .data                                    0x200000f8   Section      132  main.o(.data)
    .data                                    0x2000017c   Section       78  usbd_desc.o(.data)
    .data                                    0x200001ca   Section       16  usbd_cdc_if.o(.data)
    .data                                    0x200001dc   Section        9  stm32f1xx_hal.o(.data)
    .data                                    0x200001e8   Section        4  system_stm32f1xx.o(.data)
    .data                                    0x200001ec   Section        1  usbd_ctlreq.o(.data)
    cfgidx                                   0x200001ec   Data           1  usbd_ctlreq.o(.data)
    .data                                    0x200001f0   Section      271  usbd_cdc.o(.data)
    USBD_CDC_DeviceQualifierDesc             0x200001f0   Data          10  usbd_cdc.o(.data)
    .bss                                     0x20000300   Section       24  adc.o(.bss)
    .bss                                     0x20000318   Section      588  main.o(.bss)
    .bss                                     0x20000564   Section      699  usb_device.o(.bss)
    .bss                                     0x20000820   Section      512  usbd_desc.o(.bss)
    .bss                                     0x20000a20   Section     2112  usbd_cdc_if.o(.bss)
    .bss                                     0x20001260   Section     1268  usbd_conf.o(.bss)
    mem                                      0x20001538   Data         540  usbd_conf.o(.bss)
    .bss                                     0x20001758   Section       32  stm32f1xx_hal_flash.o(.bss)
    STACK                                    0x20001778   Section     1024  startup_stm32f103xb.o(STACK)

    Global Symbols

    Symbol Name                              Value     Ov Type        Size  Object(Section)

    BuildAttributes$$THM_ISAv4$P$D$K$B$S$PE$A:L22UL41UL21$X:L11$S22US41US21$IEEE1$IW$USESV6$~STKCKD$USESV7$~SHL$OTIME$ROPI$EBA8$MICROLIB$REQ8$PRES8$EABIv2 0x00000000   Number         0  anon$$obj.o ABSOLUTE
    __ARM_use_no_argv                        0x00000000   Number         0  main.o ABSOLUTE
    __arm_fini_                               - Undefined Weak Reference
    __cpp_initialize__aeabi_                  - Undefined Weak Reference
    __cxa_finalize                            - Undefined Weak Reference
    _clock_init                               - Undefined Weak Reference
    _microlib_exit                            - Undefined Weak Reference
    __Vectors_Size                           0x000000ec   Number         0  startup_stm32f103xb.o ABSOLUTE
    __Vectors                                0x08000000   Data           4  startup_stm32f103xb.o(RESET)
    __Vectors_End                            0x080000ec   Data           0  startup_stm32f103xb.o(RESET)
    __main                                   0x080000ed   Thumb Code     0  entry.o(.ARM.Collect$$$$00000000)
    _main_stk                                0x080000ed   Thumb Code     0  entry2.o(.ARM.Collect$$$$00000001)
    _main_scatterload                        0x080000f1   Thumb Code     0  entry5.o(.ARM.Collect$$$$00000004)
    __main_after_scatterload                 0x080000f5   Thumb Code     0  entry5.o(.ARM.Collect$$$$00000004)
    _main_clock                              0x080000f5   Thumb Code     0  entry7b.o(.ARM.Collect$$$$00000008)
    _main_cpp_init                           0x080000f5   Thumb Code     0  entry8b.o(.ARM.Collect$$$$0000000A)
    _main_init                               0x080000f5   Thumb Code     0  entry9a.o(.ARM.Collect$$$$0000000B)
    __rt_lib_shutdown_fini                   0x080000fd   Thumb Code     0  entry12b.o(.ARM.Collect$$$$0000000E)
    __rt_final_cpp                           0x08000101   Thumb Code     0  entry10a.o(.ARM.Collect$$$$0000000F)
    __rt_final_exit                          0x08000101   Thumb Code     0  entry11a.o(.ARM.Collect$$$$00000011)
    Reset_Handler                            0x08000105   Thumb Code     8  startup_stm32f103xb.o(.text)
    ADC1_2_IRQHandler                        0x0800011f   Thumb Code     0  startup_stm32f103xb.o(.text)
    CAN1_RX1_IRQHandler                      0x0800011f   Thumb Code     0  startup_stm32f103xb.o(.text)
    CAN1_SCE_IRQHandler                      0x0800011f   Thumb Code     0  startup_stm32f103xb.o(.text)
    DMA1_Channel1_IRQHandler                 0x0800011f   Thumb Code     0  startup_stm32f103xb.o(.text)
    DMA1_Channel2_IRQHandler                 0x0800011f   Thumb Code     0  startup_stm32f103xb.o(.text)
    DMA1_Channel3_IRQHandler                 0x0800011f   Thumb Code     0  startup_stm32f103xb.o(.text)
    DMA1_Channel4_IRQHandler                 0x0800011f   Thumb Code     0  startup_stm32f103xb.o(.text)
    DMA1_Channel5_IRQHandler                 0x0800011f   Thumb Code     0  startup_stm32f103xb.o(.text)
    DMA1_Channel6_IRQHandler                 0x0800011f   Thumb Code     0  startup_stm32f103xb.o(.text)
    DMA1_Channel7_IRQHandler                 0x0800011f   Thumb Code     0  startup_stm32f103xb.o(.text)
    EXTI0_IRQHandler                         0x0800011f   Thumb Code     0  startup_stm32f103xb.o(.text)
    EXTI15_10_IRQHandler                     0x0800011f   Thumb Code     0  startup_stm32f103xb.o(.text)
    EXTI1_IRQHandler                         0x0800011f   Thumb Code     0  startup_stm32f103xb.o(.text)
    EXTI2_IRQHandler                         0x0800011f   Thumb Code     0  startup_stm32f103xb.o(.text)
    EXTI4_IRQHandler                         0x0800011f   Thumb Code     0  startup_stm32f103xb.o(.text)
    FLASH_IRQHandler                         0x0800011f   Thumb Code     0  startup_stm32f103xb.o(.text)
    I2C1_ER_IRQHandler                       0x0800011f   Thumb Code     0  startup_stm32f103xb.o(.text)
    I2C1_EV_IRQHandler                       0x0800011f   Thumb Code     0  startup_stm32f103xb.o(.text)
    I2C2_ER_IRQHandler                       0x0800011f   Thumb Code     0  startup_stm32f103xb.o(.text)
    I2C2_EV_IRQHandler                       0x0800011f   Thumb Code     0  startup_stm32f103xb.o(.text)
    PVD_IRQHandler                           0x0800011f   Thumb Code     0  startup_stm32f103xb.o(.text)
    RCC_IRQHandler                           0x0800011f   Thumb Code     0  startup_stm32f103xb.o(.text)
    RTC_Alarm_IRQHandler                     0x0800011f   Thumb Code     0  startup_stm32f103xb.o(.text)
    RTC_IRQHandler                           0x0800011f   Thumb Code     0  startup_stm32f103xb.o(.text)
    SPI1_IRQHandler                          0x0800011f   Thumb Code     0  startup_stm32f103xb.o(.text)
    SPI2_IRQHandler                          0x0800011f   Thumb Code     0  startup_stm32f103xb.o(.text)
    TAMPER_IRQHandler                        0x0800011f   Thumb Code     0  startup_stm32f103xb.o(.text)
    TIM1_BRK_IRQHandler                      0x0800011f   Thumb Code     0  startup_stm32f103xb.o(.text)
    TIM1_CC_IRQHandler                       0x0800011f   Thumb Code     0  startup_stm32f103xb.o(.text)
    TIM1_TRG_COM_IRQHandler                  0x0800011f   Thumb Code     0  startup_stm32f103xb.o(.text)
    TIM1_UP_IRQHandler                       0x0800011f   Thumb Code     0  startup_stm32f103xb.o(.text)
    TIM4_IRQHandler                          0x0800011f   Thumb Code     0  startup_stm32f103xb.o(.text)
    USART1_IRQHandler                        0x0800011f   Thumb Code     0  startup_stm32f103xb.o(.text)
    USART2_IRQHandler                        0x0800011f   Thumb Code     0  startup_stm32f103xb.o(.text)
    USART3_IRQHandler                        0x0800011f   Thumb Code     0  startup_stm32f103xb.o(.text)
    USBWakeUp_IRQHandler                     0x0800011f   Thumb Code     0  startup_stm32f103xb.o(.text)
    WWDG_IRQHandler                          0x0800011f   Thumb Code     0  startup_stm32f103xb.o(.text)
    __aeabi_llsr                             0x08000129   Thumb Code    32  llushr.o(.text)
    _ll_ushift_r                             0x08000129   Thumb Code     0  llushr.o(.text)
    __aeabi_memcpy                           0x08000149   Thumb Code    36  memcpya.o(.text)
    __aeabi_memcpy4                          0x08000149   Thumb Code     0  memcpya.o(.text)
    __aeabi_memcpy8                          0x08000149   Thumb Code     0  memcpya.o(.text)
    __aeabi_memset                           0x0800016d   Thumb Code    14  memseta.o(.text)
    __aeabi_memset4                          0x0800016d   Thumb Code     0  memseta.o(.text)
    __aeabi_memset8                          0x0800016d   Thumb Code     0  memseta.o(.text)
    __aeabi_memclr                           0x0800017b   Thumb Code     4  memseta.o(.text)
    __aeabi_memclr4                          0x0800017b   Thumb Code     0  memseta.o(.text)
    __aeabi_memclr8                          0x0800017b   Thumb Code     0  memseta.o(.text)
    _memset$wrapper                          0x0800017f   Thumb Code    18  memseta.o(.text)
    __aeabi_fmul                             0x08000191   Thumb Code   100  fmul.o(.text)
    __aeabi_fdiv                             0x080001f5   Thumb Code   124  fdiv.o(.text)
    __aeabi_ui2f                             0x08000271   Thumb Code    10  ffltui.o(.text)
    __aeabi_f2d                              0x0800027b   Thumb Code    38  f2d.o(.text)
    __aeabi_cdcmpeq                          0x080002a1   Thumb Code     0  cdcmple.o(.text)
    __aeabi_cdcmple                          0x080002a1   Thumb Code    48  cdcmple.o(.text)
    __aeabi_cdrcmple                         0x080002d1   Thumb Code    48  cdrcmple.o(.text)
    __aeabi_cfcmpeq                          0x08000301   Thumb Code     0  cfcmple.o(.text)
    __aeabi_cfcmple                          0x08000301   Thumb Code    20  cfcmple.o(.text)
    __aeabi_cfrcmple                         0x08000315   Thumb Code    20  cfrcmple.o(.text)
    __I$use$fp                               0x08000329   Thumb Code     0  iusefp.o(.text)
    _float_round                             0x08000329   Thumb Code    18  fepilogue.o(.text)
    _float_epilogue                          0x0800033b   Thumb Code    92  fepilogue.o(.text)
    __scatterload                            0x08000399   Thumb Code    28  init.o(.text)
    __scatterload_rt2                        0x08000399   Thumb Code     0  init.o(.text)
    __decompress                             0x080003bd   Thumb Code     0  __dczerorl2.o(.text)
    __decompress1                            0x080003bd   Thumb Code    86  __dczerorl2.o(.text)
    ADC_BATT_CHR_ACQ                         0x08000415   Thumb Code   254  charge.o(i.ADC_BATT_CHR_ACQ)
    ADC_ConversionStop_Disable               0x08000525   Thumb Code    92  stm32f1xx_hal_adc.o(i.ADC_ConversionStop_Disable)
    ADC_DMAConvCplt                          0x08000581   Thumb Code    82  stm32f1xx_hal_adc.o(i.ADC_DMAConvCplt)
    ADC_DMAError                             0x080005d3   Thumb Code    30  stm32f1xx_hal_adc.o(i.ADC_DMAError)
    ADC_DMAHalfConvCplt                      0x080005f1   Thumb Code    14  stm32f1xx_hal_adc.o(i.ADC_DMAHalfConvCplt)
    ADC_Enable                               0x08000601   Thumb Code   134  stm32f1xx_hal_adc.o(i.ADC_Enable)
    BATT_TEMP_task                           0x08000691   Thumb Code   256  adc.o(i.BATT_TEMP_task)
    BusFault_Handler                         0x08000799   Thumb Code     4  stm32f1xx_it.o(i.BusFault_Handler)
    Button_task                              0x0800079d   Thumb Code   482  main.o(i.Button_task)
    CHARGE_task                              0x08000a35   Thumb Code   886  charge.o(i.CHARGE_task)
    Charger_Init                             0x08000ddd   Thumb Code    48  main.o(i.Charger_Init)
    DebugMon_Handler                         0x08000e41   Thumb Code     2  stm32f1xx_it.o(i.DebugMon_Handler)
    EXTI3_IRQHandler                         0x08000e43   Thumb Code    10  stm32f1xx_it.o(i.EXTI3_IRQHandler)
    EXTI9_5_IRQHandler                       0x08000e4d   Thumb Code    10  stm32f1xx_it.o(i.EXTI9_5_IRQHandler)
    ElapsedTimer                             0x08000e57   Thumb Code    28  charge.o(i.ElapsedTimer)
    ElapsedTimer_ADC                         0x08000e73   Thumb Code    28  main.o(i.ElapsedTimer_ADC)
    ElapsedTimer_TimeDelay                   0x08000e8f   Thumb Code    22  main.o(i.ElapsedTimer_TimeDelay)
    Error_Handler                            0x08000ea5   Thumb Code     6  main.o(i.Error_Handler)
    FLASH_PageErase                          0x08000ed5   Thumb Code    32  stm32f1xx_hal_flash_ex.o(i.FLASH_PageErase)
    FLASH_WaitForLastOperation               0x08000fa1   Thumb Code   106  stm32f1xx_hal_flash.o(i.FLASH_WaitForLastOperation)
    Flash_Erase                              0x08001011   Thumb Code    40  flash_eeprom.o(i.Flash_Erase)
    Flash_write                              0x0800103d   Thumb Code    46  flash_eeprom.o(i.Flash_write)
    HAL_ADCEx_Calibration_Start              0x080010a9   Thumb Code   278  stm32f1xx_hal_adc_ex.o(i.HAL_ADCEx_Calibration_Start)
    HAL_ADC_ConfigChannel                    0x080011c5   Thumb Code   338  stm32f1xx_hal_adc.o(i.HAL_ADC_ConfigChannel)
    HAL_ADC_ConvCpltCallback                 0x08001325   Thumb Code     2  stm32f1xx_hal_adc.o(i.HAL_ADC_ConvCpltCallback)
    HAL_ADC_ConvHalfCpltCallback             0x08001327   Thumb Code     2  stm32f1xx_hal_adc.o(i.HAL_ADC_ConvHalfCpltCallback)
    HAL_ADC_ErrorCallback                    0x08001329   Thumb Code     2  stm32f1xx_hal_adc.o(i.HAL_ADC_ErrorCallback)
    HAL_ADC_Init                             0x0800132d   Thumb Code   314  stm32f1xx_hal_adc.o(i.HAL_ADC_Init)
    HAL_ADC_MspInit                          0x08001471   Thumb Code   194  stm32f1xx_hal_msp.o(i.HAL_ADC_MspInit)
    HAL_ADC_Start_DMA                        0x0800154d   Thumb Code   362  stm32f1xx_hal_adc.o(i.HAL_ADC_Start_DMA)
    HAL_DMA_Init                             0x080016cd   Thumb Code   100  stm32f1xx_hal_dma.o(i.HAL_DMA_Init)
    HAL_DMA_Start_IT                         0x08001735   Thumb Code   156  stm32f1xx_hal_dma.o(i.HAL_DMA_Start_IT)
    HAL_Delay                                0x080017d1   Thumb Code    36  stm32f1xx_hal.o(i.HAL_Delay)
    HAL_FLASHEx_Erase                        0x080017f9   Thumb Code   168  stm32f1xx_hal_flash_ex.o(i.HAL_FLASHEx_Erase)
    HAL_FLASH_Lock                           0x080018a9   Thumb Code    16  stm32f1xx_hal_flash.o(i.HAL_FLASH_Lock)
    HAL_FLASH_Program                        0x080018bd   Thumb Code   168  stm32f1xx_hal_flash.o(i.HAL_FLASH_Program)
    HAL_FLASH_Unlock                         0x0800196d   Thumb Code    36  stm32f1xx_hal_flash.o(i.HAL_FLASH_Unlock)
    HAL_GPIO_EXTI_Callback                   0x0800199d   Thumb Code   566  main.o(i.HAL_GPIO_EXTI_Callback)
    HAL_GPIO_EXTI_IRQHandler                 0x08001bf9   Thumb Code    24  stm32f1xx_hal_gpio.o(i.HAL_GPIO_EXTI_IRQHandler)
    HAL_GPIO_Init                            0x08001c15   Thumb Code   766  stm32f1xx_hal_gpio.o(i.HAL_GPIO_Init)
    HAL_GPIO_ReadPin                         0x08001f35   Thumb Code    16  stm32f1xx_hal_gpio.o(i.HAL_GPIO_ReadPin)
    HAL_GPIO_WritePin                        0x08001f45   Thumb Code    12  stm32f1xx_hal_gpio.o(i.HAL_GPIO_WritePin)
    HAL_GetTick                              0x08001f51   Thumb Code     6  stm32f1xx_hal.o(i.HAL_GetTick)
    HAL_IncTick                              0x08001f5d   Thumb Code    16  stm32f1xx_hal.o(i.HAL_IncTick)
    HAL_Init                                 0x08001f75   Thumb Code    34  stm32f1xx_hal.o(i.HAL_Init)
    HAL_InitTick                             0x08001f9d   Thumb Code    64  stm32f1xx_hal.o(i.HAL_InitTick)
    HAL_MspInit                              0x08001fe9   Thumb Code    76  stm32f1xx_hal_msp.o(i.HAL_MspInit)
    HAL_NVIC_EnableIRQ                       0x0800203d   Thumb Code    32  stm32f1xx_hal_cortex.o(i.HAL_NVIC_EnableIRQ)
    HAL_NVIC_SetPriority                     0x0800205d   Thumb Code   124  stm32f1xx_hal_cortex.o(i.HAL_NVIC_SetPriority)
    HAL_NVIC_SetPriorityGrouping             0x080020d9   Thumb Code    32  stm32f1xx_hal_cortex.o(i.HAL_NVIC_SetPriorityGrouping)
    HAL_PCDEx_PMAConfig                      0x08002101   Thumb Code    68  stm32f1xx_hal_pcd_ex.o(i.HAL_PCDEx_PMAConfig)
    HAL_PCDEx_SetConnectionState             0x08002145   Thumb Code     2  usbd_conf.o(i.HAL_PCDEx_SetConnectionState)
    HAL_PCD_DataInStageCallback              0x08002147   Thumb Code    32  usbd_conf.o(i.HAL_PCD_DataInStageCallback)
    HAL_PCD_DataOutStageCallback             0x08002167   Thumb Code    32  usbd_conf.o(i.HAL_PCD_DataOutStageCallback)
    HAL_PCD_EP_Close                         0x08002187   Thumb Code   106  stm32f1xx_hal_pcd.o(i.HAL_PCD_EP_Close)
    HAL_PCD_EP_ClrStall                      0x080021f1   Thumb Code   124  stm32f1xx_hal_pcd.o(i.HAL_PCD_EP_ClrStall)
    HAL_PCD_EP_GetRxCount                    0x08002903   Thumb Code    22  stm32f1xx_hal_pcd.o(i.HAL_PCD_EP_GetRxCount)
    HAL_PCD_EP_Open                          0x08002919   Thumb Code   132  stm32f1xx_hal_pcd.o(i.HAL_PCD_EP_Open)
    HAL_PCD_EP_Receive                       0x0800299d   Thumb Code    60  stm32f1xx_hal_pcd.o(i.HAL_PCD_EP_Receive)
    HAL_PCD_EP_SetStall                      0x080029d9   Thumb Code   136  stm32f1xx_hal_pcd.o(i.HAL_PCD_EP_SetStall)
    HAL_PCD_EP_Transmit                      0x08002a61   Thumb Code    70  stm32f1xx_hal_pcd.o(i.HAL_PCD_EP_Transmit)
    HAL_PCD_IRQHandler                       0x08002aa7   Thumb Code   460  stm32f1xx_hal_pcd.o(i.HAL_PCD_IRQHandler)
    HAL_PCD_Init                             0x08002c73   Thumb Code   316  stm32f1xx_hal_pcd.o(i.HAL_PCD_Init)
    HAL_PCD_MspInit                          0x08002db1   Thumb Code    74  usbd_conf.o(i.HAL_PCD_MspInit)
    HAL_PCD_ResetCallback                    0x08002e05   Thumb Code    36  usbd_conf.o(i.HAL_PCD_ResetCallback)
    HAL_PCD_ResumeCallback                   0x08002e29   Thumb Code    14  usbd_conf.o(i.HAL_PCD_ResumeCallback)
    HAL_PCD_SOFCallback                      0x08002e37   Thumb Code    14  usbd_conf.o(i.HAL_PCD_SOFCallback)
    HAL_PCD_SetAddress                       0x08002e45   Thumb Code    52  stm32f1xx_hal_pcd.o(i.HAL_PCD_SetAddress)
    HAL_PCD_SetupStageCallback               0x08002e79   Thumb Code    18  usbd_conf.o(i.HAL_PCD_SetupStageCallback)
    HAL_PCD_Start                            0x08002e8b   Thumb Code    60  stm32f1xx_hal_pcd.o(i.HAL_PCD_Start)
    HAL_PCD_SuspendCallback                  0x08002ec9   Thumb Code    30  usbd_conf.o(i.HAL_PCD_SuspendCallback)
    HAL_RCCEx_GetPeriphCLKFreq               0x08002eed   Thumb Code   232  stm32f1xx_hal_rcc_ex.o(i.HAL_RCCEx_GetPeriphCLKFreq)
    HAL_RCCEx_PeriphCLKConfig                0x08002fe9   Thumb Code   290  stm32f1xx_hal_rcc_ex.o(i.HAL_RCCEx_PeriphCLKConfig)
    HAL_RCC_ClockConfig                      0x08003119   Thumb Code   376  stm32f1xx_hal_rcc.o(i.HAL_RCC_ClockConfig)
    HAL_RCC_GetHCLKFreq                      0x080032a5   Thumb Code     6  stm32f1xx_hal_rcc.o(i.HAL_RCC_GetHCLKFreq)
    HAL_RCC_GetPCLK1Freq                     0x080032b1   Thumb Code    22  stm32f1xx_hal_rcc.o(i.HAL_RCC_GetPCLK1Freq)
    HAL_RCC_GetPCLK2Freq                     0x080032d1   Thumb Code    22  stm32f1xx_hal_rcc.o(i.HAL_RCC_GetPCLK2Freq)
    HAL_RCC_GetSysClockFreq                  0x080032f1   Thumb Code    92  stm32f1xx_hal_rcc.o(i.HAL_RCC_GetSysClockFreq)
    HAL_RCC_OscConfig                        0x08003361   Thumb Code  1114  stm32f1xx_hal_rcc.o(i.HAL_RCC_OscConfig)
    HAL_SPI_Init                             0x080037c5   Thumb Code   190  stm32f1xx_hal_spi.o(i.HAL_SPI_Init)
    HAL_SPI_MspInit                          0x08003885   Thumb Code   120  stm32f1xx_hal_msp.o(i.HAL_SPI_MspInit)
    HAL_SYSTICK_Config                       0x08003909   Thumb Code    52  stm32f1xx_hal_cortex.o(i.HAL_SYSTICK_Config)
    HAL_TIMEx_BreakCallback                  0x0800393d   Thumb Code     2  stm32f1xx_hal_tim_ex.o(i.HAL_TIMEx_BreakCallback)
    HAL_TIMEx_CommutCallback                 0x0800393f   Thumb Code     2  stm32f1xx_hal_tim_ex.o(i.HAL_TIMEx_CommutCallback)
    HAL_TIMEx_ConfigBreakDeadTime            0x08003941   Thumb Code   116  stm32f1xx_hal_tim_ex.o(i.HAL_TIMEx_ConfigBreakDeadTime)
    HAL_TIMEx_MasterConfigSynchronization    0x080039b5   Thumb Code   118  stm32f1xx_hal_tim_ex.o(i.HAL_TIMEx_MasterConfigSynchronization)
    HAL_TIMEx_PWMN_Start                     0x08003a39   Thumb Code   182  stm32f1xx_hal_tim_ex.o(i.HAL_TIMEx_PWMN_Start)
    HAL_TIM_Base_Init                        0x08003afd   Thumb Code   102  stm32f1xx_hal_tim.o(i.HAL_TIM_Base_Init)
    HAL_TIM_Base_MspInit                     0x08003b65   Thumb Code   336  stm32f1xx_hal_msp.o(i.HAL_TIM_Base_MspInit)
    HAL_TIM_Base_Start_IT                    0x08003cd1   Thumb Code   106  stm32f1xx_hal_tim.o(i.HAL_TIM_Base_Start_IT)
    HAL_TIM_ConfigClockSource                0x08003d49   Thumb Code   268  stm32f1xx_hal_tim.o(i.HAL_TIM_ConfigClockSource)
    HAL_TIM_IC_CaptureCallback               0x08003e55   Thumb Code   574  ir_zero_cross.o(i.HAL_TIM_IC_CaptureCallback)
    HAL_TIM_IC_ConfigChannel                 0x080040fd   Thumb Code   222  stm32f1xx_hal_tim.o(i.HAL_TIM_IC_ConfigChannel)
    HAL_TIM_IC_Init                          0x080041db   Thumb Code   102  stm32f1xx_hal_tim.o(i.HAL_TIM_IC_Init)
    HAL_TIM_IC_MspInit                       0x08004241   Thumb Code     2  stm32f1xx_hal_tim.o(i.HAL_TIM_IC_MspInit)
    HAL_TIM_IC_Start_IT                      0x08004245   Thumb Code   340  stm32f1xx_hal_tim.o(i.HAL_TIM_IC_Start_IT)
    HAL_TIM_IRQHandler                       0x080043a5   Thumb Code   364  stm32f1xx_hal_tim.o(i.HAL_TIM_IRQHandler)
    HAL_TIM_MspPostInit                      0x08004511   Thumb Code   134  stm32f1xx_hal_msp.o(i.HAL_TIM_MspPostInit)
    HAL_TIM_OC_DelayElapsedCallback          0x080045a9   Thumb Code     2  stm32f1xx_hal_tim.o(i.HAL_TIM_OC_DelayElapsedCallback)
    HAL_TIM_PWM_ConfigChannel                0x080045ab   Thumb Code   260  stm32f1xx_hal_tim.o(i.HAL_TIM_PWM_ConfigChannel)
    HAL_TIM_PWM_Init                         0x080046af   Thumb Code   102  stm32f1xx_hal_tim.o(i.HAL_TIM_PWM_Init)
    HAL_TIM_PWM_MspInit                      0x08004715   Thumb Code     2  stm32f1xx_hal_tim.o(i.HAL_TIM_PWM_MspInit)
    HAL_TIM_PWM_PulseFinishedCallback        0x08004717   Thumb Code     2  stm32f1xx_hal_tim.o(i.HAL_TIM_PWM_PulseFinishedCallback)
    HAL_TIM_PWM_Start                        0x08004719   Thumb Code   198  stm32f1xx_hal_tim.o(i.HAL_TIM_PWM_Start)
    HAL_TIM_PeriodElapsedCallback            0x080047ed   Thumb Code   102  ir_zero_cross.o(i.HAL_TIM_PeriodElapsedCallback)
    HAL_TIM_ReadCapturedValue                0x08004879   Thumb Code    50  stm32f1xx_hal_tim.o(i.HAL_TIM_ReadCapturedValue)
    HAL_TIM_TriggerCallback                  0x080048ab   Thumb Code     2  stm32f1xx_hal_tim.o(i.HAL_TIM_TriggerCallback)
    HAL_UART_Init                            0x080048ad   Thumb Code   118  stm32f1xx_hal_uart.o(i.HAL_UART_Init)
    HAL_UART_MspInit                         0x08004925   Thumb Code   122  stm32f1xx_hal_msp.o(i.HAL_UART_MspInit)
    HEATER_task                              0x080049ad   Thumb Code   472  main.o(i.HEATER_task)
    HardFault_Handler                        0x08004ba1   Thumb Code     4  stm32f1xx_it.o(i.HardFault_Handler)
    IR_task                                  0x08004ba5   Thumb Code  1436  ir_zero_cross.o(i.IR_task)
    LAMP_Init                                0x0800519d   Thumb Code   236  main.o(i.LAMP_Init)
    LED_Driver                               0x0800529d   Thumb Code   300  led_process.o(i.LED_Driver)
    LED_Init                                 0x08005401   Thumb Code   400  led_process.o(i.LED_Init)
    LED_task                                 0x080055d5   Thumb Code   360  led_process.o(i.LED_task)
    Lamp_Diming                              0x08005741   Thumb Code    96  main.o(i.Lamp_Diming)
    Lamp_ctrl                                0x080057b9   Thumb Code   150  main.o(i.Lamp_ctrl)
    MX_USB_DEVICE_Init                       0x08005e61   Thumb Code    60  usb_device.o(i.MX_USB_DEVICE_Init)
    MemManage_Handler                        0x08005ead   Thumb Code     4  stm32f1xx_it.o(i.MemManage_Handler)
    NMI_Handler                              0x08005eb1   Thumb Code     4  stm32f1xx_it.o(i.NMI_Handler)
    PendSV_Handler                           0x080063a1   Thumb Code     2  stm32f1xx_it.o(i.PendSV_Handler)
    Remote_Lamp_EN                           0x080063cd   Thumb Code    54  main.o(i.Remote_Lamp_EN)
    SVC_Handler                              0x08006409   Thumb Code     2  stm32f1xx_it.o(i.SVC_Handler)
    Scheduler_task                           0x0800640d   Thumb Code   202  main.o(i.Scheduler_task)
    SysTick_Handler                          0x08006501   Thumb Code   122  stm32f1xx_it.o(i.SysTick_Handler)
    SystemClock_Config                       0x08006591   Thumb Code   138  main.o(i.SystemClock_Config)
    SystemInit                               0x0800661b   Thumb Code     2  system_stm32f1xx.o(i.SystemInit)
    TIM2_IRQHandler                          0x0800661d   Thumb Code    10  stm32f1xx_it.o(i.TIM2_IRQHandler)
    TIM3_IRQHandler                          0x0800662d   Thumb Code    10  stm32f1xx_it.o(i.TIM3_IRQHandler)
    TIM_Base_SetConfig                       0x0800663d   Thumb Code   120  stm32f1xx_hal_tim.o(i.TIM_Base_SetConfig)
    TIM_CCxChannelCmd                        0x080066c1   Thumb Code    34  stm32f1xx_hal_tim.o(i.TIM_CCxChannelCmd)
    TIM_ETR_SetConfig                        0x08006705   Thumb Code    22  stm32f1xx_hal_tim.o(i.TIM_ETR_SetConfig)
    TIM_OC2_SetConfig                        0x0800678d   Thumb Code   100  stm32f1xx_hal_tim.o(i.TIM_OC2_SetConfig)
    TIM_TI1_SetConfig                        0x080068cd   Thumb Code    90  stm32f1xx_hal_tim.o(i.TIM_TI1_SetConfig)
    USBD_CDC_GetDeviceQualifierDescriptor    0x08006c3d   Thumb Code    10  usbd_cdc.o(i.USBD_CDC_GetDeviceQualifierDescriptor)
    USBD_CDC_ReceivePacket                   0x08006d3b   Thumb Code    58  usbd_cdc.o(i.USBD_CDC_ReceivePacket)
    USBD_CDC_RegisterInterface               0x08006d75   Thumb Code    14  usbd_cdc.o(i.USBD_CDC_RegisterInterface)
    USBD_CDC_SetRxBuffer                     0x08006d83   Thumb Code    14  usbd_cdc.o(i.USBD_CDC_SetRxBuffer)
    USBD_CDC_SetTxBuffer                     0x08006d91   Thumb Code    20  usbd_cdc.o(i.USBD_CDC_SetTxBuffer)
    USBD_ClrClassConfig                      0x08006e99   Thumb Code    22  usbd_core.o(i.USBD_ClrClassConfig)
    USBD_CtlContinueRx                       0x08006eed   Thumb Code    24  usbd_ioreq.o(i.USBD_CtlContinueRx)
    USBD_CtlContinueSendData                 0x08006f05   Thumb Code    24  usbd_ioreq.o(i.USBD_CtlContinueSendData)
    USBD_CtlError                            0x08006f1d   Thumb Code    24  usbd_ctlreq.o(i.USBD_CtlError)
    USBD_CtlPrepareRx                        0x08006f35   Thumb Code    38  usbd_ioreq.o(i.USBD_CtlPrepareRx)
    USBD_CtlReceiveStatus                    0x08006f5b   Thumb Code    26  usbd_ioreq.o(i.USBD_CtlReceiveStatus)
    USBD_CtlSendData                         0x08006f75   Thumb Code    38  usbd_ioreq.o(i.USBD_CtlSendData)
    USBD_CtlSendStatus                       0x08006f9b   Thumb Code    26  usbd_ioreq.o(i.USBD_CtlSendStatus)
    USBD_FS_ConfigStrDescriptor              0x08006fb5   Thumb Code    34  usbd_desc.o(i.USBD_FS_ConfigStrDescriptor)
    USBD_FS_DeviceDescriptor                 0x08006fe9   Thumb Code    10  usbd_desc.o(i.USBD_FS_DeviceDescriptor)
    USBD_FS_InterfaceStrDescriptor           0x08006ff9   Thumb Code    34  usbd_desc.o(i.USBD_FS_InterfaceStrDescriptor)
    USBD_FS_LangIDStrDescriptor              0x08007031   Thumb Code    10  usbd_desc.o(i.USBD_FS_LangIDStrDescriptor)
    USBD_FS_ManufacturerStrDescriptor        0x08007041   Thumb Code    20  usbd_desc.o(i.USBD_FS_ManufacturerStrDescriptor)
    USBD_FS_ProductStrDescriptor             0x0800706d   Thumb Code    34  usbd_desc.o(i.USBD_FS_ProductStrDescriptor)
    USBD_FS_SerialStrDescriptor              0x080070ad   Thumb Code    18  usbd_desc.o(i.USBD_FS_SerialStrDescriptor)
    USBD_GetString                           0x08007383   Thumb Code    82  usbd_ctlreq.o(i.USBD_GetString)
    USBD_Init                                0x08007401   Thumb Code    50  usbd_core.o(i.USBD_Init)
    USBD_LL_ClearStallEP                     0x08007433   Thumb Code    38  usbd_conf.o(i.USBD_LL_ClearStallEP)
    USBD_LL_CloseEP                          0x08007459   Thumb Code    38  usbd_conf.o(i.USBD_LL_CloseEP)
    USBD_LL_DataInStage                      0x0800747f   Thumb Code   256  usbd_core.o(i.USBD_LL_DataInStage)
    USBD_LL_DataOutStage                     0x0800757f   Thumb Code   166  usbd_core.o(i.USBD_LL_DataOutStage)
    USBD_LL_GetRxDataSize                    0x08007625   Thumb Code    18  usbd_conf.o(i.USBD_LL_GetRxDataSize)
    USBD_LL_Init                             0x08007639   Thumb Code   124  usbd_conf.o(i.USBD_LL_Init)
    USBD_LL_IsStallEP                        0x080076bd   Thumb Code    56  usbd_conf.o(i.USBD_LL_IsStallEP)
    USBD_LL_OpenEP                           0x080076f5   Thumb Code    48  usbd_conf.o(i.USBD_LL_OpenEP)
    USBD_LL_PrepareReceive                   0x08007725   Thumb Code    48  usbd_conf.o(i.USBD_LL_PrepareReceive)
    USBD_LL_Reset                            0x08007755   Thumb Code    94  usbd_core.o(i.USBD_LL_Reset)
    USBD_LL_Resume                           0x080077b3   Thumb Code    22  usbd_core.o(i.USBD_LL_Resume)
    USBD_LL_SOF                              0x080077c9   Thumb Code    34  usbd_core.o(i.USBD_LL_SOF)
    USBD_LL_SetSpeed                         0x080077eb   Thumb Code     8  usbd_core.o(i.USBD_LL_SetSpeed)
    USBD_LL_SetUSBAddress                    0x080077f3   Thumb Code    38  usbd_conf.o(i.USBD_LL_SetUSBAddress)
    USBD_LL_SetupStage                       0x08007819   Thumb Code   108  usbd_core.o(i.USBD_LL_SetupStage)
    USBD_LL_StallEP                          0x08007885   Thumb Code    38  usbd_conf.o(i.USBD_LL_StallEP)
    USBD_LL_Start                            0x080078ab   Thumb Code    30  usbd_conf.o(i.USBD_LL_Start)
    USBD_LL_Suspend                          0x080078c9   Thumb Code    20  usbd_core.o(i.USBD_LL_Suspend)
    USBD_LL_Transmit                         0x080078dd   Thumb Code    48  usbd_conf.o(i.USBD_LL_Transmit)
    USBD_ParseSetupRequest                   0x0800790d   Thumb Code    40  usbd_ctlreq.o(i.USBD_ParseSetupRequest)
    USBD_RegisterClass                       0x08007935   Thumb Code    16  usbd_core.o(i.USBD_RegisterClass)
    USBD_RunTestMode                         0x08007945   Thumb Code     6  usbd_core.o(i.USBD_RunTestMode)
    USBD_SetClassConfig                      0x080079a5   Thumb Code    34  usbd_core.o(i.USBD_SetClassConfig)
    USBD_Start                               0x08007ad1   Thumb Code    14  usbd_core.o(i.USBD_Start)
    USBD_StdDevReq                           0x08007adf   Thumb Code   162  usbd_ctlreq.o(i.USBD_StdDevReq)
    USBD_StdEPReq                            0x08007b81   Thumb Code   568  usbd_ctlreq.o(i.USBD_StdEPReq)
    USBD_StdItfReq                           0x08007db9   Thumb Code   126  usbd_ctlreq.o(i.USBD_StdItfReq)
    USBD_static_free                         0x08007e37   Thumb Code     2  usbd_conf.o(i.USBD_static_free)
    USBD_static_malloc                       0x08007e39   Thumb Code     6  usbd_conf.o(i.USBD_static_malloc)
    USB_ActivateEndpoint                     0x08007e45   Thumb Code  1200  stm32f1xx_ll_usb.o(i.USB_ActivateEndpoint)
    USB_CoreInit                             0x080082f5   Thumb Code     8  stm32f1xx_ll_usb.o(i.USB_CoreInit)
    USB_DeactivateEndpoint                   0x080082fd   Thumb Code   636  stm32f1xx_ll_usb.o(i.USB_DeactivateEndpoint)
    USB_DevConnect                           0x08008579   Thumb Code     6  stm32f1xx_ll_usb.o(i.USB_DevConnect)
    USB_DevDisconnect                        0x0800857f   Thumb Code     6  stm32f1xx_ll_usb.o(i.USB_DevDisconnect)
    USB_DevInit                              0x08008585   Thumb Code    22  stm32f1xx_ll_usb.o(i.USB_DevInit)
    USB_DisableGlobalInt                     0x0800859b   Thumb Code    20  stm32f1xx_ll_usb.o(i.USB_DisableGlobalInt)
    USB_EP0_OutStart                         0x080085af   Thumb Code     6  stm32f1xx_ll_usb.o(i.USB_EP0_OutStart)
    USB_EPClearStall                         0x080085b5   Thumb Code   218  stm32f1xx_ll_usb.o(i.USB_EPClearStall)
    USB_EPSetStall                           0x0800868f   Thumb Code    92  stm32f1xx_ll_usb.o(i.USB_EPSetStall)
    USB_EPStartXfer                          0x080086eb   Thumb Code  2640  stm32f1xx_ll_usb.o(i.USB_EPStartXfer)
    USB_EnableGlobalInt                      0x0800913b   Thumb Code    18  stm32f1xx_ll_usb.o(i.USB_EnableGlobalInt)
    USB_HP_CAN1_TX_IRQHandler                0x0800914d   Thumb Code    10  stm32f1xx_it.o(i.USB_HP_CAN1_TX_IRQHandler)
    USB_Init                                 0x0800915d   Thumb Code    88  main.o(i.USB_Init)
    USB_LP_CAN1_RX0_IRQHandler               0x080091bd   Thumb Code    10  stm32f1xx_it.o(i.USB_LP_CAN1_RX0_IRQHandler)
    USB_ReadInterrupts                       0x080091cd   Thumb Code     8  stm32f1xx_ll_usb.o(i.USB_ReadInterrupts)
    USB_ReadPMA                              0x080091d5   Thumb Code    74  stm32f1xx_ll_usb.o(i.USB_ReadPMA)
    USB_SetCurrentMode                       0x0800921f   Thumb Code     6  stm32f1xx_ll_usb.o(i.USB_SetCurrentMode)
    USB_SetDevAddress                        0x08009225   Thumb Code    14  stm32f1xx_ll_usb.o(i.USB_SetDevAddress)
    USB_WritePMA                             0x08009233   Thumb Code    64  stm32f1xx_ll_usb.o(i.USB_WritePMA)
    UsageFault_Handler                       0x08009273   Thumb Code     4  stm32f1xx_it.o(i.UsageFault_Handler)
    Zero_Cross_Task                          0x08009279   Thumb Code   166  ir_zero_cross.o(i.Zero_Cross_Task)
    __scatterload_copy                       0x080093b1   Thumb Code    14  handlers.o(i.__scatterload_copy)
    __scatterload_null                       0x080093bf   Thumb Code     2  handlers.o(i.__scatterload_null)
    __scatterload_zeroinit                   0x080093c1   Thumb Code    14  handlers.o(i.__scatterload_zeroinit)
    main                                     0x080093d1   Thumb Code  1562  main.o(i.main)
    time_delta                               0x08009a21   Thumb Code    42  main.o(i.time_delta)
    AHBPrescTable                            0x08009a74   Data          16  system_stm32f1xx.o(.constdata)
    APBPrescTable                            0x08009a84   Data           8  system_stm32f1xx.o(.constdata)
    Region$$Table$$Base                      0x08009a8c   Number         0  anon$$obj.o(Region$$Table)
    Region$$Table$$Limit                     0x08009aac   Number         0  anon$$obj.o(Region$$Table)
    LED_timer                                0x20000000   Data           2  led_process.o(.data)
    Display_type                             0x20000002   Data           1  led_process.o(.data)
    LED_Profiles                             0x20000003   Data          96  led_process.o(.data)
    Pointer_Profile_running                  0x20000064   Data           4  led_process.o(.data)
    LED_drive_state                          0x20000068   Data           1  led_process.o(.data)
    Blink_cnt                                0x20000069   Data           1  led_process.o(.data)
    Blink_On_period                          0x2000006a   Data           2  led_process.o(.data)
    Blink_Cycle_period                       0x2000006c   Data           2  led_process.o(.data)
    Blink_Interval_period                    0x2000006e   Data           2  led_process.o(.data)
    Blink_Alt_color                          0x20000070   Data           1  led_process.o(.data)
    LED_Brightness_R                         0x20000072   Data           2  led_process.o(.data)
    LED_Brightness_G                         0x20000074   Data           2  led_process.o(.data)
    LED_Brightness_B                         0x20000076   Data           2  led_process.o(.data)
    Current_Priority                         0x20000078   Data           1  led_process.o(.data)
    Profile_load_Flag                        0x20000079   Data          11  led_process.o(.data)
    Blink_speed                              0x20000084   Data           1  led_process.o(.data)
    Blink_mode                               0x20000085   Data           1  led_process.o(.data)
    Blink_Color_R                            0x20000086   Data           2  led_process.o(.data)
    Blink_Color_G                            0x20000088   Data           2  led_process.o(.data)
    Blink_Color_B                            0x2000008a   Data           2  led_process.o(.data)
    CC1_val                                  0x2000008c   Data           4  ir_zero_cross.o(.data)
    CC1a_val                                 0x20000090   Data           4  ir_zero_cross.o(.data)
    CC1b_val                                 0x20000094   Data           4  ir_zero_cross.o(.data)
    CC2_val                                  0x20000098   Data           4  ir_zero_cross.o(.data)
    CC2a_val                                 0x2000009c   Data           4  ir_zero_cross.o(.data)
    CC2b_val                                 0x200000a0   Data           4  ir_zero_cross.o(.data)
    IR_CC1_val                               0x200000a4   Data           4  ir_zero_cross.o(.data)
    IR_CC2_val                               0x200000a8   Data           4  ir_zero_cross.o(.data)
    Duty_Cycle                               0x200000ac   Data           4  ir_zero_cross.o(.data)
    AC_Freq                                  0x200000b0   Data           4  ir_zero_cross.o(.data)
    Zero_cross_err_cnt                       0x200000b4   Data           1  ir_zero_cross.o(.data)
    time_stamp_start                         0x200000b8   Data           4  ir_zero_cross.o(.data)
    Emergency_ElapsedTime                    0x200000bc   Data           4  ir_zero_cross.o(.data)
    IR_bit_cnt                               0x200000c0   Data           1  ir_zero_cross.o(.data)
    IR_CMD                                   0x200000c2   Data           2  ir_zero_cross.o(.data)
    IR_CMD_Last                              0x200000c4   Data           2  ir_zero_cross.o(.data)
    IR_CMD_Current                           0x200000c6   Data           2  ir_zero_cross.o(.data)
    IR_shift_reg                             0x200000c8   Data           2  ir_zero_cross.o(.data)
    sample_max                               0x200000cc   Data           4  ir_zero_cross.o(.data)
    sample_min                               0x200000d0   Data           4  ir_zero_cross.o(.data)
    AC_Cycle                                 0x200000d4   Data           1  ir_zero_cross.o(.data)
    IR_receiving                             0x200000d5   Data           1  ir_zero_cross.o(.data)
    CHR_Stage                                0x200000dc   Data           1  charge.o(.data)
    Batt_Temperature                         0x200000dd   Data           2  charge.o(.data)
    ADC_batt_reading                         0x200000e0   Data           4  charge.o(.data)
    ADC_charger_reading                      0x200000e4   Data           4  charge.o(.data)
    Charge_rate                              0x200000e8   Data           1  charge.o(.data)
    Charger_StartTime                        0x200000ec   Data           4  charge.o(.data)
    Charger_CurrentTime                      0x200000f0   Data           4  charge.o(.data)
    Charger_ElapsedTime                      0x200000f4   Data           4  charge.o(.data)
    Time_delay_Elapsed                       0x200000f8   Data           4  main.o(.data)
    Time_delay_StartTime                     0x200000fc   Data           4  main.o(.data)
    System_State_Machine                     0x20000100   Data           1  main.o(.data)
    System_time                              0x20000104   Data          12  main.o(.data)
    Short_test_En                            0x20000110   Data           1  main.o(.data)
    Long_test_En                             0x20000111   Data           1  main.o(.data)
    NV_Profile_Default                       0x20000112   Data          24  main.o(.data)
    ChargerTest_VoltRaised                   0x2000012c   Data           4  main.o(.data)
    Charg_Current_Percentage                 0x20000130   Data           1  main.o(.data)
    ADC_StartTime                            0x20000134   Data           4  main.o(.data)
    ADC_CurrentTime                          0x20000138   Data           4  main.o(.data)
    ADC_ElapsedTime                          0x2000013c   Data           4  main.o(.data)
    ADC_Local_lamp_FB_init                   0x20000140   Data           4  main.o(.data)
    ADC_Remote_lamp_FB_init                  0x20000144   Data           4  main.o(.data)
    ADC_Local_lamp_FB_reading                0x20000148   Data           4  main.o(.data)
    ADC_Remote_lamp_FB_reading               0x2000014c   Data           4  main.o(.data)
    Lamp_Diming_level                        0x20000150   Data           1  main.o(.data)
    Lamp_Diming_timer                        0x20000151   Data           1  main.o(.data)
    Lamp_Diming_cnt                          0x20000152   Data           1  main.o(.data)
    Lamp_Diming_startTime                    0x20000154   Data           2  main.o(.data)
    Lamp_Dimng_elapsedTime                   0x20000156   Data           1  main.o(.data)
    Heater_state                             0x20000157   Data           2  main.o(.data)
    TEST_Button                              0x20000159   Data           1  main.o(.data)
    ADC_temp_reading                         0x2000015c   Data           8  main.o(.data)
    Remote_Lamp_Flag                         0x20000164   Data           1  main.o(.data)
    Button_Porgress                          0x20000165   Data           1  main.o(.data)
    Button_Press_StartTime                   0x20000168   Data           4  main.o(.data)
    Button_Press_Duration                    0x2000016c   Data           4  main.o(.data)
    tap_cnt                                  0x20000170   Data           1  main.o(.data)
    hold_registed                            0x20000171   Data           1  main.o(.data)
    temp_time                                0x20000174   Data           4  main.o(.data)
    delta                                    0x20000178   Data           2  main.o(.data)
    time_temp                                0x2000017a   Data           2  main.o(.data)
    FS_Desc                                  0x2000017c   Data          28  usbd_desc.o(.data)
    USBD_FS_DeviceDesc                       0x20000198   Data          18  usbd_desc.o(.data)
    USBD_LangIDDesc                          0x200001ac   Data           4  usbd_desc.o(.data)
    USBD_StringSerial                        0x200001b0   Data          26  usbd_desc.o(.data)
    USBD_Interface_fops_FS                   0x200001ca   Data          16  usbd_cdc_if.o(.data)
    uwTick                                   0x200001dc   Data           4  stm32f1xx_hal.o(.data)
    uwTickPrio                               0x200001e0   Data           4  stm32f1xx_hal.o(.data)
    uwTickFreq                               0x200001e4   Data           1  stm32f1xx_hal.o(.data)
    SystemCoreClock                          0x200001e8   Data           4  system_stm32f1xx.o(.data)
    USBD_CDC                                 0x200001fa   Data          56  usbd_cdc.o(.data)
    USBD_CDC_CfgHSDesc                       0x20000234   Data          67  usbd_cdc.o(.data)
    USBD_CDC_CfgFSDesc                       0x20000278   Data          67  usbd_cdc.o(.data)
    USBD_CDC_OtherSpeedCfgDesc               0x200002bc   Data          67  usbd_cdc.o(.data)
    ADC_DMA_VALUE                            0x20000300   Data          24  adc.o(.bss)
    hadc1                                    0x20000318   Data          48  main.o(.bss)
    hdma_adc1                                0x20000348   Data          68  main.o(.bss)
    hspi1                                    0x2000038c   Data          88  main.o(.bss)
    htim1                                    0x200003e4   Data          72  main.o(.bss)
    htim2                                    0x2000042c   Data          72  main.o(.bss)
    htim3                                    0x20000474   Data          72  main.o(.bss)
    htim4                                    0x200004bc   Data          72  main.o(.bss)
    huart1                                   0x20000504   Data          72  main.o(.bss)
    NV_Profile_Runtime                       0x2000054c   Data          24  main.o(.bss)
    hUsbDeviceFS                             0x20000564   Data         699  usb_device.o(.bss)
    USBD_StrDesc                             0x20000820   Data         512  usbd_desc.o(.bss)
    UserRxBufferFS                           0x20000a20   Data        1024  usbd_cdc_if.o(.bss)
    UserTxBufferFS                           0x20000e20   Data        1024  usbd_cdc_if.o(.bss)
    usbtemp                                  0x20001220   Data          64  usbd_cdc_if.o(.bss)
    hpcd_USB_FS                              0x20001260   Data         728  usbd_conf.o(.bss)
    pFlash                                   0x20001758   Data          32  stm32f1xx_hal_flash.o(.bss)
    __initial_sp                             0x20001b78   Data           0  startup_stm32f103xb.o(STACK)



==============================================================================

Memory Map of the image

  Image Entry point : 0x080000ed

  Load Region LR_IROM1 (Base: 0x08000000, Size: 0x00009dac, Max: 0x00010000, ABSOLUTE, COMPRESSED[0x00009bcc])

    Execution Region ER_IROM1 (Exec base: 0x08000000, Load base: 0x08000000, Size: 0x00009aac, Max: 0x00010000, ABSOLUTE)

    Exec Addr    Load Addr    Size         Type   Attr      Idx    E Section Name        Object

    0x08000000   0x08000000   0x000000ec   Data   RO            3    RESET               startup_stm32f103xb.o
    0x080000ec   0x080000ec   0x00000000   Code   RO         5134  * .ARM.Collect$$$$00000000  mc_w.l(entry.o)
    0x080000ec   0x080000ec   0x00000004   Code   RO         5189    .ARM.Collect$$$$00000001  mc_w.l(entry2.o)
    0x080000f0   0x080000f0   0x00000004   Code   RO         5192    .ARM.Collect$$$$00000004  mc_w.l(entry5.o)
    0x080000f4   0x080000f4   0x00000000   Code   RO         5194    .ARM.Collect$$$$00000008  mc_w.l(entry7b.o)
    0x080000f4   0x080000f4   0x00000000   Code   RO         5196    .ARM.Collect$$$$0000000A  mc_w.l(entry8b.o)
    0x080000f4   0x080000f4   0x00000008   Code   RO         5197    .ARM.Collect$$$$0000000B  mc_w.l(entry9a.o)
    0x080000fc   0x080000fc   0x00000004   Code   RO         5204    .ARM.Collect$$$$0000000E  mc_w.l(entry12b.o)
    0x08000100   0x08000100   0x00000000   Code   RO         5199    .ARM.Collect$$$$0000000F  mc_w.l(entry10a.o)
    0x08000100   0x08000100   0x00000000   Code   RO         5201    .ARM.Collect$$$$00000011  mc_w.l(entry11a.o)
    0x08000100   0x08000100   0x00000004   Code   RO         5190    .ARM.Collect$$$$00002712  mc_w.l(entry2.o)
    0x08000104   0x08000104   0x00000024   Code   RO            4    .text               startup_stm32f103xb.o
    0x08000128   0x08000128   0x00000020   Code   RO         5137    .text               mc_w.l(llushr.o)
    0x08000148   0x08000148   0x00000024   Code   RO         5139    .text               mc_w.l(memcpya.o)
    0x0800016c   0x0800016c   0x00000024   Code   RO         5141    .text               mc_w.l(memseta.o)
    0x08000190   0x08000190   0x00000064   Code   RO         5173    .text               mf_w.l(fmul.o)
    0x080001f4   0x080001f4   0x0000007c   Code   RO         5175    .text               mf_w.l(fdiv.o)
    0x08000270   0x08000270   0x0000000a   Code   RO         5177    .text               mf_w.l(ffltui.o)
    0x0800027a   0x0800027a   0x00000026   Code   RO         5179    .text               mf_w.l(f2d.o)
    0x080002a0   0x080002a0   0x00000030   Code   RO         5181    .text               mf_w.l(cdcmple.o)
    0x080002d0   0x080002d0   0x00000030   Code   RO         5183    .text               mf_w.l(cdrcmple.o)
    0x08000300   0x08000300   0x00000014   Code   RO         5185    .text               mf_w.l(cfcmple.o)
    0x08000314   0x08000314   0x00000014   Code   RO         5187    .text               mf_w.l(cfrcmple.o)
    0x08000328   0x08000328   0x00000000   Code   RO         5212    .text               mc_w.l(iusefp.o)
    0x08000328   0x08000328   0x0000006e   Code   RO         5213    .text               mf_w.l(fepilogue.o)
    0x08000396   0x08000396   0x00000002   PAD
    0x08000398   0x08000398   0x00000024   Code   RO         5223    .text               mc_w.l(init.o)
    0x080003bc   0x080003bc   0x00000056   Code   RO         5241    .text               mc_w.l(__dczerorl2.o)
    0x08000412   0x08000412   0x00000002   PAD
    0x08000414   0x08000414   0x00000110   Code   RO          305    i.ADC_BATT_CHR_ACQ  charge.o
    0x08000524   0x08000524   0x0000005c   Code   RO         2747    i.ADC_ConversionStop_Disable  stm32f1xx_hal_adc.o
    0x08000580   0x08000580   0x00000052   Code   RO         2748    i.ADC_DMAConvCplt   stm32f1xx_hal_adc.o
    0x080005d2   0x080005d2   0x0000001e   Code   RO         2749    i.ADC_DMAError      stm32f1xx_hal_adc.o
    0x080005f0   0x080005f0   0x0000000e   Code   RO         2750    i.ADC_DMAHalfConvCplt  stm32f1xx_hal_adc.o
    0x080005fe   0x080005fe   0x00000002   PAD
    0x08000600   0x08000600   0x00000090   Code   RO         2751    i.ADC_Enable        stm32f1xx_hal_adc.o
    0x08000690   0x08000690   0x00000108   Code   RO          349    i.BATT_TEMP_task    adc.o
    0x08000798   0x08000798   0x00000004   Code   RO          556    i.BusFault_Handler  stm32f1xx_it.o
    0x0800079c   0x0800079c   0x00000210   Code   RO          378    i.Button_task       main.o
    0x080009ac   0x080009ac   0x00000044   Code   RO          865    i.CDC_Control_FS    usbd_cdc_if.o
    0x080009f0   0x080009f0   0x00000004   Code   RO          866    i.CDC_DeInit_FS     usbd_cdc_if.o
    0x080009f4   0x080009f4   0x00000024   Code   RO          867    i.CDC_Init_FS       usbd_cdc_if.o
    0x08000a18   0x08000a18   0x0000001c   Code   RO          868    i.CDC_Receive_FS    usbd_cdc_if.o
    0x08000a34   0x08000a34   0x000003a8   Code   RO          306    i.CHARGE_task       charge.o
    0x08000ddc   0x08000ddc   0x00000038   Code   RO          379    i.Charger_Init      main.o
    0x08000e14   0x08000e14   0x0000002c   Code   RO         2124    i.DMA_SetConfig     stm32f1xx_hal_dma.o
    0x08000e40   0x08000e40   0x00000002   Code   RO          557    i.DebugMon_Handler  stm32f1xx_it.o
    0x08000e42   0x08000e42   0x0000000a   Code   RO          558    i.EXTI3_IRQHandler  stm32f1xx_it.o
    0x08000e4c   0x08000e4c   0x0000000a   Code   RO          559    i.EXTI9_5_IRQHandler  stm32f1xx_it.o
    0x08000e56   0x08000e56   0x0000001c   Code   RO          307    i.ElapsedTimer      charge.o
    0x08000e72   0x08000e72   0x0000001c   Code   RO          380    i.ElapsedTimer_ADC  main.o
    0x08000e8e   0x08000e8e   0x00000016   Code   RO          381    i.ElapsedTimer_TimeDelay  main.o
    0x08000ea4   0x08000ea4   0x00000006   Code   RO          382    i.Error_Handler     main.o
    0x08000eaa   0x08000eaa   0x00000002   PAD
    0x08000eac   0x08000eac   0x00000028   Code   RO         2569    i.FLASH_MassErase   stm32f1xx_hal_flash_ex.o
    0x08000ed4   0x08000ed4   0x00000028   Code   RO         2578    i.FLASH_PageErase   stm32f1xx_hal_flash_ex.o
    0x08000efc   0x08000efc   0x00000020   Code   RO         2466    i.FLASH_Program_HalfWord  stm32f1xx_hal_flash.o
    0x08000f1c   0x08000f1c   0x00000084   Code   RO         2467    i.FLASH_SetErrorCode  stm32f1xx_hal_flash.o
    0x08000fa0   0x08000fa0   0x00000070   Code   RO         2468    i.FLASH_WaitForLastOperation  stm32f1xx_hal_flash.o
    0x08001010   0x08001010   0x0000002c   Code   RO           13    i.Flash_Erase       flash_eeprom.o
    0x0800103c   0x0800103c   0x00000038   Code   RO           15    i.Flash_write       flash_eeprom.o
    0x08001074   0x08001074   0x00000034   Code   RO          775    i.Get_SerialNum     usbd_desc.o
    0x080010a8   0x080010a8   0x0000011c   Code   RO         2927    i.HAL_ADCEx_Calibration_Start  stm32f1xx_hal_adc_ex.o
    0x080011c4   0x080011c4   0x00000160   Code   RO         2753    i.HAL_ADC_ConfigChannel  stm32f1xx_hal_adc.o
    0x08001324   0x08001324   0x00000002   Code   RO         2754    i.HAL_ADC_ConvCpltCallback  stm32f1xx_hal_adc.o
    0x08001326   0x08001326   0x00000002   Code   RO         2755    i.HAL_ADC_ConvHalfCpltCallback  stm32f1xx_hal_adc.o
    0x08001328   0x08001328   0x00000002   Code   RO         2757    i.HAL_ADC_ErrorCallback  stm32f1xx_hal_adc.o
    0x0800132a   0x0800132a   0x00000002   PAD
    0x0800132c   0x0800132c   0x00000144   Code   RO         2762    i.HAL_ADC_Init      stm32f1xx_hal_adc.o
    0x08001470   0x08001470   0x000000dc   Code   RO          666    i.HAL_ADC_MspInit   stm32f1xx_hal_msp.o
    0x0800154c   0x0800154c   0x00000180   Code   RO         2769    i.HAL_ADC_Start_DMA  stm32f1xx_hal_adc.o
    0x080016cc   0x080016cc   0x00000068   Code   RO         2131    i.HAL_DMA_Init      stm32f1xx_hal_dma.o
    0x08001734   0x08001734   0x0000009c   Code   RO         2135    i.HAL_DMA_Start_IT  stm32f1xx_hal_dma.o
    0x080017d0   0x080017d0   0x00000028   Code   RO         1746    i.HAL_Delay         stm32f1xx_hal.o
    0x080017f8   0x080017f8   0x000000b0   Code   RO         2579    i.HAL_FLASHEx_Erase  stm32f1xx_hal_flash_ex.o
    0x080018a8   0x080018a8   0x00000014   Code   RO         2472    i.HAL_FLASH_Lock    stm32f1xx_hal_flash.o
    0x080018bc   0x080018bc   0x000000b0   Code   RO         2477    i.HAL_FLASH_Program  stm32f1xx_hal_flash.o
    0x0800196c   0x0800196c   0x00000030   Code   RO         2479    i.HAL_FLASH_Unlock  stm32f1xx_hal_flash.o
    0x0800199c   0x0800199c   0x0000025c   Code   RO          383    i.HAL_GPIO_EXTI_Callback  main.o
    0x08001bf8   0x08001bf8   0x0000001c   Code   RO         2060    i.HAL_GPIO_EXTI_IRQHandler  stm32f1xx_hal_gpio.o
    0x08001c14   0x08001c14   0x00000320   Code   RO         2061    i.HAL_GPIO_Init     stm32f1xx_hal_gpio.o
    0x08001f34   0x08001f34   0x00000010   Code   RO         2063    i.HAL_GPIO_ReadPin  stm32f1xx_hal_gpio.o
    0x08001f44   0x08001f44   0x0000000c   Code   RO         2065    i.HAL_GPIO_WritePin  stm32f1xx_hal_gpio.o
    0x08001f50   0x08001f50   0x0000000c   Code   RO         1750    i.HAL_GetTick       stm32f1xx_hal.o
    0x08001f5c   0x08001f5c   0x00000018   Code   RO         1756    i.HAL_IncTick       stm32f1xx_hal.o
    0x08001f74   0x08001f74   0x00000028   Code   RO         1757    i.HAL_Init          stm32f1xx_hal.o
    0x08001f9c   0x08001f9c   0x0000004c   Code   RO         1758    i.HAL_InitTick      stm32f1xx_hal.o
    0x08001fe8   0x08001fe8   0x00000054   Code   RO          667    i.HAL_MspInit       stm32f1xx_hal_msp.o
    0x0800203c   0x0800203c   0x00000020   Code   RO         2221    i.HAL_NVIC_EnableIRQ  stm32f1xx_hal_cortex.o
    0x0800205c   0x0800205c   0x0000007c   Code   RO         2227    i.HAL_NVIC_SetPriority  stm32f1xx_hal_cortex.o
    0x080020d8   0x080020d8   0x00000028   Code   RO         2228    i.HAL_NVIC_SetPriorityGrouping  stm32f1xx_hal_cortex.o
    0x08002100   0x08002100   0x00000044   Code   RO         1513    i.HAL_PCDEx_PMAConfig  stm32f1xx_hal_pcd_ex.o
    0x08002144   0x08002144   0x00000002   Code   RO          930    i.HAL_PCDEx_SetConnectionState  usbd_conf.o
    0x08002146   0x08002146   0x00000020   Code   RO          932    i.HAL_PCD_DataInStageCallback  usbd_conf.o
    0x08002166   0x08002166   0x00000020   Code   RO          933    i.HAL_PCD_DataOutStageCallback  usbd_conf.o
    0x08002186   0x08002186   0x0000006a   Code   RO         1284    i.HAL_PCD_EP_Close  stm32f1xx_hal_pcd.o
    0x080021f0   0x080021f0   0x0000007c   Code   RO         1285    i.HAL_PCD_EP_ClrStall  stm32f1xx_hal_pcd.o
    0x0800226c   0x0800226c   0x00000158   Code   RO         1286    i.HAL_PCD_EP_DB_Receive  stm32f1xx_hal_pcd.o
    0x080023c4   0x080023c4   0x0000053e   Code   RO         1287    i.HAL_PCD_EP_DB_Transmit  stm32f1xx_hal_pcd.o
    0x08002902   0x08002902   0x00000016   Code   RO         1289    i.HAL_PCD_EP_GetRxCount  stm32f1xx_hal_pcd.o
    0x08002918   0x08002918   0x00000084   Code   RO         1290    i.HAL_PCD_EP_Open   stm32f1xx_hal_pcd.o
    0x0800299c   0x0800299c   0x0000003c   Code   RO         1291    i.HAL_PCD_EP_Receive  stm32f1xx_hal_pcd.o
    0x080029d8   0x080029d8   0x00000088   Code   RO         1292    i.HAL_PCD_EP_SetStall  stm32f1xx_hal_pcd.o
    0x08002a60   0x08002a60   0x00000046   Code   RO         1293    i.HAL_PCD_EP_Transmit  stm32f1xx_hal_pcd.o
    0x08002aa6   0x08002aa6   0x000001cc   Code   RO         1295    i.HAL_PCD_IRQHandler  stm32f1xx_hal_pcd.o
    0x08002c72   0x08002c72   0x0000013c   Code   RO         1298    i.HAL_PCD_Init      stm32f1xx_hal_pcd.o
    0x08002dae   0x08002dae   0x00000002   PAD
    0x08002db0   0x08002db0   0x00000054   Code   RO          938    i.HAL_PCD_MspInit   usbd_conf.o
    0x08002e04   0x08002e04   0x00000024   Code   RO          939    i.HAL_PCD_ResetCallback  usbd_conf.o
    0x08002e28   0x08002e28   0x0000000e   Code   RO          940    i.HAL_PCD_ResumeCallback  usbd_conf.o
    0x08002e36   0x08002e36   0x0000000e   Code   RO          941    i.HAL_PCD_SOFCallback  usbd_conf.o
    0x08002e44   0x08002e44   0x00000034   Code   RO         1304    i.HAL_PCD_SetAddress  stm32f1xx_hal_pcd.o
    0x08002e78   0x08002e78   0x00000012   Code   RO          942    i.HAL_PCD_SetupStageCallback  usbd_conf.o
    0x08002e8a   0x08002e8a   0x0000003c   Code   RO         1306    i.HAL_PCD_Start     stm32f1xx_hal_pcd.o
    0x08002ec6   0x08002ec6   0x00000002   PAD
    0x08002ec8   0x08002ec8   0x00000024   Code   RO          943    i.HAL_PCD_SuspendCallback  usbd_conf.o
    0x08002eec   0x08002eec   0x000000fc   Code   RO         2022    i.HAL_RCCEx_GetPeriphCLKFreq  stm32f1xx_hal_rcc_ex.o
    0x08002fe8   0x08002fe8   0x00000130   Code   RO         2023    i.HAL_RCCEx_PeriphCLKConfig  stm32f1xx_hal_rcc_ex.o
    0x08003118   0x08003118   0x0000018c   Code   RO         1914    i.HAL_RCC_ClockConfig  stm32f1xx_hal_rcc.o
    0x080032a4   0x080032a4   0x0000000c   Code   RO         1919    i.HAL_RCC_GetHCLKFreq  stm32f1xx_hal_rcc.o
    0x080032b0   0x080032b0   0x00000020   Code   RO         1921    i.HAL_RCC_GetPCLK1Freq  stm32f1xx_hal_rcc.o
    0x080032d0   0x080032d0   0x00000020   Code   RO         1922    i.HAL_RCC_GetPCLK2Freq  stm32f1xx_hal_rcc.o
    0x080032f0   0x080032f0   0x00000070   Code   RO         1923    i.HAL_RCC_GetSysClockFreq  stm32f1xx_hal_rcc.o
    0x08003360   0x08003360   0x00000464   Code   RO         1926    i.HAL_RCC_OscConfig  stm32f1xx_hal_rcc.o
    0x080037c4   0x080037c4   0x000000be   Code   RO         3034    i.HAL_SPI_Init      stm32f1xx_hal_spi.o
    0x08003882   0x08003882   0x00000002   PAD
    0x08003884   0x08003884   0x00000084   Code   RO          669    i.HAL_SPI_MspInit   stm32f1xx_hal_msp.o
    0x08003908   0x08003908   0x00000034   Code   RO         2232    i.HAL_SYSTICK_Config  stm32f1xx_hal_cortex.o
    0x0800393c   0x0800393c   0x00000002   Code   RO         4062    i.HAL_TIMEx_BreakCallback  stm32f1xx_hal_tim_ex.o
    0x0800393e   0x0800393e   0x00000002   Code   RO         4063    i.HAL_TIMEx_CommutCallback  stm32f1xx_hal_tim_ex.o
    0x08003940   0x08003940   0x00000074   Code   RO         4065    i.HAL_TIMEx_ConfigBreakDeadTime  stm32f1xx_hal_tim_ex.o
    0x080039b4   0x080039b4   0x00000084   Code   RO         4081    i.HAL_TIMEx_MasterConfigSynchronization  stm32f1xx_hal_tim_ex.o
    0x08003a38   0x08003a38   0x000000c4   Code   RO         4092    i.HAL_TIMEx_PWMN_Start  stm32f1xx_hal_tim_ex.o
    0x08003afc   0x08003afc   0x00000066   Code   RO         3347    i.HAL_TIM_Base_Init  stm32f1xx_hal_tim.o
    0x08003b62   0x08003b62   0x00000002   PAD
    0x08003b64   0x08003b64   0x0000016c   Code   RO          671    i.HAL_TIM_Base_MspInit  stm32f1xx_hal_msp.o
    0x08003cd0   0x08003cd0   0x00000078   Code   RO         3352    i.HAL_TIM_Base_Start_IT  stm32f1xx_hal_tim.o
    0x08003d48   0x08003d48   0x0000010c   Code   RO         3356    i.HAL_TIM_ConfigClockSource  stm32f1xx_hal_tim.o
    0x08003e54   0x08003e54   0x000002a8   Code   RO          206    i.HAL_TIM_IC_CaptureCallback  ir_zero_cross.o
    0x080040fc   0x080040fc   0x000000de   Code   RO         3383    i.HAL_TIM_IC_ConfigChannel  stm32f1xx_hal_tim.o
    0x080041da   0x080041da   0x00000066   Code   RO         3386    i.HAL_TIM_IC_Init   stm32f1xx_hal_tim.o
    0x08004240   0x08004240   0x00000002   Code   RO         3388    i.HAL_TIM_IC_MspInit  stm32f1xx_hal_tim.o
    0x08004242   0x08004242   0x00000002   PAD
    0x08004244   0x08004244   0x00000160   Code   RO         3391    i.HAL_TIM_IC_Start_IT  stm32f1xx_hal_tim.o
    0x080043a4   0x080043a4   0x0000016c   Code   RO         3395    i.HAL_TIM_IRQHandler  stm32f1xx_hal_tim.o
    0x08004510   0x08004510   0x00000098   Code   RO          672    i.HAL_TIM_MspPostInit  stm32f1xx_hal_msp.o
    0x080045a8   0x080045a8   0x00000002   Code   RO         3398    i.HAL_TIM_OC_DelayElapsedCallback  stm32f1xx_hal_tim.o
    0x080045aa   0x080045aa   0x00000104   Code   RO         3419    i.HAL_TIM_PWM_ConfigChannel  stm32f1xx_hal_tim.o
    0x080046ae   0x080046ae   0x00000066   Code   RO         3422    i.HAL_TIM_PWM_Init  stm32f1xx_hal_tim.o
    0x08004714   0x08004714   0x00000002   Code   RO         3424    i.HAL_TIM_PWM_MspInit  stm32f1xx_hal_tim.o
    0x08004716   0x08004716   0x00000002   Code   RO         3425    i.HAL_TIM_PWM_PulseFinishedCallback  stm32f1xx_hal_tim.o
    0x08004718   0x08004718   0x000000d4   Code   RO         3427    i.HAL_TIM_PWM_Start  stm32f1xx_hal_tim.o
    0x080047ec   0x080047ec   0x0000008c   Code   RO          207    i.HAL_TIM_PeriodElapsedCallback  ir_zero_cross.o
    0x08004878   0x08004878   0x00000032   Code   RO         3435    i.HAL_TIM_ReadCapturedValue  stm32f1xx_hal_tim.o
    0x080048aa   0x080048aa   0x00000002   Code   RO         3438    i.HAL_TIM_TriggerCallback  stm32f1xx_hal_tim.o
    0x080048ac   0x080048ac   0x00000076   Code   RO         4359    i.HAL_UART_Init     stm32f1xx_hal_uart.o
    0x08004922   0x08004922   0x00000002   PAD
    0x08004924   0x08004924   0x00000088   Code   RO          674    i.HAL_UART_MspInit  stm32f1xx_hal_msp.o
    0x080049ac   0x080049ac   0x000001f4   Code   RO          384    i.HEATER_task       main.o
    0x08004ba0   0x08004ba0   0x00000004   Code   RO          560    i.HardFault_Handler  stm32f1xx_it.o
    0x08004ba4   0x08004ba4   0x000005b8   Code   RO          208    i.IR_task           ir_zero_cross.o
    0x0800515c   0x0800515c   0x0000003e   Code   RO          776    i.IntToUnicode      usbd_desc.o
    0x0800519a   0x0800519a   0x00000002   PAD
    0x0800519c   0x0800519c   0x00000100   Code   RO          385    i.LAMP_Init         main.o
    0x0800529c   0x0800529c   0x00000164   Code   RO          162    i.LED_Driver        led_process.o
    0x08005400   0x08005400   0x000001d4   Code   RO          163    i.LED_Init          led_process.o
    0x080055d4   0x080055d4   0x0000016c   Code   RO          164    i.LED_task          led_process.o
    0x08005740   0x08005740   0x00000078   Code   RO          386    i.Lamp_Diming       main.o
    0x080057b8   0x080057b8   0x000000ac   Code   RO          387    i.Lamp_ctrl         main.o
    0x08005864   0x08005864   0x000000cc   Code   RO          388    i.MX_ADC1_Init      main.o
    0x08005930   0x08005930   0x00000024   Code   RO          389    i.MX_DMA_Init       main.o
    0x08005954   0x08005954   0x00000168   Code   RO          390    i.MX_GPIO_Init      main.o
    0x08005abc   0x08005abc   0x00000044   Code   RO          391    i.MX_SPI1_Init      main.o
    0x08005b00   0x08005b00   0x00000100   Code   RO          392    i.MX_TIM1_Init      main.o
    0x08005c00   0x08005c00   0x000000bc   Code   RO          393    i.MX_TIM2_Init      main.o
    0x08005cbc   0x08005cbc   0x000000b8   Code   RO          394    i.MX_TIM3_Init      main.o
    0x08005d74   0x08005d74   0x000000b4   Code   RO          395    i.MX_TIM4_Init      main.o
    0x08005e28   0x08005e28   0x00000038   Code   RO          396    i.MX_USART1_UART_Init  main.o
    0x08005e60   0x08005e60   0x0000004c   Code   RO          744    i.MX_USB_DEVICE_Init  usb_device.o
    0x08005eac   0x08005eac   0x00000004   Code   RO          561    i.MemManage_Handler  stm32f1xx_it.o
    0x08005eb0   0x08005eb0   0x00000004   Code   RO          562    i.NMI_Handler       stm32f1xx_it.o
    0x08005eb4   0x08005eb4   0x000004ec   Code   RO         1310    i.PCD_EP_ISR_Handler  stm32f1xx_hal_pcd.o
    0x080063a0   0x080063a0   0x00000002   Code   RO          563    i.PendSV_Handler    stm32f1xx_it.o
    0x080063a2   0x080063a2   0x00000002   PAD
    0x080063a4   0x080063a4   0x00000028   Code   RO         1927    i.RCC_Delay         stm32f1xx_hal_rcc.o
    0x080063cc   0x080063cc   0x0000003c   Code   RO          397    i.Remote_Lamp_EN    main.o
    0x08006408   0x08006408   0x00000002   Code   RO          564    i.SVC_Handler       stm32f1xx_it.o
    0x0800640a   0x0800640a   0x00000002   PAD
    0x0800640c   0x0800640c   0x000000f4   Code   RO          398    i.Scheduler_task    main.o
    0x08006500   0x08006500   0x00000090   Code   RO          565    i.SysTick_Handler   stm32f1xx_it.o
    0x08006590   0x08006590   0x0000008a   Code   RO          399    i.SystemClock_Config  main.o
    0x0800661a   0x0800661a   0x00000002   Code   RO         4703    i.SystemInit        system_stm32f1xx.o
    0x0800661c   0x0800661c   0x00000010   Code   RO          566    i.TIM2_IRQHandler   stm32f1xx_it.o
    0x0800662c   0x0800662c   0x00000010   Code   RO          567    i.TIM3_IRQHandler   stm32f1xx_it.o
    0x0800663c   0x0800663c   0x00000084   Code   RO         3440    i.TIM_Base_SetConfig  stm32f1xx_hal_tim.o
    0x080066c0   0x080066c0   0x00000022   Code   RO         3441    i.TIM_CCxChannelCmd  stm32f1xx_hal_tim.o
    0x080066e2   0x080066e2   0x00000022   Code   RO         4101    i.TIM_CCxNChannelCmd  stm32f1xx_hal_tim_ex.o
    0x08006704   0x08006704   0x00000016   Code   RO         3451    i.TIM_ETR_SetConfig  stm32f1xx_hal_tim.o
    0x0800671a   0x0800671a   0x00000012   Code   RO         3452    i.TIM_ITRx_SetConfig  stm32f1xx_hal_tim.o
    0x0800672c   0x0800672c   0x00000060   Code   RO         3453    i.TIM_OC1_SetConfig  stm32f1xx_hal_tim.o
    0x0800678c   0x0800678c   0x00000068   Code   RO         3454    i.TIM_OC2_SetConfig  stm32f1xx_hal_tim.o
    0x080067f4   0x080067f4   0x00000068   Code   RO         3455    i.TIM_OC3_SetConfig  stm32f1xx_hal_tim.o
    0x0800685c   0x0800685c   0x00000048   Code   RO         3456    i.TIM_OC4_SetConfig  stm32f1xx_hal_tim.o
    0x080068a4   0x080068a4   0x00000026   Code   RO         3458    i.TIM_TI1_ConfigInputStage  stm32f1xx_hal_tim.o
    0x080068ca   0x080068ca   0x00000002   PAD
    0x080068cc   0x080068cc   0x00000068   Code   RO         3459    i.TIM_TI1_SetConfig  stm32f1xx_hal_tim.o
    0x08006934   0x08006934   0x00000028   Code   RO         3460    i.TIM_TI2_ConfigInputStage  stm32f1xx_hal_tim.o
    0x0800695c   0x0800695c   0x0000003a   Code   RO         3461    i.TIM_TI2_SetConfig  stm32f1xx_hal_tim.o
    0x08006996   0x08006996   0x00000038   Code   RO         3462    i.TIM_TI3_SetConfig  stm32f1xx_hal_tim.o
    0x080069ce   0x080069ce   0x0000003c   Code   RO         3463    i.TIM_TI4_SetConfig  stm32f1xx_hal_tim.o
    0x08006a0a   0x08006a0a   0x00000002   PAD
    0x08006a0c   0x08006a0c   0x000000fc   Code   RO         4386    i.UART_SetConfig    stm32f1xx_hal_uart.o
    0x08006b08   0x08006b08   0x0000007c   Code   RO         5032    i.USBD_CDC_DataIn   usbd_cdc.o
    0x08006b84   0x08006b84   0x00000034   Code   RO         5033    i.USBD_CDC_DataOut  usbd_cdc.o
    0x08006bb8   0x08006bb8   0x00000052   Code   RO         5034    i.USBD_CDC_DeInit   usbd_cdc.o
    0x08006c0a   0x08006c0a   0x00000032   Code   RO         5035    i.USBD_CDC_EP0_RxReady  usbd_cdc.o
    0x08006c3c   0x08006c3c   0x00000010   Code   RO         5036    i.USBD_CDC_GetDeviceQualifierDescriptor  usbd_cdc.o
    0x08006c4c   0x08006c4c   0x00000010   Code   RO         5037    i.USBD_CDC_GetFSCfgDesc  usbd_cdc.o
    0x08006c5c   0x08006c5c   0x00000010   Code   RO         5038    i.USBD_CDC_GetHSCfgDesc  usbd_cdc.o
    0x08006c6c   0x08006c6c   0x00000010   Code   RO         5039    i.USBD_CDC_GetOtherSpeedCfgDesc  usbd_cdc.o
    0x08006c7c   0x08006c7c   0x000000be   Code   RO         5040    i.USBD_CDC_Init     usbd_cdc.o
    0x08006d3a   0x08006d3a   0x0000003a   Code   RO         5041    i.USBD_CDC_ReceivePacket  usbd_cdc.o
    0x08006d74   0x08006d74   0x0000000e   Code   RO         5042    i.USBD_CDC_RegisterInterface  usbd_cdc.o
    0x08006d82   0x08006d82   0x0000000e   Code   RO         5043    i.USBD_CDC_SetRxBuffer  usbd_cdc.o
    0x08006d90   0x08006d90   0x00000014   Code   RO         5044    i.USBD_CDC_SetTxBuffer  usbd_cdc.o
    0x08006da4   0x08006da4   0x000000f4   Code   RO         5045    i.USBD_CDC_Setup    usbd_cdc.o
    0x08006e98   0x08006e98   0x00000016   Code   RO         4739    i.USBD_ClrClassConfig  usbd_core.o
    0x08006eae   0x08006eae   0x0000003e   Code   RO         4877    i.USBD_ClrFeature   usbd_ctlreq.o
    0x08006eec   0x08006eec   0x00000018   Code   RO         4972    i.USBD_CtlContinueRx  usbd_ioreq.o
    0x08006f04   0x08006f04   0x00000018   Code   RO         4973    i.USBD_CtlContinueSendData  usbd_ioreq.o
    0x08006f1c   0x08006f1c   0x00000018   Code   RO         4878    i.USBD_CtlError     usbd_ctlreq.o
    0x08006f34   0x08006f34   0x00000026   Code   RO         4974    i.USBD_CtlPrepareRx  usbd_ioreq.o
    0x08006f5a   0x08006f5a   0x0000001a   Code   RO         4975    i.USBD_CtlReceiveStatus  usbd_ioreq.o
    0x08006f74   0x08006f74   0x00000026   Code   RO         4976    i.USBD_CtlSendData  usbd_ioreq.o
    0x08006f9a   0x08006f9a   0x0000001a   Code   RO         4977    i.USBD_CtlSendStatus  usbd_ioreq.o
    0x08006fb4   0x08006fb4   0x00000034   Code   RO          777    i.USBD_FS_ConfigStrDescriptor  usbd_desc.o
    0x08006fe8   0x08006fe8   0x00000010   Code   RO          778    i.USBD_FS_DeviceDescriptor  usbd_desc.o
    0x08006ff8   0x08006ff8   0x00000038   Code   RO          779    i.USBD_FS_InterfaceStrDescriptor  usbd_desc.o
    0x08007030   0x08007030   0x00000010   Code   RO          780    i.USBD_FS_LangIDStrDescriptor  usbd_desc.o
    0x08007040   0x08007040   0x0000002c   Code   RO          781    i.USBD_FS_ManufacturerStrDescriptor  usbd_desc.o
    0x0800706c   0x0800706c   0x00000040   Code   RO          782    i.USBD_FS_ProductStrDescriptor  usbd_desc.o
    0x080070ac   0x080070ac   0x00000018   Code   RO          783    i.USBD_FS_SerialStrDescriptor  usbd_desc.o
    0x080070c4   0x080070c4   0x00000056   Code   RO         4879    i.USBD_GetConfig    usbd_ctlreq.o
    0x0800711a   0x0800711a   0x000001f4   Code   RO         4880    i.USBD_GetDescriptor  usbd_ctlreq.o
    0x0800730e   0x0800730e   0x00000014   Code   RO         4881    i.USBD_GetLen       usbd_ctlreq.o
    0x08007322   0x08007322   0x00000060   Code   RO         4882    i.USBD_GetStatus    usbd_ctlreq.o
    0x08007382   0x08007382   0x00000052   Code   RO         4883    i.USBD_GetString    usbd_ctlreq.o
    0x080073d4   0x080073d4   0x0000002c   Code   RO          944    i.USBD_Get_USB_Status  usbd_conf.o
    0x08007400   0x08007400   0x00000032   Code   RO         4741    i.USBD_Init         usbd_core.o
    0x08007432   0x08007432   0x00000026   Code   RO          945    i.USBD_LL_ClearStallEP  usbd_conf.o
    0x08007458   0x08007458   0x00000026   Code   RO          946    i.USBD_LL_CloseEP   usbd_conf.o
    0x0800747e   0x0800747e   0x00000100   Code   RO         4742    i.USBD_LL_DataInStage  usbd_core.o
    0x0800757e   0x0800757e   0x000000a6   Code   RO         4743    i.USBD_LL_DataOutStage  usbd_core.o
    0x08007624   0x08007624   0x00000012   Code   RO          950    i.USBD_LL_GetRxDataSize  usbd_conf.o
    0x08007636   0x08007636   0x00000002   PAD
    0x08007638   0x08007638   0x00000084   Code   RO          951    i.USBD_LL_Init      usbd_conf.o
    0x080076bc   0x080076bc   0x00000038   Code   RO          952    i.USBD_LL_IsStallEP  usbd_conf.o
    0x080076f4   0x080076f4   0x00000030   Code   RO          953    i.USBD_LL_OpenEP    usbd_conf.o
    0x08007724   0x08007724   0x00000030   Code   RO          954    i.USBD_LL_PrepareReceive  usbd_conf.o
    0x08007754   0x08007754   0x0000005e   Code   RO         4748    i.USBD_LL_Reset     usbd_core.o
    0x080077b2   0x080077b2   0x00000016   Code   RO         4749    i.USBD_LL_Resume    usbd_core.o
    0x080077c8   0x080077c8   0x00000022   Code   RO         4750    i.USBD_LL_SOF       usbd_core.o
    0x080077ea   0x080077ea   0x00000008   Code   RO         4751    i.USBD_LL_SetSpeed  usbd_core.o
    0x080077f2   0x080077f2   0x00000026   Code   RO          955    i.USBD_LL_SetUSBAddress  usbd_conf.o
    0x08007818   0x08007818   0x0000006c   Code   RO         4752    i.USBD_LL_SetupStage  usbd_core.o
    0x08007884   0x08007884   0x00000026   Code   RO          956    i.USBD_LL_StallEP   usbd_conf.o
    0x080078aa   0x080078aa   0x0000001e   Code   RO          957    i.USBD_LL_Start     usbd_conf.o
    0x080078c8   0x080078c8   0x00000014   Code   RO         4753    i.USBD_LL_Suspend   usbd_core.o
    0x080078dc   0x080078dc   0x00000030   Code   RO          959    i.USBD_LL_Transmit  usbd_conf.o
    0x0800790c   0x0800790c   0x00000028   Code   RO         4884    i.USBD_ParseSetupRequest  usbd_ctlreq.o
    0x08007934   0x08007934   0x00000010   Code   RO         4754    i.USBD_RegisterClass  usbd_core.o
    0x08007944   0x08007944   0x00000006   Code   RO         4755    i.USBD_RunTestMode  usbd_core.o
    0x0800794a   0x0800794a   0x0000005a   Code   RO         4885    i.USBD_SetAddress   usbd_ctlreq.o
    0x080079a4   0x080079a4   0x00000022   Code   RO         4756    i.USBD_SetClassConfig  usbd_core.o
    0x080079c6   0x080079c6   0x00000002   PAD
    0x080079c8   0x080079c8   0x000000f0   Code   RO         4886    i.USBD_SetConfig    usbd_ctlreq.o
    0x08007ab8   0x08007ab8   0x00000018   Code   RO         4887    i.USBD_SetFeature   usbd_ctlreq.o
    0x08007ad0   0x08007ad0   0x0000000e   Code   RO         4757    i.USBD_Start        usbd_core.o
    0x08007ade   0x08007ade   0x000000a2   Code   RO         4888    i.USBD_StdDevReq    usbd_ctlreq.o
    0x08007b80   0x08007b80   0x00000238   Code   RO         4889    i.USBD_StdEPReq     usbd_ctlreq.o
    0x08007db8   0x08007db8   0x0000007e   Code   RO         4890    i.USBD_StdItfReq    usbd_ctlreq.o
    0x08007e36   0x08007e36   0x00000002   Code   RO          960    i.USBD_static_free  usbd_conf.o
    0x08007e38   0x08007e38   0x0000000c   Code   RO          961    i.USBD_static_malloc  usbd_conf.o
    0x08007e44   0x08007e44   0x000004b0   Code   RO         1553    i.USB_ActivateEndpoint  stm32f1xx_ll_usb.o
    0x080082f4   0x080082f4   0x00000008   Code   RO         1556    i.USB_CoreInit      stm32f1xx_ll_usb.o
    0x080082fc   0x080082fc   0x0000027c   Code   RO         1558    i.USB_DeactivateEndpoint  stm32f1xx_ll_usb.o
    0x08008578   0x08008578   0x00000006   Code   RO         1559    i.USB_DevConnect    stm32f1xx_ll_usb.o
    0x0800857e   0x0800857e   0x00000006   Code   RO         1560    i.USB_DevDisconnect  stm32f1xx_ll_usb.o
    0x08008584   0x08008584   0x00000016   Code   RO         1561    i.USB_DevInit       stm32f1xx_ll_usb.o
    0x0800859a   0x0800859a   0x00000014   Code   RO         1562    i.USB_DisableGlobalInt  stm32f1xx_ll_usb.o
    0x080085ae   0x080085ae   0x00000006   Code   RO         1563    i.USB_EP0_OutStart  stm32f1xx_ll_usb.o
    0x080085b4   0x080085b4   0x000000da   Code   RO         1564    i.USB_EPClearStall  stm32f1xx_ll_usb.o
    0x0800868e   0x0800868e   0x0000005c   Code   RO         1565    i.USB_EPSetStall    stm32f1xx_ll_usb.o
    0x080086ea   0x080086ea   0x00000a50   Code   RO         1566    i.USB_EPStartXfer   stm32f1xx_ll_usb.o
    0x0800913a   0x0800913a   0x00000012   Code   RO         1568    i.USB_EnableGlobalInt  stm32f1xx_ll_usb.o
    0x0800914c   0x0800914c   0x00000010   Code   RO          568    i.USB_HP_CAN1_TX_IRQHandler  stm32f1xx_it.o
    0x0800915c   0x0800915c   0x00000060   Code   RO          400    i.USB_Init          main.o
    0x080091bc   0x080091bc   0x00000010   Code   RO          569    i.USB_LP_CAN1_RX0_IRQHandler  stm32f1xx_it.o
    0x080091cc   0x080091cc   0x00000008   Code   RO         1575    i.USB_ReadInterrupts  stm32f1xx_ll_usb.o
    0x080091d4   0x080091d4   0x0000004a   Code   RO         1576    i.USB_ReadPMA       stm32f1xx_ll_usb.o
    0x0800921e   0x0800921e   0x00000006   Code   RO         1577    i.USB_SetCurrentMode  stm32f1xx_ll_usb.o
    0x08009224   0x08009224   0x0000000e   Code   RO         1578    i.USB_SetDevAddress  stm32f1xx_ll_usb.o
    0x08009232   0x08009232   0x00000040   Code   RO         1580    i.USB_WritePMA      stm32f1xx_ll_usb.o
    0x08009272   0x08009272   0x00000004   Code   RO          570    i.UsageFault_Handler  stm32f1xx_it.o
    0x08009276   0x08009276   0x00000002   PAD
    0x08009278   0x08009278   0x000000c0   Code   RO          209    i.Zero_Cross_Task   ir_zero_cross.o
    0x08009338   0x08009338   0x00000010   Code   RO         2234    i.__NVIC_GetPriorityGrouping  stm32f1xx_hal_cortex.o
    0x08009348   0x08009348   0x00000028   Code   RO         2235    i.__NVIC_SetPriority  stm32f1xx_hal_cortex.o
    0x08009370   0x08009370   0x00000040   Code   RO          210    i.__NVIC_SystemReset  ir_zero_cross.o
    0x080093b0   0x080093b0   0x0000000e   Code   RO         5235    i.__scatterload_copy  mc_w.l(handlers.o)
    0x080093be   0x080093be   0x00000002   Code   RO         5236    i.__scatterload_null  mc_w.l(handlers.o)
    0x080093c0   0x080093c0   0x0000000e   Code   RO         5237    i.__scatterload_zeroinit  mc_w.l(handlers.o)
    0x080093ce   0x080093ce   0x00000002   PAD
    0x080093d0   0x080093d0   0x00000650   Code   RO          401    i.main              main.o
    0x08009a20   0x08009a20   0x00000030   Code   RO          402    i.time_delta        main.o
    0x08009a50   0x08009a50   0x00000012   Data   RO         1928    .constdata          stm32f1xx_hal_rcc.o
    0x08009a62   0x08009a62   0x00000012   Data   RO         2024    .constdata          stm32f1xx_hal_rcc_ex.o
    0x08009a74   0x08009a74   0x00000018   Data   RO         4704    .constdata          system_stm32f1xx.o
    0x08009a8c   0x08009a8c   0x00000020   Data   RO         5233    Region$$Table       anon$$obj.o


    Execution Region RW_IRAM1 (Exec base: 0x20000000, Load base: 0x08009aac, Size: 0x00001b78, Max: 0x00005000, ABSOLUTE, COMPRESSED[0x00000120])

    Exec Addr    Load Addr    Size         Type   Attr      Idx    E Section Name        Object

    0x20000000   COMPRESSED   0x0000008c   Data   RW          166    .data               led_process.o
    0x2000008c   COMPRESSED   0x00000050   Data   RW          211    .data               ir_zero_cross.o
    0x200000dc   COMPRESSED   0x0000001c   Data   RW          308    .data               charge.o
    0x200000f8   COMPRESSED   0x00000084   Data   RW          404    .data               main.o
    0x2000017c   COMPRESSED   0x0000004e   Data   RW          785    .data               usbd_desc.o
    0x200001ca   COMPRESSED   0x00000010   Data   RW          872    .data               usbd_cdc_if.o
    0x200001da   COMPRESSED   0x00000002   PAD
    0x200001dc   COMPRESSED   0x00000009   Data   RW         1764    .data               stm32f1xx_hal.o
    0x200001e5   COMPRESSED   0x00000003   PAD
    0x200001e8   COMPRESSED   0x00000004   Data   RW         4705    .data               system_stm32f1xx.o
    0x200001ec   COMPRESSED   0x00000001   Data   RW         4891    .data               usbd_ctlreq.o
    0x200001ed   COMPRESSED   0x00000003   PAD
    0x200001f0   COMPRESSED   0x0000010f   Data   RW         5047    .data               usbd_cdc.o
    0x200002ff   COMPRESSED   0x00000001   PAD
    0x20000300        -       0x00000018   Zero   RW          350    .bss                adc.o
    0x20000318        -       0x0000024c   Zero   RW          403    .bss                main.o
    0x20000564        -       0x000002bb   Zero   RW          745    .bss                usb_device.o
    0x2000081f   COMPRESSED   0x00000001   PAD
    0x20000820        -       0x00000200   Zero   RW          784    .bss                usbd_desc.o
    0x20000a20        -       0x00000840   Zero   RW          871    .bss                usbd_cdc_if.o
    0x20001260        -       0x000004f4   Zero   RW          962    .bss                usbd_conf.o
    0x20001754   COMPRESSED   0x00000004   PAD
    0x20001758        -       0x00000020   Zero   RW         2480    .bss                stm32f1xx_hal_flash.o
    0x20001778        -       0x00000400   Zero   RW            1    STACK               startup_stm32f103xb.o


==============================================================================

Image component sizes


      Code (inc. data)   RO Data    RW Data    ZI Data      Debug   Object Name

       264         14          0          0         24       1382   adc.o
      1236         74          0         28          0       3777   charge.o
       100         14          0          0          0     472624   flash_eeprom.o
      2540        252          0         80          0      13209   ir_zero_cross.o
      1188        140          0        140          0       4476   led_process.o
      6026        540          0        132        588      45902   main.o
        36          8        236          0       1024        816   startup_stm32f103xb.o
       192         36          0          9          0       5989   stm32f1xx_hal.o
      1428         56          0          0          0       8494   stm32f1xx_hal_adc.o
       284          6          0          0          0       1490   stm32f1xx_hal_adc_ex.o
       304         22          0          0          0      29499   stm32f1xx_hal_cortex.o
       304          4          0          0          0       2650   stm32f1xx_hal_dma.o
       520         48          0          0         32       4254   stm32f1xx_hal_flash.o
       256         26          0          0          0       2603   stm32f1xx_hal_flash_ex.o
       856         38          0          0          0       3982   stm32f1xx_hal_gpio.o
         0          0          0          0          0     469936   stm32f1xx_hal_gpio_ex.o
      1088        106          0          0          0       5054   stm32f1xx_hal_msp.o
      4484          0          0          0          0      15241   stm32f1xx_hal_pcd.o
        68          0          0          0          0       1198   stm32f1xx_hal_pcd_ex.o
      1748         98         18          0          0       6072   stm32f1xx_hal_rcc.o
       556         34         18          0          0       2413   stm32f1xx_hal_rcc_ex.o
       190          0          0          0          0       1171   stm32f1xx_hal_spi.o
      3102         86          0          0          0      22455   stm32f1xx_hal_tim.o
       482         28          0          0          0       4768   stm32f1xx_hal_tim_ex.o
       370          4          0          0          0       1808   stm32f1xx_hal_uart.o
       254         46          0          0          0       7211   stm32f1xx_it.o
      5038          0          0          0          0      19203   stm32f1xx_ll_usb.o
         2          0         24          4          0       1155   system_stm32f1xx.o
        76         16          0          0        699        816   usb_device.o
       912         24          0        271          0      12756   usbd_cdc.o
       136         16          0         16       2112       3102   usbd_cdc_if.o
       858         30          0          0       1268      15529   usbd_conf.o
       850          0          0          0          0      10331   usbd_core.o
      2120         28          0          1          0      11084   usbd_ctlreq.o
       386        122          0         78        512       6901   usbd_desc.o
       176          0          0          0          0       4732   usbd_ioreq.o

    ----------------------------------------------------------------------
     38464       1916        328        768       6264    1224083   Object Totals
         0          0         32          0          0          0   (incl. Generated)
        34          0          0          9          5          0   (incl. Padding)

    ----------------------------------------------------------------------

      Code (inc. data)   RO Data    RW Data    ZI Data      Debug   Library Member Name

        86          0          0          0          0          0   __dczerorl2.o
         0          0          0          0          0          0   entry.o
         0          0          0          0          0          0   entry10a.o
         0          0          0          0          0          0   entry11a.o
         4          0          0          0          0          0   entry12b.o
         8          4          0          0          0          0   entry2.o
         4          0          0          0          0          0   entry5.o
         0          0          0          0          0          0   entry7b.o
         0          0          0          0          0          0   entry8b.o
         8          4          0          0          0          0   entry9a.o
        30          0          0          0          0          0   handlers.o
        36          8          0          0          0         68   init.o
         0          0          0          0          0          0   iusefp.o
        32          0          0          0          0         68   llushr.o
        36          0          0          0          0         68   memcpya.o
        36          0          0          0          0        108   memseta.o
        48          0          0          0          0         68   cdcmple.o
        48          0          0          0          0         68   cdrcmple.o
        20          0          0          0          0         68   cfcmple.o
        20          0          0          0          0         68   cfrcmple.o
        38          0          0          0          0         68   f2d.o
       124          0          0          0          0         88   fdiv.o
       110          0          0          0          0        168   fepilogue.o
        10          0          0          0          0         68   ffltui.o
       100          0          0          0          0         76   fmul.o

    ----------------------------------------------------------------------
       804         16          0          0          0       1052   Library Totals
         6          0          0          0          0          0   (incl. Padding)

    ----------------------------------------------------------------------

      Code (inc. data)   RO Data    RW Data    ZI Data      Debug   Library Name

       280         16          0          0          0        312   mc_w.l
       518          0          0          0          0        740   mf_w.l

    ----------------------------------------------------------------------
       804         16          0          0          0       1052   Library Totals

    ----------------------------------------------------------------------

==============================================================================


      Code (inc. data)   RO Data    RW Data    ZI Data      Debug   

     39268       1932        328        768       6264    1211379   Grand Totals
     39268       1932        328        288       6264    1211379   ELF Image Totals (compressed)
     39268       1932        328        288          0          0   ROM Totals

==============================================================================

    Total RO  Size (Code + RO Data)                39596 (  38.67kB)
    Total RW  Size (RW Data + ZI Data)              7032 (   6.87kB)
    Total ROM Size (Code + RO Data + RW Data)      39884 (  38.95kB)

==============================================================================

