Component: ARM Compiler 5.06 update 7 (build 960) Tool: armlink [4d3601]

==============================================================================

Section Cross References

    startup_stm32f103xb.o(STACK) refers (Special) to heapauxi.o(.text) for __use_two_region_memory
    startup_stm32f103xb.o(HEAP) refers (Special) to heapauxi.o(.text) for __use_two_region_memory
    startup_stm32f103xb.o(RESET) refers (Special) to heapauxi.o(.text) for __use_two_region_memory
    startup_stm32f103xb.o(RESET) refers to startup_stm32f103xb.o(STACK) for __initial_sp
    startup_stm32f103xb.o(RESET) refers to startup_stm32f103xb.o(.text) for Reset_Handler
    startup_stm32f103xb.o(RESET) refers to stm32f1xx_it.o(i.NMI_Handler) for NMI_Handler
    startup_stm32f103xb.o(RESET) refers to stm32f1xx_it.o(i.HardFault_Handler) for HardFault_Handler
    startup_stm32f103xb.o(RESET) refers to stm32f1xx_it.o(i.MemManage_Handler) for MemManage_Handler
    startup_stm32f103xb.o(RESET) refers to stm32f1xx_it.o(i.BusFault_Handler) for BusFault_Handler
    startup_stm32f103xb.o(RESET) refers to stm32f1xx_it.o(i.UsageFault_Handler) for UsageFault_Handler
    startup_stm32f103xb.o(RESET) refers to stm32f1xx_it.o(i.SVC_Handler) for SVC_Handler
    startup_stm32f103xb.o(RESET) refers to stm32f1xx_it.o(i.DebugMon_Handler) for DebugMon_Handler
    startup_stm32f103xb.o(RESET) refers to stm32f1xx_it.o(i.PendSV_Handler) for PendSV_Handler
    startup_stm32f103xb.o(RESET) refers to stm32f1xx_it.o(i.SysTick_Handler) for SysTick_Handler
    startup_stm32f103xb.o(RESET) refers to stm32f1xx_it.o(i.USB_HP_CAN1_TX_IRQHandler) for USB_HP_CAN1_TX_IRQHandler
    startup_stm32f103xb.o(RESET) refers to stm32f1xx_it.o(i.USB_LP_CAN1_RX0_IRQHandler) for USB_LP_CAN1_RX0_IRQHandler
    startup_stm32f103xb.o(RESET) refers to stm32f1xx_it.o(i.TIM2_IRQHandler) for TIM2_IRQHandler
    startup_stm32f103xb.o(RESET) refers to stm32f1xx_it.o(i.TIM3_IRQHandler) for TIM3_IRQHandler
    startup_stm32f103xb.o(RESET) refers to stm32f1xx_it.o(i.SPI1_IRQHandler) for SPI1_IRQHandler
    startup_stm32f103xb.o(.text) refers (Special) to heapauxi.o(.text) for __use_two_region_memory
    startup_stm32f103xb.o(.text) refers to system_stm32f1xx.o(i.SystemInit) for SystemInit
    startup_stm32f103xb.o(.text) refers to __main.o(!!!main) for __main
    startup_stm32f103xb.o(.text) refers to startup_stm32f103xb.o(HEAP) for Heap_Mem
    startup_stm32f103xb.o(.text) refers to startup_stm32f103xb.o(STACK) for Stack_Mem
    main.o(i.ADC_READ) refers to stm32f1xx_hal_adc.o(i.HAL_ADC_Start) for HAL_ADC_Start
    main.o(i.ADC_READ) refers to stm32f1xx_hal_adc.o(i.HAL_ADC_PollForConversion) for HAL_ADC_PollForConversion
    main.o(i.ADC_READ) refers to stm32f1xx_hal_adc.o(i.HAL_ADC_GetState) for HAL_ADC_GetState
    main.o(i.ADC_READ) refers to stm32f1xx_hal_adc.o(i.HAL_ADC_GetValue) for HAL_ADC_GetValue
    main.o(i.ADC_READ) refers to stm32f1xx_hal_adc.o(i.HAL_ADC_Stop) for HAL_ADC_Stop
    main.o(i.ADC_READ) refers to main.o(.bss) for .bss
    main.o(i.CHARGE_ctrl) refers to stm32f1xx_hal_tim.o(i.HAL_TIM_PWM_Start) for HAL_TIM_PWM_Start
    main.o(i.CHARGE_ctrl) refers to stm32f1xx_hal_tim.o(i.HAL_TIM_PWM_Stop) for HAL_TIM_PWM_Stop
    main.o(i.CHARGE_ctrl) refers to main.o(.bss) for .bss
    main.o(i.HAL_TIM_IC_CaptureHalfCpltCallback) refers to stm32f1xx_hal_tim.o(i.HAL_TIM_ReadCapturedValue) for HAL_TIM_ReadCapturedValue
    main.o(i.HAL_TIM_IC_CaptureHalfCpltCallback) refers to main.o(.data) for .data
    main.o(i.HAL_TIM_IC_CaptureHalfCpltCallback) refers to main.o(.bss) for .bss
    main.o(i.LAMP_ctrl) refers to stm32f1xx_hal_tim.o(i.HAL_TIM_PWM_Start) for HAL_TIM_PWM_Start
    main.o(i.LAMP_ctrl) refers to stm32f1xx_hal.o(i.HAL_Delay) for HAL_Delay
    main.o(i.LAMP_ctrl) refers to stm32f1xx_hal_tim.o(i.HAL_TIM_PWM_Stop) for HAL_TIM_PWM_Stop
    main.o(i.LAMP_ctrl) refers to main.o(.bss) for .bss
    main.o(i.LED_ctrl) refers to stm32f1xx_hal_tim.o(i.HAL_TIM_PWM_Start) for HAL_TIM_PWM_Start
    main.o(i.LED_ctrl) refers to main.o(.bss) for .bss
    main.o(i.MX_ADC1_Init) refers to stm32f1xx_hal_adc.o(i.HAL_ADC_Init) for HAL_ADC_Init
    main.o(i.MX_ADC1_Init) refers to stm32f1xx_hal_adc.o(i.HAL_ADC_ConfigChannel) for HAL_ADC_ConfigChannel
    main.o(i.MX_ADC1_Init) refers to main.o(.bss) for .bss
    main.o(i.MX_GPIO_Init) refers to stm32f1xx_hal_gpio.o(i.HAL_GPIO_WritePin) for HAL_GPIO_WritePin
    main.o(i.MX_GPIO_Init) refers to stm32f1xx_hal_gpio.o(i.HAL_GPIO_Init) for HAL_GPIO_Init
    main.o(i.MX_SPI1_Init) refers to stm32f1xx_hal_spi.o(i.HAL_SPI_Init) for HAL_SPI_Init
    main.o(i.MX_SPI1_Init) refers to main.o(.bss) for .bss
    main.o(i.MX_TIM1_Init) refers to rt_memclr_w.o(.text) for __aeabi_memclr4
    main.o(i.MX_TIM1_Init) refers to stm32f1xx_hal_tim.o(i.HAL_TIM_Base_Init) for HAL_TIM_Base_Init
    main.o(i.MX_TIM1_Init) refers to stm32f1xx_hal_tim.o(i.HAL_TIM_ConfigClockSource) for HAL_TIM_ConfigClockSource
[...]
    _sys_write                               0x0800160d   Thumb Code    16  sys_io.o(.text)
    _sys_read                                0x0800161d   Thumb Code    14  sys_io.o(.text)
    _sys_istty                               0x0800162b   Thumb Code    12  sys_io.o(.text)
    _sys_seek                                0x08001637   Thumb Code    14  sys_io.o(.text)
    _sys_ensure                              0x08001645   Thumb Code     2  sys_io.o(.text)
    _sys_flen                                0x08001647   Thumb Code    12  sys_io.o(.text)
    __user_libspace                          0x08001655   Thumb Code     8  libspace.o(.text)
    __user_perproc_libspace                  0x08001655   Thumb Code     0  libspace.o(.text)
    __user_perthread_libspace                0x08001655   Thumb Code     0  libspace.o(.text)
    __user_setup_stackheap                   0x0800165d   Thumb Code    74  sys_stackheap_outer.o(.text)
    __rt_ctype_table                         0x080016a9   Thumb Code    16  rt_ctype_table.o(.text)
    free                                     0x080016b9   Thumb Code    78  h1_free.o(.text)
    __flsbuf                                 0x08001707   Thumb Code   470  flsbuf.o(.text)
    __flsbuf_byte                            0x08001707   Thumb Code     0  flsbuf.o(.text)
    __flsbuf_wide                            0x08001707   Thumb Code     0  flsbuf.o(.text)
    setvbuf                                  0x080018dd   Thumb Code    70  setvbuf.o(.text)
    freopen                                  0x08001925   Thumb Code   158  fopen.o(.text)
    fopen                                    0x080019c3   Thumb Code    74  fopen.o(.text)
    _fclose_internal                         0x08001a11   Thumb Code    76  fclose.o(.text)
    fclose                                   0x08001a11   Thumb Code     0  fclose.o(.text)
    exit                                     0x08001a5d   Thumb Code    18  exit.o(.text)
    __rt_SIGRTRED                            0x08001a6f   Thumb Code    14  defsig_rtred_outer.o(.text)
    strcmp                                   0x08001a7d   Thumb Code   128  strcmpv7m.o(.text)
    __I$use$semihosting                      0x08001afd   Thumb Code     0  use_no_semi.o(.text)
    __use_no_semihosting_swi                 0x08001afd   Thumb Code     2  use_no_semi.o(.text)
    __semihosting_library_function           0x08001aff   Thumb Code     0  indicate_semi.o(.text)
    __rt_heap_descriptor                     0x08001b01   Thumb Code     8  rt_heap_descriptor_intlibspace.o(.text)
    __use_no_heap                            0x08001b09   Thumb Code     2  hguard.o(.text)
    __heap$guard                             0x08001b0b   Thumb Code     2  hguard.o(.text)
    _terminate_user_alloc                    0x08001b0d   Thumb Code     2  init_alloc.o(.text)
    _init_user_alloc                         0x08001b0f   Thumb Code     2  init_alloc.o(.text)
    __Heap_Full                              0x08001b11   Thumb Code    34  init_alloc.o(.text)
    __Heap_Broken                            0x08001b33   Thumb Code     6  init_alloc.o(.text)
    _init_alloc                              0x08001b39   Thumb Code    94  init_alloc.o(.text)
    malloc                                   0x08001b97   Thumb Code    94  h1_alloc.o(.text)
    _fseek                                   0x08001bf5   Thumb Code   242  fseek.o(.text)
    fseek                                    0x08001bf5   Thumb Code     0  fseek.o(.text)
    _seterr                                  0x08001ced   Thumb Code    20  stdio.o(.text)
    _writebuf                                0x08001d01   Thumb Code    84  stdio.o(.text)
    _fflush                                  0x08001d55   Thumb Code    70  stdio.o(.text)
    _deferredlazyseek                        0x08001d9b   Thumb Code    60  stdio.o(.text)
    __sig_exit                               0x08001ddd   Thumb Code    10  defsig_exit.o(.text)
    __rt_SIGRTRED_inner                      0x08001de9   Thumb Code    14  defsig_rtred_inner.o(.text)
    strlen                                   0x08001e1d   Thumb Code    62  strlen.o(.text)
    _sys_exit                                0x08001e5d   Thumb Code     8  sys_exit.o(.text)
    __Heap_Initialize                        0x08001e69   Thumb Code    10  h1_init.o(.text)
    __Heap_DescSize                          0x08001e73   Thumb Code     4  h1_init.o(.text)
    __Heap_ProvideMemory                     0x08001e77   Thumb Code    52  h1_extend.o(.text)
    _ftell_internal                          0x08001eab   Thumb Code    66  ftell.o(.text)
    ftell                                    0x08001eab   Thumb Code     0  ftell.o(.text)
    __default_signal_display                 0x08001eed   Thumb Code    50  defsig_general.o(.text)
    __rt_SIGRTMEM                            0x08001f1f   Thumb Code    14  defsig_rtmem_outer.o(.text)
    _ttywrch                                 0x08001f2d   Thumb Code    14  sys_wrch.o(.text)
    __aeabi_errno_addr                       0x08001f3d   Thumb Code     8  rt_errno_addr_intlibspace.o(.text)
    __errno$intlibspace                      0x08001f3d   Thumb Code     0  rt_errno_addr_intlibspace.o(.text)
    __rt_errno_addr$intlibspace              0x08001f3d   Thumb Code     0  rt_errno_addr_intlibspace.o(.text)
    __rt_SIGRTMEM_inner                      0x08001f45   Thumb Code    22  defsig_rtmem_inner.o(.text)
    _btod_d2e                                0x08001f95   Thumb Code    62  btod.o(CL$$btod_d2e)
    _d2e_denorm_low                          0x08001fd3   Thumb Code    70  btod.o(CL$$btod_d2e_denorm_low)
    _d2e_norm_op1                            0x08002019   Thumb Code    96  btod.o(CL$$btod_d2e_norm_op1)
    __btod_div_common                        0x08002079   Thumb Code   696  btod.o(CL$$btod_div_common)
    _e2e                                     0x080023b1   Thumb Code   220  btod.o(CL$$btod_e2e)
    _btod_ediv                               0x0800248d   Thumb Code    42  btod.o(CL$$btod_ediv)
    _btod_emul                               0x080024b7   Thumb Code    42  btod.o(CL$$btod_emul)
    __btod_mult_common                       0x080024e1   Thumb Code   580  btod.o(CL$$btod_mult_common)
    ADC_ConversionStop_Disable               0x08002725   Thumb Code    86  stm32f1xx_hal_adc.o(i.ADC_ConversionStop_Disable)
    ADC_Enable                               0x0800277d   Thumb Code   114  stm32f1xx_hal_adc.o(i.ADC_Enable)
    BusFault_Handler                         0x080027f9   Thumb Code     2  stm32f1xx_it.o(i.BusFault_Handler)
    CDC_Transmit_FS                          0x08002841   Thumb Code    38  usbd_cdc_if.o(i.CDC_Transmit_FS)
    DebugMon_Handler                         0x0800286d   Thumb Code     2  stm32f1xx_it.o(i.DebugMon_Handler)
    Error_Handler                            0x0800286f   Thumb Code     4  main.o(i.Error_Handler)
    HAL_ADCEx_Calibration_Start              0x08002875   Thumb Code   210  stm32f1xx_hal_adc_ex.o(i.HAL_ADCEx_Calibration_Start)
    HAL_ADC_ConfigChannel                    0x0800294d   Thumb Code   240  stm32f1xx_hal_adc.o(i.HAL_ADC_ConfigChannel)
    HAL_ADC_GetState                         0x08002a49   Thumb Code     4  stm32f1xx_hal_adc.o(i.HAL_ADC_GetState)
    HAL_ADC_GetValue                         0x08002a4d   Thumb Code     6  stm32f1xx_hal_adc.o(i.HAL_ADC_GetValue)
    HAL_ADC_Init                             0x08002a55   Thumb Code   272  stm32f1xx_hal_adc.o(i.HAL_ADC_Init)
    HAL_ADC_MspInit                          0x08002b71   Thumb Code   106  stm32f1xx_hal_msp.o(i.HAL_ADC_MspInit)
    HAL_ADC_PollForConversion                0x08002bed   Thumb Code   304  stm32f1xx_hal_adc.o(i.HAL_ADC_PollForConversion)
    HAL_ADC_Start                            0x08002d29   Thumb Code   184  stm32f1xx_hal_adc.o(i.HAL_ADC_Start)
    HAL_ADC_Stop                             0x08002de9   Thumb Code    52  stm32f1xx_hal_adc.o(i.HAL_ADC_Stop)
    HAL_DMA_Abort_IT                         0x08002e1d   Thumb Code   148  stm32f1xx_hal_dma.o(i.HAL_DMA_Abort_IT)
    HAL_Delay                                0x08002eb5   Thumb Code    32  stm32f1xx_hal.o(i.HAL_Delay)
    HAL_GPIO_Init                            0x08002ed9   Thumb Code   446  stm32f1xx_hal_gpio.o(i.HAL_GPIO_Init)
    HAL_GPIO_WritePin                        0x080030b9   Thumb Code    10  stm32f1xx_hal_gpio.o(i.HAL_GPIO_WritePin)
    HAL_GetTick                              0x080030c5   Thumb Code     6  stm32f1xx_hal.o(i.HAL_GetTick)
    HAL_IncTick                              0x080030d1   Thumb Code    12  stm32f1xx_hal.o(i.HAL_IncTick)
    HAL_Init                                 0x080030e1   Thumb Code    32  stm32f1xx_hal.o(i.HAL_Init)
    HAL_InitTick                             0x08003105   Thumb Code    54  stm32f1xx_hal.o(i.HAL_InitTick)
    HAL_MspInit                              0x08003145   Thumb Code    52  stm32f1xx_hal_msp.o(i.HAL_MspInit)
    HAL_NVIC_EnableIRQ                       0x08003181   Thumb Code    26  stm32f1xx_hal_cortex.o(i.HAL_NVIC_EnableIRQ)
    HAL_NVIC_SetPriority                     0x0800319d   Thumb Code    60  stm32f1xx_hal_cortex.o(i.HAL_NVIC_SetPriority)
    HAL_NVIC_SetPriorityGrouping             0x080031dd   Thumb Code    26  stm32f1xx_hal_cortex.o(i.HAL_NVIC_SetPriorityGrouping)
    HAL_PCDEx_PMAConfig                      0x08003201   Thumb Code    60  stm32f1xx_hal_pcd_ex.o(i.HAL_PCDEx_PMAConfig)
    HAL_PCDEx_SetConnectionState             0x0800323d   Thumb Code     2  usbd_conf.o(i.HAL_PCDEx_SetConnectionState)
    HAL_PCD_DataInStageCallback              0x0800323f   Thumb Code    18  usbd_conf.o(i.HAL_PCD_DataInStageCallback)
    HAL_PCD_DataOutStageCallback             0x08003251   Thumb Code    20  usbd_conf.o(i.HAL_PCD_DataOutStageCallback)
    HAL_PCD_EP_Close                         0x08003265   Thumb Code    76  stm32f1xx_hal_pcd.o(i.HAL_PCD_EP_Close)
    HAL_PCD_EP_ClrStall                      0x080032b1   Thumb Code    92  stm32f1xx_hal_pcd.o(i.HAL_PCD_EP_ClrStall)
    HAL_PCD_EP_GetRxCount                    0x0800372b   Thumb Code    18  stm32f1xx_hal_pcd.o(i.HAL_PCD_EP_GetRxCount)
    HAL_PCD_EP_Open                          0x0800373d   Thumb Code    90  stm32f1xx_hal_pcd.o(i.HAL_PCD_EP_Open)
    HAL_PCD_EP_Receive                       0x08003797   Thumb Code    46  stm32f1xx_hal_pcd.o(i.HAL_PCD_EP_Receive)
    HAL_PCD_EP_SetStall                      0x080037c5   Thumb Code   114  stm32f1xx_hal_pcd.o(i.HAL_PCD_EP_SetStall)
    HAL_PCD_EP_Transmit                      0x08003837   Thumb Code    48  stm32f1xx_hal_pcd.o(i.HAL_PCD_EP_Transmit)
    HAL_PCD_IRQHandler                       0x08003869   Thumb Code   308  stm32f1xx_hal_pcd.o(i.HAL_PCD_IRQHandler)
    HAL_PCD_Init                             0x0800399d   Thumb Code   218  stm32f1xx_hal_pcd.o(i.HAL_PCD_Init)
    HAL_PCD_MspInit                          0x08003a79   Thumb Code    66  usbd_conf.o(i.HAL_PCD_MspInit)
    HAL_PCD_ResetCallback                    0x08003ac5   Thumb Code    38  usbd_conf.o(i.HAL_PCD_ResetCallback)
    HAL_PCD_ResumeCallback                   0x08003aeb   Thumb Code     8  usbd_conf.o(i.HAL_PCD_ResumeCallback)
    HAL_PCD_SOFCallback                      0x08003af3   Thumb Code     8  usbd_conf.o(i.HAL_PCD_SOFCallback)
    HAL_PCD_SetAddress                       0x08003afb   Thumb Code    40  stm32f1xx_hal_pcd.o(i.HAL_PCD_SetAddress)
    HAL_PCD_SetupStageCallback               0x08003b23   Thumb Code    14  usbd_conf.o(i.HAL_PCD_SetupStageCallback)
    HAL_PCD_Start                            0x08003b31   Thumb Code    50  stm32f1xx_hal_pcd.o(i.HAL_PCD_Start)
    HAL_PCD_SuspendCallback                  0x08003b65   Thumb Code    30  usbd_conf.o(i.HAL_PCD_SuspendCallback)
    HAL_RCCEx_GetPeriphCLKFreq               0x08003b89   Thumb Code   148  stm32f1xx_hal_rcc_ex.o(i.HAL_RCCEx_GetPeriphCLKFreq)
    HAL_RCCEx_PeriphCLKConfig                0x08003c2d   Thumb Code   224  stm32f1xx_hal_rcc_ex.o(i.HAL_RCCEx_PeriphCLKConfig)
    HAL_RCC_ClockConfig                      0x08003d19   Thumb Code   280  stm32f1xx_hal_rcc.o(i.HAL_RCC_ClockConfig)
    HAL_RCC_GetPCLK2Freq                     0x08003e45   Thumb Code    20  stm32f1xx_hal_rcc.o(i.HAL_RCC_GetPCLK2Freq)
    HAL_RCC_GetSysClockFreq                  0x08003e65   Thumb Code    58  stm32f1xx_hal_rcc.o(i.HAL_RCC_GetSysClockFreq)
    HAL_RCC_OscConfig                        0x08003eb1   Thumb Code   778  stm32f1xx_hal_rcc.o(i.HAL_RCC_OscConfig)
    HAL_SPI_ErrorCallback                    0x080041d1   Thumb Code     2  stm32f1xx_hal_spi.o(i.HAL_SPI_ErrorCallback)
    HAL_SPI_IRQHandler                       0x080041d5   Thumb Code   220  stm32f1xx_hal_spi.o(i.HAL_SPI_IRQHandler)
    HAL_SPI_Init                             0x080042b5   Thumb Code   178  stm32f1xx_hal_spi.o(i.HAL_SPI_Init)
    HAL_SPI_MspInit                          0x08004369   Thumb Code   114  stm32f1xx_hal_msp.o(i.HAL_SPI_MspInit)
    HAL_SYSTICK_Config                       0x080043e9   Thumb Code    40  stm32f1xx_hal_cortex.o(i.HAL_SYSTICK_Config)
    HAL_TIMEx_BreakCallback                  0x08004411   Thumb Code     2  stm32f1xx_hal_tim_ex.o(i.HAL_TIMEx_BreakCallback)
    HAL_TIMEx_CommutCallback                 0x08004413   Thumb Code     2  stm32f1xx_hal_tim_ex.o(i.HAL_TIMEx_CommutCallback)
    HAL_TIMEx_ConfigBreakDeadTime            0x08004415   Thumb Code    84  stm32f1xx_hal_tim_ex.o(i.HAL_TIMEx_ConfigBreakDeadTime)
    HAL_TIMEx_MasterConfigSynchronization    0x08004469   Thumb Code    92  stm32f1xx_hal_tim_ex.o(i.HAL_TIMEx_MasterConfigSynchronization)
    HAL_TIM_Base_Init                        0x080044d1   Thumb Code    90  stm32f1xx_hal_tim.o(i.HAL_TIM_Base_Init)
    HAL_TIM_Base_MspInit                     0x0800452d   Thumb Code   154  stm32f1xx_hal_msp.o(i.HAL_TIM_Base_MspInit)
    HAL_TIM_ConfigClockSource                0x080045dd   Thumb Code   220  stm32f1xx_hal_tim.o(i.HAL_TIM_ConfigClockSource)
    HAL_TIM_IC_CaptureCallback               0x080046b9   Thumb Code     2  stm32f1xx_hal_tim.o(i.HAL_TIM_IC_CaptureCallback)
    HAL_TIM_IC_ConfigChannel                 0x080046bb   Thumb Code   292  stm32f1xx_hal_tim.o(i.HAL_TIM_IC_ConfigChannel)
    HAL_TIM_IC_Init                          0x080047df   Thumb Code    90  stm32f1xx_hal_tim.o(i.HAL_TIM_IC_Init)
    HAL_TIM_IC_MspInit                       0x08004839   Thumb Code   106  stm32f1xx_hal_msp.o(i.HAL_TIM_IC_MspInit)
    HAL_TIM_IC_Start_IT                      0x080048b5   Thumb Code   216  stm32f1xx_hal_tim.o(i.HAL_TIM_IC_Start_IT)
    HAL_TIM_IRQHandler                       0x08004999   Thumb Code   358  stm32f1xx_hal_tim.o(i.HAL_TIM_IRQHandler)
    HAL_TIM_MspPostInit                      0x08004b01   Thumb Code   104  stm32f1xx_hal_msp.o(i.HAL_TIM_MspPostInit)
    HAL_TIM_OC_DelayElapsedCallback          0x08004b7d   Thumb Code     2  stm32f1xx_hal_tim.o(i.HAL_TIM_OC_DelayElapsedCallback)
    HAL_TIM_PWM_ConfigChannel                0x08004b7f   Thumb Code   204  stm32f1xx_hal_tim.o(i.HAL_TIM_PWM_ConfigChannel)
    HAL_TIM_PWM_Init                         0x08004c4b   Thumb Code    90  stm32f1xx_hal_tim.o(i.HAL_TIM_PWM_Init)
    HAL_TIM_PWM_MspInit                      0x08004ca5   Thumb Code     2  stm32f1xx_hal_tim.o(i.HAL_TIM_PWM_MspInit)
    HAL_TIM_PWM_PulseFinishedCallback        0x08004ca7   Thumb Code     2  stm32f1xx_hal_tim.o(i.HAL_TIM_PWM_PulseFinishedCallback)
    HAL_TIM_PWM_Start                        0x08004ca9   Thumb Code   144  stm32f1xx_hal_tim.o(i.HAL_TIM_PWM_Start)
    HAL_TIM_PWM_Stop                         0x08004d45   Thumb Code   108  stm32f1xx_hal_tim.o(i.HAL_TIM_PWM_Stop)
    HAL_TIM_PeriodElapsedCallback            0x08004db5   Thumb Code     2  stm32f1xx_hal_tim.o(i.HAL_TIM_PeriodElapsedCallback)
    HAL_TIM_SlaveConfigSynchro               0x08004db7   Thumb Code    86  stm32f1xx_hal_tim.o(i.HAL_TIM_SlaveConfigSynchro)
    HAL_TIM_TriggerCallback                  0x08004e0d   Thumb Code     2  stm32f1xx_hal_tim.o(i.HAL_TIM_TriggerCallback)
    HardFault_Handler                        0x08004e0f   Thumb Code     2  stm32f1xx_it.o(i.HardFault_Handler)
    LAMP_ctrl                                0x08004e49   Thumb Code    72  main.o(i.LAMP_ctrl)
    MX_USB_DEVICE_Init                       0x08005351   Thumb Code    66  usb_device.o(i.MX_USB_DEVICE_Init)
    MemManage_Handler                        0x080053a5   Thumb Code     2  stm32f1xx_it.o(i.MemManage_Handler)
    NMI_Handler                              0x080053a7   Thumb Code     2  stm32f1xx_it.o(i.NMI_Handler)
    PendSV_Handler                           0x08005755   Thumb Code     2  stm32f1xx_it.o(i.PendSV_Handler)
    SPI1_IRQHandler                          0x08005759   Thumb Code     6  stm32f1xx_it.o(i.SPI1_IRQHandler)
    SVC_Handler                              0x08005775   Thumb Code     2  stm32f1xx_it.o(i.SVC_Handler)
    SysTick_Handler                          0x08005779   Thumb Code    68  stm32f1xx_it.o(i.SysTick_Handler)
    SystemClock_Config                       0x080057c5   Thumb Code   124  main.o(i.SystemClock_Config)
    SystemInit                               0x08005841   Thumb Code     2  system_stm32f1xx.o(i.SystemInit)
    TIM2_IRQHandler                          0x08005845   Thumb Code     6  stm32f1xx_it.o(i.TIM2_IRQHandler)
    TIM3_IRQHandler                          0x08005851   Thumb Code     6  stm32f1xx_it.o(i.TIM3_IRQHandler)
    TIM_Base_SetConfig                       0x0800585d   Thumb Code    94  stm32f1xx_hal_tim.o(i.TIM_Base_SetConfig)
    TIM_CCxChannelCmd                        0x080058c9   Thumb Code    26  stm32f1xx_hal_tim.o(i.TIM_CCxChannelCmd)
    TIM_ETR_SetConfig                        0x080058e3   Thumb Code    20  stm32f1xx_hal_tim.o(i.TIM_ETR_SetConfig)
    TIM_OC2_SetConfig                        0x08005959   Thumb Code    84  stm32f1xx_hal_tim.o(i.TIM_OC2_SetConfig)
    TIM_TI1_SetConfig                        0x08005afd   Thumb Code    76  stm32f1xx_hal_tim.o(i.TIM_TI1_SetConfig)
    USBD_CDC_GetDeviceQualifierDescriptor    0x08005c8d   Thumb Code     8  usbd_cdc.o(i.USBD_CDC_GetDeviceQualifierDescriptor)
    USBD_CDC_ReceivePacket                   0x08005d51   Thumb Code    40  usbd_cdc.o(i.USBD_CDC_ReceivePacket)
    USBD_CDC_RegisterInterface               0x08005d79   Thumb Code    16  usbd_cdc.o(i.USBD_CDC_RegisterInterface)
    USBD_CDC_SetRxBuffer                     0x08005d89   Thumb Code    12  usbd_cdc.o(i.USBD_CDC_SetRxBuffer)
    USBD_CDC_SetTxBuffer                     0x08005d95   Thumb Code    16  usbd_cdc.o(i.USBD_CDC_SetTxBuffer)
    USBD_CDC_TransmitPacket                  0x08005e51   Thumb Code    54  usbd_cdc.o(i.USBD_CDC_TransmitPacket)
    USBD_ClrClassConfig                      0x08005e87   Thumb Code    14  usbd_core.o(i.USBD_ClrClassConfig)
    USBD_CtlContinueRx                       0x08005e95   Thumb Code    16  usbd_ioreq.o(i.USBD_CtlContinueRx)
    USBD_CtlContinueSendData                 0x08005ea5   Thumb Code    16  usbd_ioreq.o(i.USBD_CtlContinueSendData)
    USBD_CtlError                            0x08005eb5   Thumb Code    22  usbd_ctlreq.o(i.USBD_CtlError)
    USBD_CtlPrepareRx                        0x08005ecb   Thumb Code    30  usbd_ioreq.o(i.USBD_CtlPrepareRx)
    USBD_CtlReceiveStatus                    0x08005ee9   Thumb Code    22  usbd_ioreq.o(i.USBD_CtlReceiveStatus)
    USBD_CtlSendData                         0x08005eff   Thumb Code    26  usbd_ioreq.o(i.USBD_CtlSendData)
    USBD_CtlSendStatus                       0x08005f19   Thumb Code    22  usbd_ioreq.o(i.USBD_CtlSendStatus)
    USBD_FS_ConfigStrDescriptor              0x08005f31   Thumb Code    16  usbd_desc.o(i.USBD_FS_ConfigStrDescriptor)
    USBD_FS_DeviceDescriptor                 0x08005f51   Thumb Code     8  usbd_desc.o(i.USBD_FS_DeviceDescriptor)
    USBD_FS_InterfaceStrDescriptor           0x08005f5d   Thumb Code    16  usbd_desc.o(i.USBD_FS_InterfaceStrDescriptor)
    USBD_FS_LangIDStrDescriptor              0x08005f81   Thumb Code     8  usbd_desc.o(i.USBD_FS_LangIDStrDescriptor)
    USBD_FS_ManufacturerStrDescriptor        0x08005f8d   Thumb Code    16  usbd_desc.o(i.USBD_FS_ManufacturerStrDescriptor)
    USBD_FS_ProductStrDescriptor             0x08005fb5   Thumb Code    16  usbd_desc.o(i.USBD_FS_ProductStrDescriptor)
    USBD_FS_SerialStrDescriptor              0x08005fe1   Thumb Code    48  usbd_desc.o(i.USBD_FS_SerialStrDescriptor)
    USBD_GetString                           0x08006101   Thumb Code    72  usbd_ctlreq.o(i.USBD_GetString)
    USBD_Init                                0x08006161   Thumb Code    42  usbd_core.o(i.USBD_Init)
    USBD_LL_ClearStallEP                     0x0800618b   Thumb Code    18  usbd_conf.o(i.USBD_LL_ClearStallEP)
    USBD_LL_CloseEP                          0x0800619d   Thumb Code    18  usbd_conf.o(i.USBD_LL_CloseEP)
    USBD_LL_DataInStage                      0x080061af   Thumb Code   198  usbd_core.o(i.USBD_LL_DataInStage)
    USBD_LL_DataOutStage                     0x08006275   Thumb Code   130  usbd_core.o(i.USBD_LL_DataOutStage)
    USBD_LL_GetRxDataSize                    0x080062f7   Thumb Code     8  usbd_conf.o(i.USBD_LL_GetRxDataSize)
    USBD_LL_Init                             0x08006301   Thumb Code   118  usbd_conf.o(i.USBD_LL_Init)
    USBD_LL_IsStallEP                        0x08006381   Thumb Code    32  usbd_conf.o(i.USBD_LL_IsStallEP)
    USBD_LL_OpenEP                           0x080063a1   Thumb Code    24  usbd_conf.o(i.USBD_LL_OpenEP)
    USBD_LL_PrepareReceive                   0x080063b9   Thumb Code    18  usbd_conf.o(i.USBD_LL_PrepareReceive)
    USBD_LL_Reset                            0x080063cb   Thumb Code    80  usbd_core.o(i.USBD_LL_Reset)
    USBD_LL_Resume                           0x0800641b   Thumb Code    20  usbd_core.o(i.USBD_LL_Resume)
    USBD_LL_SOF                              0x0800642f   Thumb Code    24  usbd_core.o(i.USBD_LL_SOF)
    USBD_LL_SetSpeed                         0x08006447   Thumb Code     6  usbd_core.o(i.USBD_LL_SetSpeed)
    USBD_LL_SetUSBAddress                    0x0800644d   Thumb Code    18  usbd_conf.o(i.USBD_LL_SetUSBAddress)
    USBD_LL_SetupStage                       0x0800645f   Thumb Code    90  usbd_core.o(i.USBD_LL_SetupStage)
    USBD_LL_StallEP                          0x080064b9   Thumb Code    18  usbd_conf.o(i.USBD_LL_StallEP)
    USBD_LL_Start                            0x080064cb   Thumb Code    18  usbd_conf.o(i.USBD_LL_Start)
    USBD_LL_Suspend                          0x080064dd   Thumb Code    18  usbd_core.o(i.USBD_LL_Suspend)
    USBD_LL_Transmit                         0x080064ef   Thumb Code    18  usbd_conf.o(i.USBD_LL_Transmit)
    USBD_ParseSetupRequest                   0x08006501   Thumb Code    40  usbd_ctlreq.o(i.USBD_ParseSetupRequest)
    USBD_RegisterClass                       0x08006529   Thumb Code    16  usbd_core.o(i.USBD_RegisterClass)
    USBD_SetClassConfig                      0x08006539   Thumb Code    22  usbd_core.o(i.USBD_SetClassConfig)
    USBD_Start                               0x080065d5   Thumb Code    10  usbd_core.o(i.USBD_Start)
    USBD_StdDevReq                           0x080065df   Thumb Code   274  usbd_ctlreq.o(i.USBD_StdDevReq)
    USBD_StdEPReq                            0x080066f1   Thumb Code   336  usbd_ctlreq.o(i.USBD_StdEPReq)
    USBD_StdItfReq                           0x08006841   Thumb Code    78  usbd_ctlreq.o(i.USBD_StdItfReq)
    USBD_static_free                         0x0800688f   Thumb Code     2  usbd_conf.o(i.USBD_static_free)
    USBD_static_malloc                       0x08006891   Thumb Code     4  usbd_conf.o(i.USBD_static_malloc)
    USBVcom_printf                           0x08006899   Thumb Code    30  usbd_cdc_if.o(i.USBVcom_printf)
    USB_ActivateEndpoint                     0x080068bd   Thumb Code   668  stm32f1xx_ll_usb.o(i.USB_ActivateEndpoint)
    USB_CoreInit                             0x08006b59   Thumb Code     4  stm32f1xx_ll_usb.o(i.USB_CoreInit)
    USB_DeactivateEndpoint                   0x08006b5d   Thumb Code   270  stm32f1xx_ll_usb.o(i.USB_DeactivateEndpoint)
    USB_DevConnect                           0x08006c6b   Thumb Code     4  stm32f1xx_ll_usb.o(i.USB_DevConnect)
    USB_DevDisconnect                        0x08006c6f   Thumb Code     4  stm32f1xx_ll_usb.o(i.USB_DevDisconnect)
    USB_DevInit                              0x08006c73   Thumb Code    18  stm32f1xx_ll_usb.o(i.USB_DevInit)
    USB_DisableGlobalInt                     0x08006c85   Thumb Code    14  stm32f1xx_ll_usb.o(i.USB_DisableGlobalInt)
    USB_EP0_OutStart                         0x08006c93   Thumb Code     4  stm32f1xx_ll_usb.o(i.USB_EP0_OutStart)
    USB_EPClearStall                         0x08006c97   Thumb Code   120  stm32f1xx_ll_usb.o(i.USB_EPClearStall)
    USB_EPSetStall                           0x08006d0f   Thumb Code    50  stm32f1xx_ll_usb.o(i.USB_EPSetStall)
    USB_EPStartXfer                          0x08006d41   Thumb Code  1250  stm32f1xx_ll_usb.o(i.USB_EPStartXfer)
    USB_EnableGlobalInt                      0x08007223   Thumb Code    18  stm32f1xx_ll_usb.o(i.USB_EnableGlobalInt)
    USB_HP_CAN1_TX_IRQHandler                0x08007235   Thumb Code     6  stm32f1xx_it.o(i.USB_HP_CAN1_TX_IRQHandler)
    USB_Init                                 0x08007241   Thumb Code    78  main.o(i.USB_Init)
    USB_LP_CAN1_RX0_IRQHandler               0x08007299   Thumb Code     6  stm32f1xx_it.o(i.USB_LP_CAN1_RX0_IRQHandler)
    USB_ReadInterrupts                       0x080072a5   Thumb Code     6  stm32f1xx_ll_usb.o(i.USB_ReadInterrupts)
    USB_ReadPMA                              0x080072ad   Thumb Code    44  stm32f1xx_ll_usb.o(i.USB_ReadPMA)
    USB_SetCurrentMode                       0x080072d9   Thumb Code     4  stm32f1xx_ll_usb.o(i.USB_SetCurrentMode)
    USB_SetDevAddress                        0x080072dd   Thumb Code    12  stm32f1xx_ll_usb.o(i.USB_SetDevAddress)
    USB_WritePMA                             0x080072e9   Thumb Code    38  stm32f1xx_ll_usb.o(i.USB_WritePMA)
    UsageFault_Handler                       0x0800730f   Thumb Code     2  stm32f1xx_it.o(i.UsageFault_Handler)
    __ARM_fpclassify                         0x08007311   Thumb Code    40  fpclassify.o(i.__ARM_fpclassify)
    _is_digit                                0x08007359   Thumb Code    14  __printf_wp.o(i._is_digit)
    fputc                                    0x08007367   Thumb Code    26  fputc.o(i.fputc)
    main                                     0x08007381   Thumb Code   320  main.o(i.main)
    _get_lc_numeric                          0x08007511   Thumb Code    44  lc_numeric_c.o(locale$$code)
    _get_lc_ctype                            0x0800753d   Thumb Code    44  lc_ctype_c.o(locale$$code)
    __fpl_dretinf                            0x08007569   Thumb Code    12  dretinf.o(x$fpl$dretinf)
    __aeabi_f2d                              0x08007575   Thumb Code     0  f2d.o(x$fpl$f2d)
    _f2d                                     0x08007575   Thumb Code    86  f2d.o(x$fpl$f2d)
    __aeabi_ui2f                             0x080075cd   Thumb Code     0  fflt_clz.o(x$fpl$ffltu)
    _ffltu                                   0x080075cd   Thumb Code    38  fflt_clz.o(x$fpl$ffltu)
    __fpl_fnaninf                            0x080075f3   Thumb Code   140  fnaninf.o(x$fpl$fnaninf)
    _printf_fp_dec                           0x0800767f   Thumb Code     4  printf1.o(x$fpl$printf1)
    _printf_fp_hex                           0x08007683   Thumb Code     4  printf2.o(x$fpl$printf2)
    __I$use$fp                               0x08007686   Number         0  usenofp.o(x$fpl$usenofp)
    AHBPrescTable                            0x080076aa   Data          16  system_stm32f1xx.o(.constdata)
    APBPrescTable                            0x080076ba   Data           8  system_stm32f1xx.o(.constdata)
    __stdin_name                             0x080077c0   Data           4  sys_io.o(.constdata)
    __stdout_name                            0x080077c4   Data           4  sys_io.o(.constdata)
    __stderr_name                            0x080077c8   Data           4  sys_io.o(.constdata)
    Region$$Table$$Base                      0x080077cc   Number         0  anon$$obj.o(Region$$Table)
    Region$$Table$$Limit                     0x080077ec   Number         0  anon$$obj.o(Region$$Table)
    __ctype                                  0x08007815   Data           0  lc_ctype_c.o(locale$$data)
    System_time                              0x20000000   Data          16  main.o(.data)
    CC1_val                                  0x20000010   Data           4  main.o(.data)
    CC2_val                                  0x20000014   Data           4  main.o(.data)
    Duty_Cycle                               0x20000018   Data           4  main.o(.data)
    AC_Freq                                  0x2000001c   Data           4  main.o(.data)
    FS_Desc                                  0x20000020   Data          28  usbd_desc.o(.data)
    USBD_LangIDDesc                          0x2000003c   Data           4  usbd_desc.o(.data)
    USBD_FS_DeviceDesc                       0x20000040   Data          18  usbd_desc.o(.data)
    USBD_StringSerial                        0x20000054   Data          26  usbd_desc.o(.data)
    USBD_Interface_fops_FS                   0x20000070   Data          16  usbd_cdc_if.o(.data)
    uwTickFreq                               0x20000080   Data           1  stm32f1xx_hal.o(.data)
    uwTickPrio                               0x20000084   Data           4  stm32f1xx_hal.o(.data)
    uwTick                                   0x20000088   Data           4  stm32f1xx_hal.o(.data)
    SystemCoreClock                          0x2000008c   Data           4  system_stm32f1xx.o(.data)
    USBD_CDC_CfgHSDesc                       0x200000a0   Data          67  usbd_cdc.o(.data)
    USBD_CDC_CfgFSDesc                       0x200000e4   Data          67  usbd_cdc.o(.data)
    USBD_CDC_OtherSpeedCfgDesc               0x20000128   Data          67  usbd_cdc.o(.data)
    USBD_CDC                                 0x2000016c   Data          56  usbd_cdc.o(.data)
    __aeabi_stdin                            0x200001a4   Data           4  stdio_streams.o(.data)
    __aeabi_stdout                           0x200001a8   Data           4  stdio_streams.o(.data)
    __aeabi_stderr                           0x200001ac   Data           4  stdio_streams.o(.data)
    hadc1                                    0x200001b0   Data          48  main.o(.bss)
    hspi1                                    0x200001e0   Data          88  main.o(.bss)
    htim1                                    0x20000238   Data          72  main.o(.bss)
    htim2                                    0x20000280   Data          72  main.o(.bss)
    htim3                                    0x200002c8   Data          72  main.o(.bss)
    htim4                                    0x20000310   Data          72  main.o(.bss)
    hUsbDeviceFS                             0x20000358   Data         708  usb_device.o(.bss)
    USBD_StrDesc                             0x2000061c   Data         512  usbd_desc.o(.bss)
    UserRxBufferFS                           0x2000081c   Data        1024  usbd_cdc_if.o(.bss)
    UserTxBufferFS                           0x20000c1c   Data        1024  usbd_cdc_if.o(.bss)
    usbtemp                                  0x2000101c   Data          64  usbd_cdc_if.o(.bss)
    hpcd_USB_FS                              0x2000127c   Data         752  usbd_conf.o(.bss)
    __stdin                                  0x2000156c   Data          84  stdio_streams.o(.bss)
    __stdout                                 0x200015c0   Data          84  stdio_streams.o(.bss)
    __stderr                                 0x20001614   Data          84  stdio_streams.o(.bss)
    __libspace_start                         0x20001668   Data          96  libspace.o(.bss)
    __temporary_stack_top$libspace           0x200016c8   Data           0  libspace.o(.bss)



==============================================================================

Memory Map of the image

  Image Entry point : 0x080000ed

  Load Region LR_IROM1 (Base: 0x08000000, Size: 0x00007ac8, Max: 0x00010000, ABSOLUTE, COMPRESSED[0x000079dc])

    Execution Region ER_IROM1 (Exec base: 0x08000000, Load base: 0x08000000, Size: 0x00007918, Max: 0x00010000, ABSOLUTE)

    Exec Addr    Load Addr    Size         Type   Attr      Idx    E Section Name        Object

    0x08000000   0x08000000   0x000000ec   Data   RO            3    RESET               startup_stm32f103xb.o
    0x080000ec   0x080000ec   0x00000008   Code   RO         4345  * !!!main             c_w.l(__main.o)
    0x080000f4   0x080000f4   0x00000034   Code   RO         4850    !!!scatter          c_w.l(__scatter.o)
    0x08000128   0x08000128   0x0000005a   Code   RO         4848    !!dczerorl2         c_w.l(__dczerorl2.o)
    0x08000182   0x08000182   0x00000002   PAD
    0x08000184   0x08000184   0x0000001c   Code   RO         4852    !!handler_zi        c_w.l(__scatter_zi.o)
    0x080001a0   0x080001a0   0x00000000   Code   RO         4338    .ARM.Collect$$_printf_percent$$00000000  c_w.l(_printf_percent.o)
    0x080001a0   0x080001a0   0x00000006   Code   RO         4416    .ARM.Collect$$_printf_percent$$00000001  c_w.l(_printf_n.o)
    0x080001a6   0x080001a6   0x00000006   Code   RO         4418    .ARM.Collect$$_printf_percent$$00000002  c_w.l(_printf_p.o)
    0x080001ac   0x080001ac   0x00000006   Code   RO         4337    .ARM.Collect$$_printf_percent$$00000003  c_w.l(_printf_f.o)
    0x080001b2   0x080001b2   0x00000006   Code   RO         4422    .ARM.Collect$$_printf_percent$$00000004  c_w.l(_printf_e.o)
    0x080001b8   0x080001b8   0x00000006   Code   RO         4423    .ARM.Collect$$_printf_percent$$00000005  c_w.l(_printf_g.o)
    0x080001be   0x080001be   0x00000006   Code   RO         4424    .ARM.Collect$$_printf_percent$$00000006  c_w.l(_printf_a.o)
    0x080001c4   0x080001c4   0x0000000a   Code   RO         4429    .ARM.Collect$$_printf_percent$$00000007  c_w.l(_printf_ll.o)
    0x080001ce   0x080001ce   0x00000006   Code   RO         4420    .ARM.Collect$$_printf_percent$$00000008  c_w.l(_printf_i.o)
    0x080001d4   0x080001d4   0x00000006   Code   RO         4336    .ARM.Collect$$_printf_percent$$00000009  c_w.l(_printf_d.o)
    0x080001da   0x080001da   0x00000006   Code   RO         4421    .ARM.Collect$$_printf_percent$$0000000A  c_w.l(_printf_u.o)
    0x080001e0   0x080001e0   0x00000006   Code   RO         4419    .ARM.Collect$$_printf_percent$$0000000B  c_w.l(_printf_o.o)
    0x080001e6   0x080001e6   0x00000006   Code   RO         4417    .ARM.Collect$$_printf_percent$$0000000C  c_w.l(_printf_x.o)
    0x080001ec   0x080001ec   0x00000006   Code   RO         4426    .ARM.Collect$$_printf_percent$$0000000D  c_w.l(_printf_lli.o)
    0x080001f2   0x080001f2   0x00000006   Code   RO         4427    .ARM.Collect$$_printf_percent$$0000000E  c_w.l(_printf_lld.o)
    0x080001f8   0x080001f8   0x00000006   Code   RO         4428    .ARM.Collect$$_printf_percent$$0000000F  c_w.l(_printf_llu.o)
    0x080001fe   0x080001fe   0x00000006   Code   RO         4433    .ARM.Collect$$_printf_percent$$00000010  c_w.l(_printf_llo.o)
    0x08000204   0x08000204   0x00000006   Code   RO         4434    .ARM.Collect$$_printf_percent$$00000011  c_w.l(_printf_llx.o)
    0x0800020a   0x0800020a   0x0000000a   Code   RO         4430    .ARM.Collect$$_printf_percent$$00000012  c_w.l(_printf_l.o)
    0x08000214   0x08000214   0x00000006   Code   RO         4414    .ARM.Collect$$_printf_percent$$00000013  c_w.l(_printf_c.o)
    0x0800021a   0x0800021a   0x00000006   Code   RO         4415    .ARM.Collect$$_printf_percent$$00000014  c_w.l(_printf_s.o)
    0x08000220   0x08000220   0x00000006   Code   RO         4431    .ARM.Collect$$_printf_percent$$00000015  c_w.l(_printf_lc.o)
    0x08000226   0x08000226   0x00000006   Code   RO         4432    .ARM.Collect$$_printf_percent$$00000016  c_w.l(_printf_ls.o)
    0x0800022c   0x0800022c   0x00000004   Code   RO         4425    .ARM.Collect$$_printf_percent$$00000017  c_w.l(_printf_percent_end.o)
    0x08000230   0x08000230   0x00000002   Code   RO         4635    .ARM.Collect$$libinit$$00000000  c_w.l(libinit.o)
    0x08000232   0x08000232   0x00000000   Code   RO         4637    .ARM.Collect$$libinit$$00000002  c_w.l(libinit2.o)
    0x08000232   0x08000232   0x00000000   Code   RO         4639    .ARM.Collect$$libinit$$00000004  c_w.l(libinit2.o)
    0x08000232   0x08000232   0x00000008   Code   RO         4640    .ARM.Collect$$libinit$$00000005  c_w.l(libinit2.o)
    0x0800023a   0x0800023a   0x00000000   Code   RO         4642    .ARM.Collect$$libinit$$0000000A  c_w.l(libinit2.o)
    0x0800023a   0x0800023a   0x00000000   Code   RO         4644    .ARM.Collect$$libinit$$0000000C  c_w.l(libinit2.o)
    0x0800023a   0x0800023a   0x00000000   Code   RO         4646    .ARM.Collect$$libinit$$0000000E  c_w.l(libinit2.o)
    0x0800023a   0x0800023a   0x00000006   Code   RO         4647    .ARM.Collect$$libinit$$0000000F  c_w.l(libinit2.o)
    0x08000240   0x08000240   0x00000000   Code   RO         4649    .ARM.Collect$$libinit$$00000011  c_w.l(libinit2.o)
    0x08000240   0x08000240   0x0000000c   Code   RO         4650    .ARM.Collect$$libinit$$00000012  c_w.l(libinit2.o)
    0x0800024c   0x0800024c   0x00000000   Code   RO         4651    .ARM.Collect$$libinit$$00000013  c_w.l(libinit2.o)
    0x0800024c   0x0800024c   0x00000000   Code   RO         4653    .ARM.Collect$$libinit$$00000015  c_w.l(libinit2.o)
    0x0800024c   0x0800024c   0x0000000a   Code   RO         4654    .ARM.Collect$$libinit$$00000016  c_w.l(libinit2.o)
    0x08000256   0x08000256   0x00000000   Code   RO         4655    .ARM.Collect$$libinit$$00000017  c_w.l(libinit2.o)
    0x08000256   0x08000256   0x00000000   Code   RO         4657    .ARM.Collect$$libinit$$00000019  c_w.l(libinit2.o)
    0x08000256   0x08000256   0x00000000   Code   RO         4659    .ARM.Collect$$libinit$$0000001B  c_w.l(libinit2.o)
    0x08000256   0x08000256   0x00000000   Code   RO         4661    .ARM.Collect$$libinit$$0000001D  c_w.l(libinit2.o)
    0x08000256   0x08000256   0x00000000   Code   RO         4663    .ARM.Collect$$libinit$$0000001F  c_w.l(libinit2.o)
    0x08000256   0x08000256   0x00000000   Code   RO         4665    .ARM.Collect$$libinit$$00000021  c_w.l(libinit2.o)
    0x08000256   0x08000256   0x00000000   Code   RO         4667    .ARM.Collect$$libinit$$00000023  c_w.l(libinit2.o)
    0x08000256   0x08000256   0x00000004   Code   RO         4668    .ARM.Collect$$libinit$$00000024  c_w.l(libinit2.o)
    0x0800025a   0x0800025a   0x00000000   Code   RO         4669    .ARM.Collect$$libinit$$00000025  c_w.l(libinit2.o)
    0x0800025a   0x0800025a   0x00000000   Code   RO         4673    .ARM.Collect$$libinit$$0000002C  c_w.l(libinit2.o)
    0x0800025a   0x0800025a   0x00000000   Code   RO         4675    .ARM.Collect$$libinit$$0000002E  c_w.l(libinit2.o)
    0x0800025a   0x0800025a   0x00000000   Code   RO         4677    .ARM.Collect$$libinit$$00000030  c_w.l(libinit2.o)
    0x0800025a   0x0800025a   0x00000000   Code   RO         4679    .ARM.Collect$$libinit$$00000032  c_w.l(libinit2.o)
    0x0800025a   0x0800025a   0x00000002   Code   RO         4680    .ARM.Collect$$libinit$$00000033  c_w.l(libinit2.o)
    0x0800025c   0x0800025c   0x00000002   Code   RO         4829    .ARM.Collect$$libshutdown$$00000000  c_w.l(libshutdown.o)
    0x0800025e   0x0800025e   0x00000000   Code   RO         4682    .ARM.Collect$$libshutdown$$00000002  c_w.l(libshutdown2.o)
    0x0800025e   0x0800025e   0x00000000   Code   RO         4684    .ARM.Collect$$libshutdown$$00000004  c_w.l(libshutdown2.o)
    0x0800025e   0x0800025e   0x00000004   Code   RO         4685    .ARM.Collect$$libshutdown$$00000005  c_w.l(libshutdown2.o)
    0x08000262   0x08000262   0x00000000   Code   RO         4686    .ARM.Collect$$libshutdown$$00000006  c_w.l(libshutdown2.o)
    0x08000262   0x08000262   0x00000000   Code   RO         4689    .ARM.Collect$$libshutdown$$00000009  c_w.l(libshutdown2.o)
    0x08000262   0x08000262   0x00000000   Code   RO         4692    .ARM.Collect$$libshutdown$$0000000C  c_w.l(libshutdown2.o)
    0x08000262   0x08000262   0x00000000   Code   RO         4694    .ARM.Collect$$libshutdown$$0000000E  c_w.l(libshutdown2.o)
    0x08000262   0x08000262   0x00000000   Code   RO         4697    .ARM.Collect$$libshutdown$$00000011  c_w.l(libshutdown2.o)
    0x08000262   0x08000262   0x00000002   Code   RO         4698    .ARM.Collect$$libshutdown$$00000012  c_w.l(libshutdown2.o)
    0x08000264   0x08000264   0x00000000   Code   RO         4357    .ARM.Collect$$rtentry$$00000000  c_w.l(__rtentry.o)
    0x08000264   0x08000264   0x00000000   Code   RO         4453    .ARM.Collect$$rtentry$$00000002  c_w.l(__rtentry2.o)
    0x08000264   0x08000264   0x00000006   Code   RO         4465    .ARM.Collect$$rtentry$$00000004  c_w.l(__rtentry4.o)
    0x0800026a   0x0800026a   0x00000000   Code   RO         4455    .ARM.Collect$$rtentry$$00000009  c_w.l(__rtentry2.o)
    0x0800026a   0x0800026a   0x00000004   Code   RO         4456    .ARM.Collect$$rtentry$$0000000A  c_w.l(__rtentry2.o)
    0x0800026e   0x0800026e   0x00000000   Code   RO         4458    .ARM.Collect$$rtentry$$0000000C  c_w.l(__rtentry2.o)
    0x0800026e   0x0800026e   0x00000008   Code   RO         4459    .ARM.Collect$$rtentry$$0000000D  c_w.l(__rtentry2.o)
    0x08000276   0x08000276   0x00000002   Code   RO         4704    .ARM.Collect$$rtexit$$00000000  c_w.l(rtexit.o)
    0x08000278   0x08000278   0x00000000   Code   RO         4765    .ARM.Collect$$rtexit$$00000002  c_w.l(rtexit2.o)
    0x08000278   0x08000278   0x00000004   Code   RO         4766    .ARM.Collect$$rtexit$$00000003  c_w.l(rtexit2.o)
    0x0800027c   0x0800027c   0x00000006   Code   RO         4767    .ARM.Collect$$rtexit$$00000004  c_w.l(rtexit2.o)
    0x08000282   0x08000282   0x00000002   PAD
    0x08000284   0x08000284   0x00000000   Code   RO         4771    .emb_text           c_w.l(maybetermalloc1.o)
    0x08000284   0x08000284   0x00000040   Code   RO            4    .text               startup_stm32f103xb.o
    0x080002c4   0x080002c4   0x000000ee   Code   RO         4302    .text               c_w.l(lludivv7m.o)
    0x080003b2   0x080003b2   0x00000002   PAD
    0x080003b4   0x080003b4   0x00000034   Code   RO         4306    .text               c_w.l(vsnprintf.o)
    0x080003e8   0x080003e8   0x00000018   Code   RO         4308    .text               c_w.l(__2printf.o)
    0x08000400   0x08000400   0x00000078   Code   RO         4314    .text               c_w.l(_printf_dec.o)
    0x08000478   0x08000478   0x00000188   Code   RO         4333    .text               c_w.l(__printf_flags_ss_wp.o)
    0x08000600   0x08000600   0x00000064   Code   RO         4339    .text               c_w.l(rt_memcpy_w.o)
    0x08000664   0x08000664   0x0000004e   Code   RO         4341    .text               c_w.l(rt_memclr_w.o)
    0x080006b2   0x080006b2   0x00000006   Code   RO         4343    .text               c_w.l(heapauxi.o)
    0x080006b8   0x080006b8   0x0000004e   Code   RO         4362    .text               c_w.l(_printf_pad.o)
    0x08000706   0x08000706   0x00000024   Code   RO         4364    .text               c_w.l(_printf_truncate.o)
    0x0800072a   0x0800072a   0x00000052   Code   RO         4366    .text               c_w.l(_printf_str.o)
    0x0800077c   0x0800077c   0x000000b2   Code   RO         4368    .text               c_w.l(_printf_intcommon.o)
    0x0800082e   0x0800082e   0x00000028   Code   RO         4370    .text               c_w.l(_printf_charcount.o)
    0x08000856   0x08000856   0x0000041e   Code   RO         4372    .text               c_w.l(_printf_fp_dec.o)
    0x08000c74   0x08000c74   0x00000030   Code   RO         4374    .text               c_w.l(_printf_char_common.o)
    0x08000ca4   0x08000ca4   0x0000000a   Code   RO         4376    .text               c_w.l(_sputc.o)
    0x08000cae   0x08000cae   0x00000010   Code   RO         4378    .text               c_w.l(_snputc.o)
    0x08000cbe   0x08000cbe   0x00000002   PAD
    0x08000cc0   0x08000cc0   0x00000024   Code   RO         4380    .text               c_w.l(_printf_char_file.o)
    0x08000ce4   0x08000ce4   0x000000bc   Code   RO         4382    .text               c_w.l(_printf_wctomb.o)
    0x08000da0   0x08000da0   0x0000007c   Code   RO         4385    .text               c_w.l(_printf_longlong_dec.o)
    0x08000e1c   0x08000e1c   0x00000070   Code   RO         4391    .text               c_w.l(_printf_oct_int_ll.o)
    0x08000e8c   0x08000e8c   0x00000094   Code   RO         4411    .text               c_w.l(_printf_hex_int_ll_ptr.o)
    0x08000f20   0x08000f20   0x00000008   Code   RO         4472    .text               c_w.l(rt_locale_intlibspace.o)
    0x08000f28   0x08000f28   0x0000008a   Code   RO         4474    .text               c_w.l(lludiv10.o)
    0x08000fb2   0x08000fb2   0x00000002   PAD
    0x08000fb4   0x08000fb4   0x000002fc   Code   RO         4476    .text               c_w.l(_printf_fp_hex.o)
    0x080012b0   0x080012b0   0x00000080   Code   RO         4479    .text               c_w.l(_printf_fp_infnan.o)
    0x08001330   0x08001330   0x0000002c   Code   RO         4483    .text               c_w.l(_printf_char.o)
    0x0800135c   0x0800135c   0x0000002c   Code   RO         4485    .text               c_w.l(_printf_wchar.o)
    0x08001388   0x08001388   0x000000e4   Code   RO         4487    .text               c_w.l(bigflt0.o)
    0x0800146c   0x0800146c   0x00000008   Code   RO         4512    .text               c_w.l(ferror.o)
    0x08001474   0x08001474   0x00000138   Code   RO         4518    .text               c_w.l(initio.o)
    0x080015ac   0x080015ac   0x00000040   Code   RO         4526    .text               c_w.l(_wcrtomb.o)
    0x080015ec   0x080015ec   0x00000066   Code   RO         4535    .text               c_w.l(sys_io.o)
    0x08001652   0x08001652   0x00000002   PAD
    0x08001654   0x08001654   0x00000008   Code   RO         4540    .text               c_w.l(libspace.o)
    0x0800165c   0x0800165c   0x0000004a   Code   RO         4545    .text               c_w.l(sys_stackheap_outer.o)
    0x080016a6   0x080016a6   0x00000002   PAD
    0x080016a8   0x080016a8   0x00000010   Code   RO         4547    .text               c_w.l(rt_ctype_table.o)
    0x080016b8   0x080016b8   0x0000004e   Code   RO         4551    .text               c_w.l(h1_free.o)
    0x08001706   0x08001706   0x000001d6   Code   RO         4605    .text               c_w.l(flsbuf.o)
    0x080018dc   0x080018dc   0x00000046   Code   RO         4607    .text               c_w.l(setvbuf.o)
    0x08001922   0x08001922   0x00000002   PAD
    0x08001924   0x08001924   0x000000ec   Code   RO         4610    .text               c_w.l(fopen.o)
    0x08001a10   0x08001a10   0x0000004c   Code   RO         4612    .text               c_w.l(fclose.o)
    0x08001a5c   0x08001a5c   0x00000012   Code   RO         4618    .text               c_w.l(exit.o)
    0x08001a6e   0x08001a6e   0x0000000e   Code   RO         4624    .text               c_w.l(defsig_rtred_outer.o)
    0x08001a7c   0x08001a7c   0x00000080   Code   RO         4628    .text               c_w.l(strcmpv7m.o)
    0x08001afc   0x08001afc   0x00000002   Code   RO         4701    .text               c_w.l(use_no_semi.o)
    0x08001afe   0x08001afe   0x00000000   Code   RO         4703    .text               c_w.l(indicate_semi.o)
    0x08001afe   0x08001afe   0x00000002   PAD
    0x08001b00   0x08001b00   0x00000008   Code   RO         4711    .text               c_w.l(rt_heap_descriptor_intlibspace.o)
    0x08001b08   0x08001b08   0x00000004   Code   RO         4713    .text               c_w.l(hguard.o)
    0x08001b0c   0x08001b0c   0x0000008a   Code   RO         4715    .text               c_w.l(init_alloc.o)
    0x08001b96   0x08001b96   0x0000005e   Code   RO         4721    .text               c_w.l(h1_alloc.o)
    0x08001bf4   0x08001bf4   0x000000f8   Code   RO         4737    .text               c_w.l(fseek.o)
    0x08001cec   0x08001cec   0x000000f0   Code   RO         4739    .text               c_w.l(stdio.o)
    0x08001ddc   0x08001ddc   0x0000000a   Code   RO         4748    .text               c_w.l(defsig_exit.o)
    0x08001de6   0x08001de6   0x00000002   PAD
    0x08001de8   0x08001de8   0x00000034   Code   RO         4752    .text               c_w.l(defsig_rtred_inner.o)
    0x08001e1c   0x08001e1c   0x0000003e   Code   RO         4756    .text               c_w.l(strlen.o)
    0x08001e5a   0x08001e5a   0x00000002   PAD
    0x08001e5c   0x08001e5c   0x0000000c   Code   RO         4762    .text               c_w.l(sys_exit.o)
    0x08001e68   0x08001e68   0x0000000e   Code   RO         4773    .text               c_w.l(h1_init.o)
    0x08001e76   0x08001e76   0x00000034   Code   RO         4775    .text               c_w.l(h1_extend.o)
    0x08001eaa   0x08001eaa   0x00000042   Code   RO         4785    .text               c_w.l(ftell.o)
    0x08001eec   0x08001eec   0x00000032   Code   RO         4793    .text               c_w.l(defsig_general.o)
    0x08001f1e   0x08001f1e   0x0000000e   Code   RO         4795    .text               c_w.l(defsig_rtmem_outer.o)
    0x08001f2c   0x08001f2c   0x0000000e   Code   RO         4810    .text               c_w.l(sys_wrch.o)
    0x08001f3a   0x08001f3a   0x00000002   PAD
    0x08001f3c   0x08001f3c   0x00000008   Code   RO         4817    .text               c_w.l(rt_errno_addr_intlibspace.o)
    0x08001f44   0x08001f44   0x00000050   Code   RO         4823    .text               c_w.l(defsig_rtmem_inner.o)
    0x08001f94   0x08001f94   0x0000003e   Code   RO         4490    CL$$btod_d2e        c_w.l(btod.o)
    0x08001fd2   0x08001fd2   0x00000046   Code   RO         4492    CL$$btod_d2e_denorm_low  c_w.l(btod.o)
    0x08002018   0x08002018   0x00000060   Code   RO         4491    CL$$btod_d2e_norm_op1  c_w.l(btod.o)
    0x08002078   0x08002078   0x00000338   Code   RO         4500    CL$$btod_div_common  c_w.l(btod.o)
    0x080023b0   0x080023b0   0x000000dc   Code   RO         4497    CL$$btod_e2e        c_w.l(btod.o)
    0x0800248c   0x0800248c   0x0000002a   Code   RO         4494    CL$$btod_ediv       c_w.l(btod.o)
    0x080024b6   0x080024b6   0x0000002a   Code   RO         4493    CL$$btod_emul       c_w.l(btod.o)
    0x080024e0   0x080024e0   0x00000244   Code   RO         4499    CL$$btod_mult_common  c_w.l(btod.o)
    0x08002724   0x08002724   0x00000056   Code   RO         2325    i.ADC_ConversionStop_Disable  stm32f1xx_hal_adc.o
    0x0800277a   0x0800277a   0x00000002   PAD
    0x0800277c   0x0800277c   0x0000007c   Code   RO         2329    i.ADC_Enable        stm32f1xx_hal_adc.o
    0x080027f8   0x080027f8   0x00000002   Code   RO          270    i.BusFault_Handler  stm32f1xx_it.o
    0x080027fa   0x080027fa   0x00000004   Code   RO          571    i.CDC_Control_FS    usbd_cdc_if.o
    0x080027fe   0x080027fe   0x00000004   Code   RO          572    i.CDC_DeInit_FS     usbd_cdc_if.o
    0x08002802   0x08002802   0x00000002   PAD
    0x08002804   0x08002804   0x00000024   Code   RO          573    i.CDC_Init_FS       usbd_cdc_if.o
    0x08002828   0x08002828   0x00000018   Code   RO          574    i.CDC_Receive_FS    usbd_cdc_if.o
    0x08002840   0x08002840   0x0000002c   Code   RO          575    i.CDC_Transmit_FS   usbd_cdc_if.o
    0x0800286c   0x0800286c   0x00000002   Code   RO          271    i.DebugMon_Handler  stm32f1xx_it.o
    0x0800286e   0x0800286e   0x00000004   Code   RO           15    i.Error_Handler     main.o
    0x08002872   0x08002872   0x00000002   PAD
    0x08002874   0x08002874   0x000000d8   Code   RO         2505    i.HAL_ADCEx_Calibration_Start  stm32f1xx_hal_adc_ex.o
    0x0800294c   0x0800294c   0x000000fc   Code   RO         2331    i.HAL_ADC_ConfigChannel  stm32f1xx_hal_adc.o
    0x08002a48   0x08002a48   0x00000004   Code   RO         2337    i.HAL_ADC_GetState  stm32f1xx_hal_adc.o
    0x08002a4c   0x08002a4c   0x00000006   Code   RO         2338    i.HAL_ADC_GetValue  stm32f1xx_hal_adc.o
    0x08002a52   0x08002a52   0x00000002   PAD
    0x08002a54   0x08002a54   0x0000011c   Code   RO         2340    i.HAL_ADC_Init      stm32f1xx_hal_adc.o
    0x08002b70   0x08002b70   0x0000007c   Code   RO          377    i.HAL_ADC_MspInit   stm32f1xx_hal_msp.o
    0x08002bec   0x08002bec   0x0000013c   Code   RO         2344    i.HAL_ADC_PollForConversion  stm32f1xx_hal_adc.o
    0x08002d28   0x08002d28   0x000000c0   Code   RO         2346    i.HAL_ADC_Start     stm32f1xx_hal_adc.o
    0x08002de8   0x08002de8   0x00000034   Code   RO         2349    i.HAL_ADC_Stop      stm32f1xx_hal_adc.o
    0x08002e1c   0x08002e1c   0x00000098   Code   RO         1730    i.HAL_DMA_Abort_IT  stm32f1xx_hal_dma.o
    0x08002eb4   0x08002eb4   0x00000024   Code   RO         1355    i.HAL_Delay         stm32f1xx_hal.o
    0x08002ed8   0x08002ed8   0x000001e0   Code   RO         1665    i.HAL_GPIO_Init     stm32f1xx_hal_gpio.o
    0x080030b8   0x080030b8   0x0000000a   Code   RO         1669    i.HAL_GPIO_WritePin  stm32f1xx_hal_gpio.o
    0x080030c2   0x080030c2   0x00000002   PAD
    0x080030c4   0x080030c4   0x0000000c   Code   RO         1359    i.HAL_GetTick       stm32f1xx_hal.o
    0x080030d0   0x080030d0   0x00000010   Code   RO         1365    i.HAL_IncTick       stm32f1xx_hal.o
    0x080030e0   0x080030e0   0x00000024   Code   RO         1366    i.HAL_Init          stm32f1xx_hal.o
    0x08003104   0x08003104   0x00000040   Code   RO         1367    i.HAL_InitTick      stm32f1xx_hal.o
    0x08003144   0x08003144   0x0000003c   Code   RO          378    i.HAL_MspInit       stm32f1xx_hal_msp.o
    0x08003180   0x08003180   0x0000001a   Code   RO         1825    i.HAL_NVIC_EnableIRQ  stm32f1xx_hal_cortex.o
    0x0800319a   0x0800319a   0x00000002   PAD
    0x0800319c   0x0800319c   0x00000040   Code   RO         1831    i.HAL_NVIC_SetPriority  stm32f1xx_hal_cortex.o
    0x080031dc   0x080031dc   0x00000024   Code   RO         1832    i.HAL_NVIC_SetPriorityGrouping  stm32f1xx_hal_cortex.o
    0x08003200   0x08003200   0x0000003c   Code   RO         1122    i.HAL_PCDEx_PMAConfig  stm32f1xx_hal_pcd_ex.o
    0x0800323c   0x0800323c   0x00000002   Code   RO          635    i.HAL_PCDEx_SetConnectionState  usbd_conf.o
    0x0800323e   0x0800323e   0x00000012   Code   RO          637    i.HAL_PCD_DataInStageCallback  usbd_conf.o
    0x08003250   0x08003250   0x00000014   Code   RO          638    i.HAL_PCD_DataOutStageCallback  usbd_conf.o
    0x08003264   0x08003264   0x0000004c   Code   RO          893    i.HAL_PCD_EP_Close  stm32f1xx_hal_pcd.o
    0x080032b0   0x080032b0   0x0000005c   Code   RO          894    i.HAL_PCD_EP_ClrStall  stm32f1xx_hal_pcd.o
    0x0800330c   0x0800330c   0x000000e6   Code   RO          895    i.HAL_PCD_EP_DB_Receive  stm32f1xx_hal_pcd.o
    0x080033f2   0x080033f2   0x00000338   Code   RO          896    i.HAL_PCD_EP_DB_Transmit  stm32f1xx_hal_pcd.o
    0x0800372a   0x0800372a   0x00000012   Code   RO          898    i.HAL_PCD_EP_GetRxCount  stm32f1xx_hal_pcd.o
    0x0800373c   0x0800373c   0x0000005a   Code   RO          899    i.HAL_PCD_EP_Open   stm32f1xx_hal_pcd.o
    0x08003796   0x08003796   0x0000002e   Code   RO          900    i.HAL_PCD_EP_Receive  stm32f1xx_hal_pcd.o
    0x080037c4   0x080037c4   0x00000072   Code   RO          901    i.HAL_PCD_EP_SetStall  stm32f1xx_hal_pcd.o
    0x08003836   0x08003836   0x00000030   Code   RO          902    i.HAL_PCD_EP_Transmit  stm32f1xx_hal_pcd.o
    0x08003866   0x08003866   0x00000002   PAD
    0x08003868   0x08003868   0x00000134   Code   RO          904    i.HAL_PCD_IRQHandler  stm32f1xx_hal_pcd.o
    0x0800399c   0x0800399c   0x000000da   Code   RO          907    i.HAL_PCD_Init      stm32f1xx_hal_pcd.o
    0x08003a76   0x08003a76   0x00000002   PAD
    0x08003a78   0x08003a78   0x0000004c   Code   RO          643    i.HAL_PCD_MspInit   usbd_conf.o
    0x08003ac4   0x08003ac4   0x00000026   Code   RO          644    i.HAL_PCD_ResetCallback  usbd_conf.o
    0x08003aea   0x08003aea   0x00000008   Code   RO          645    i.HAL_PCD_ResumeCallback  usbd_conf.o
    0x08003af2   0x08003af2   0x00000008   Code   RO          646    i.HAL_PCD_SOFCallback  usbd_conf.o
    0x08003afa   0x08003afa   0x00000028   Code   RO          913    i.HAL_PCD_SetAddress  stm32f1xx_hal_pcd.o
    0x08003b22   0x08003b22   0x0000000e   Code   RO          647    i.HAL_PCD_SetupStageCallback  usbd_conf.o
    0x08003b30   0x08003b30   0x00000032   Code   RO          915    i.HAL_PCD_Start     stm32f1xx_hal_pcd.o
    0x08003b62   0x08003b62   0x00000002   PAD
    0x08003b64   0x08003b64   0x00000024   Code   RO          648    i.HAL_PCD_SuspendCallback  usbd_conf.o
    0x08003b88   0x08003b88   0x000000a4   Code   RO         1626    i.HAL_RCCEx_GetPeriphCLKFreq  stm32f1xx_hal_rcc_ex.o
    0x08003c2c   0x08003c2c   0x000000ec   Code   RO         1627    i.HAL_RCCEx_PeriphCLKConfig  stm32f1xx_hal_rcc_ex.o
    0x08003d18   0x08003d18   0x0000012c   Code   RO         1523    i.HAL_RCC_ClockConfig  stm32f1xx_hal_rcc.o
    0x08003e44   0x08003e44   0x00000020   Code   RO         1531    i.HAL_RCC_GetPCLK2Freq  stm32f1xx_hal_rcc.o
    0x08003e64   0x08003e64   0x0000004c   Code   RO         1532    i.HAL_RCC_GetSysClockFreq  stm32f1xx_hal_rcc.o
    0x08003eb0   0x08003eb0   0x00000320   Code   RO         1535    i.HAL_RCC_OscConfig  stm32f1xx_hal_rcc.o
    0x080041d0   0x080041d0   0x00000002   Code   RO         2608    i.HAL_SPI_ErrorCallback  stm32f1xx_hal_spi.o
    0x080041d2   0x080041d2   0x00000002   PAD
    0x080041d4   0x080041d4   0x000000e0   Code   RO         2611    i.HAL_SPI_IRQHandler  stm32f1xx_hal_spi.o
    0x080042b4   0x080042b4   0x000000b2   Code   RO         2612    i.HAL_SPI_Init      stm32f1xx_hal_spi.o
    0x08004366   0x08004366   0x00000002   PAD
    0x08004368   0x08004368   0x00000080   Code   RO          380    i.HAL_SPI_MspInit   stm32f1xx_hal_msp.o
    0x080043e8   0x080043e8   0x00000028   Code   RO         1836    i.HAL_SYSTICK_Config  stm32f1xx_hal_cortex.o
    0x08004410   0x08004410   0x00000002   Code   RO         3629    i.HAL_TIMEx_BreakCallback  stm32f1xx_hal_tim_ex.o
    0x08004412   0x08004412   0x00000002   Code   RO         3630    i.HAL_TIMEx_CommutCallback  stm32f1xx_hal_tim_ex.o
    0x08004414   0x08004414   0x00000054   Code   RO         3632    i.HAL_TIMEx_ConfigBreakDeadTime  stm32f1xx_hal_tim_ex.o
    0x08004468   0x08004468   0x00000068   Code   RO         3648    i.HAL_TIMEx_MasterConfigSynchronization  stm32f1xx_hal_tim_ex.o
    0x080044d0   0x080044d0   0x0000005a   Code   RO         2925    i.HAL_TIM_Base_Init  stm32f1xx_hal_tim.o
    0x0800452a   0x0800452a   0x00000002   PAD
    0x0800452c   0x0800452c   0x000000b0   Code   RO          382    i.HAL_TIM_Base_MspInit  stm32f1xx_hal_msp.o
    0x080045dc   0x080045dc   0x000000dc   Code   RO         2934    i.HAL_TIM_ConfigClockSource  stm32f1xx_hal_tim.o
    0x080046b8   0x080046b8   0x00000002   Code   RO         2959    i.HAL_TIM_IC_CaptureCallback  stm32f1xx_hal_tim.o
    0x080046ba   0x080046ba   0x00000124   Code   RO         2961    i.HAL_TIM_IC_ConfigChannel  stm32f1xx_hal_tim.o
    0x080047de   0x080047de   0x0000005a   Code   RO         2964    i.HAL_TIM_IC_Init   stm32f1xx_hal_tim.o
    0x08004838   0x08004838   0x0000007c   Code   RO          384    i.HAL_TIM_IC_MspInit  stm32f1xx_hal_msp.o
    0x080048b4   0x080048b4   0x000000e4   Code   RO         2969    i.HAL_TIM_IC_Start_IT  stm32f1xx_hal_tim.o
    0x08004998   0x08004998   0x00000166   Code   RO         2973    i.HAL_TIM_IRQHandler  stm32f1xx_hal_tim.o
    0x08004afe   0x08004afe   0x00000002   PAD
    0x08004b00   0x08004b00   0x0000007c   Code   RO          385    i.HAL_TIM_MspPostInit  stm32f1xx_hal_msp.o
    0x08004b7c   0x08004b7c   0x00000002   Code   RO         2976    i.HAL_TIM_OC_DelayElapsedCallback  stm32f1xx_hal_tim.o
    0x08004b7e   0x08004b7e   0x000000cc   Code   RO         2997    i.HAL_TIM_PWM_ConfigChannel  stm32f1xx_hal_tim.o
    0x08004c4a   0x08004c4a   0x0000005a   Code   RO         3000    i.HAL_TIM_PWM_Init  stm32f1xx_hal_tim.o
    0x08004ca4   0x08004ca4   0x00000002   Code   RO         3002    i.HAL_TIM_PWM_MspInit  stm32f1xx_hal_tim.o
    0x08004ca6   0x08004ca6   0x00000002   Code   RO         3003    i.HAL_TIM_PWM_PulseFinishedCallback  stm32f1xx_hal_tim.o
    0x08004ca8   0x08004ca8   0x0000009c   Code   RO         3005    i.HAL_TIM_PWM_Start  stm32f1xx_hal_tim.o
    0x08004d44   0x08004d44   0x00000070   Code   RO         3008    i.HAL_TIM_PWM_Stop  stm32f1xx_hal_tim.o
    0x08004db4   0x08004db4   0x00000002   Code   RO         3011    i.HAL_TIM_PeriodElapsedCallback  stm32f1xx_hal_tim.o
    0x08004db6   0x08004db6   0x00000056   Code   RO         3014    i.HAL_TIM_SlaveConfigSynchro  stm32f1xx_hal_tim.o
    0x08004e0c   0x08004e0c   0x00000002   Code   RO         3016    i.HAL_TIM_TriggerCallback  stm32f1xx_hal_tim.o
    0x08004e0e   0x08004e0e   0x00000002   Code   RO          272    i.HardFault_Handler  stm32f1xx_it.o
    0x08004e10   0x08004e10   0x00000038   Code   RO          485    i.IntToUnicode      usbd_desc.o
    0x08004e48   0x08004e48   0x0000004c   Code   RO           17    i.LAMP_ctrl         main.o
    0x08004e94   0x08004e94   0x000000a4   Code   RO           19    i.MX_ADC1_Init      main.o
    0x08004f38   0x08004f38   0x000000ec   Code   RO           20    i.MX_GPIO_Init      main.o
    0x08005024   0x08005024   0x00000044   Code   RO           21    i.MX_SPI1_Init      main.o
    0x08005068   0x08005068   0x00000104   Code   RO           22    i.MX_TIM1_Init      main.o
    0x0800516c   0x0800516c   0x000000cc   Code   RO           23    i.MX_TIM2_Init      main.o
    0x08005238   0x08005238   0x0000006c   Code   RO           24    i.MX_TIM3_Init      main.o
    0x080052a4   0x080052a4   0x000000ac   Code   RO           25    i.MX_TIM4_Init      main.o
    0x08005350   0x08005350   0x00000054   Code   RO          454    i.MX_USB_DEVICE_Init  usb_device.o
    0x080053a4   0x080053a4   0x00000002   Code   RO          273    i.MemManage_Handler  stm32f1xx_it.o
    0x080053a6   0x080053a6   0x00000002   Code   RO          274    i.NMI_Handler       stm32f1xx_it.o
    0x080053a8   0x080053a8   0x000003ac   Code   RO          919    i.PCD_EP_ISR_Handler  stm32f1xx_hal_pcd.o
    0x08005754   0x08005754   0x00000002   Code   RO          275    i.PendSV_Handler    stm32f1xx_it.o
    0x08005756   0x08005756   0x00000002   PAD
    0x08005758   0x08005758   0x0000000c   Code   RO          276    i.SPI1_IRQHandler   stm32f1xx_it.o
    0x08005764   0x08005764   0x00000010   Code   RO         2639    i.SPI_DMAAbortOnError  stm32f1xx_hal_spi.o
    0x08005774   0x08005774   0x00000002   Code   RO          277    i.SVC_Handler       stm32f1xx_it.o
    0x08005776   0x08005776   0x00000002   PAD
    0x08005778   0x08005778   0x0000004c   Code   RO          278    i.SysTick_Handler   stm32f1xx_it.o
    0x080057c4   0x080057c4   0x0000007c   Code   RO           27    i.SystemClock_Config  main.o
    0x08005840   0x08005840   0x00000002   Code   RO         3897    i.SystemInit        system_stm32f1xx.o
    0x08005842   0x08005842   0x00000002   PAD
    0x08005844   0x08005844   0x0000000c   Code   RO          279    i.TIM2_IRQHandler   stm32f1xx_it.o
    0x08005850   0x08005850   0x0000000c   Code   RO          280    i.TIM3_IRQHandler   stm32f1xx_it.o
    0x0800585c   0x0800585c   0x0000006c   Code   RO         3018    i.TIM_Base_SetConfig  stm32f1xx_hal_tim.o
    0x080058c8   0x080058c8   0x0000001a   Code   RO         3019    i.TIM_CCxChannelCmd  stm32f1xx_hal_tim.o
    0x080058e2   0x080058e2   0x00000014   Code   RO         3029    i.TIM_ETR_SetConfig  stm32f1xx_hal_tim.o
    0x080058f6   0x080058f6   0x00000010   Code   RO         3030    i.TIM_ITRx_SetConfig  stm32f1xx_hal_tim.o
    0x08005906   0x08005906   0x00000002   PAD
    0x08005908   0x08005908   0x00000050   Code   RO         3031    i.TIM_OC1_SetConfig  stm32f1xx_hal_tim.o
    0x08005958   0x08005958   0x00000058   Code   RO         3032    i.TIM_OC2_SetConfig  stm32f1xx_hal_tim.o
    0x080059b0   0x080059b0   0x00000058   Code   RO         3033    i.TIM_OC3_SetConfig  stm32f1xx_hal_tim.o
    0x08005a08   0x08005a08   0x00000044   Code   RO         3034    i.TIM_OC4_SetConfig  stm32f1xx_hal_tim.o
    0x08005a4c   0x08005a4c   0x0000008c   Code   RO         3035    i.TIM_SlaveTimer_SetConfig  stm32f1xx_hal_tim.o
    0x08005ad8   0x08005ad8   0x00000022   Code   RO         3036    i.TIM_TI1_ConfigInputStage  stm32f1xx_hal_tim.o
    0x08005afa   0x08005afa   0x00000002   PAD
    0x08005afc   0x08005afc   0x00000058   Code   RO         3037    i.TIM_TI1_SetConfig  stm32f1xx_hal_tim.o
    0x08005b54   0x08005b54   0x00000024   Code   RO         3038    i.TIM_TI2_ConfigInputStage  stm32f1xx_hal_tim.o
    0x08005b78   0x08005b78   0x00000036   Code   RO         3039    i.TIM_TI2_SetConfig  stm32f1xx_hal_tim.o
    0x08005bae   0x08005bae   0x00000046   Code   RO         4197    i.USBD_CDC_DataIn   usbd_cdc.o
    0x08005bf4   0x08005bf4   0x0000002e   Code   RO         4198    i.USBD_CDC_DataOut  usbd_cdc.o
    0x08005c22   0x08005c22   0x00000044   Code   RO         4199    i.USBD_CDC_DeInit   usbd_cdc.o
    0x08005c66   0x08005c66   0x00000024   Code   RO         4200    i.USBD_CDC_EP0_RxReady  usbd_cdc.o
    0x08005c8a   0x08005c8a   0x00000002   PAD
    0x08005c8c   0x08005c8c   0x0000000c   Code   RO         4201    i.USBD_CDC_GetDeviceQualifierDescriptor  usbd_cdc.o
    0x08005c98   0x08005c98   0x0000000c   Code   RO         4202    i.USBD_CDC_GetFSCfgDesc  usbd_cdc.o
    0x08005ca4   0x08005ca4   0x0000000c   Code   RO         4203    i.USBD_CDC_GetHSCfgDesc  usbd_cdc.o
    0x08005cb0   0x08005cb0   0x0000000c   Code   RO         4204    i.USBD_CDC_GetOtherSpeedCfgDesc  usbd_cdc.o
    0x08005cbc   0x08005cbc   0x00000094   Code   RO         4205    i.USBD_CDC_Init     usbd_cdc.o
    0x08005d50   0x08005d50   0x00000028   Code   RO         4206    i.USBD_CDC_ReceivePacket  usbd_cdc.o
    0x08005d78   0x08005d78   0x00000010   Code   RO         4207    i.USBD_CDC_RegisterInterface  usbd_cdc.o
    0x08005d88   0x08005d88   0x0000000c   Code   RO         4208    i.USBD_CDC_SetRxBuffer  usbd_cdc.o
    0x08005d94   0x08005d94   0x00000010   Code   RO         4209    i.USBD_CDC_SetTxBuffer  usbd_cdc.o
    0x08005da4   0x08005da4   0x000000ac   Code   RO         4210    i.USBD_CDC_Setup    usbd_cdc.o
    0x08005e50   0x08005e50   0x00000036   Code   RO         4211    i.USBD_CDC_TransmitPacket  usbd_cdc.o
    0x08005e86   0x08005e86   0x0000000e   Code   RO         3934    i.USBD_ClrClassConfig  usbd_core.o
    0x08005e94   0x08005e94   0x00000010   Code   RO         4137    i.USBD_CtlContinueRx  usbd_ioreq.o
    0x08005ea4   0x08005ea4   0x00000010   Code   RO         4138    i.USBD_CtlContinueSendData  usbd_ioreq.o
    0x08005eb4   0x08005eb4   0x00000016   Code   RO         4072    i.USBD_CtlError     usbd_ctlreq.o
    0x08005eca   0x08005eca   0x0000001e   Code   RO         4139    i.USBD_CtlPrepareRx  usbd_ioreq.o
    0x08005ee8   0x08005ee8   0x00000016   Code   RO         4140    i.USBD_CtlReceiveStatus  usbd_ioreq.o
    0x08005efe   0x08005efe   0x0000001a   Code   RO         4141    i.USBD_CtlSendData  usbd_ioreq.o
    0x08005f18   0x08005f18   0x00000016   Code   RO         4142    i.USBD_CtlSendStatus  usbd_ioreq.o
    0x08005f2e   0x08005f2e   0x00000002   PAD
    0x08005f30   0x08005f30   0x00000020   Code   RO          486    i.USBD_FS_ConfigStrDescriptor  usbd_desc.o
    0x08005f50   0x08005f50   0x0000000c   Code   RO          487    i.USBD_FS_DeviceDescriptor  usbd_desc.o
    0x08005f5c   0x08005f5c   0x00000024   Code   RO          488    i.USBD_FS_InterfaceStrDescriptor  usbd_desc.o
    0x08005f80   0x08005f80   0x0000000c   Code   RO          489    i.USBD_FS_LangIDStrDescriptor  usbd_desc.o
    0x08005f8c   0x08005f8c   0x00000028   Code   RO          490    i.USBD_FS_ManufacturerStrDescriptor  usbd_desc.o
    0x08005fb4   0x08005fb4   0x0000002c   Code   RO          491    i.USBD_FS_ProductStrDescriptor  usbd_desc.o
    0x08005fe0   0x08005fe0   0x00000038   Code   RO          492    i.USBD_FS_SerialStrDescriptor  usbd_desc.o
    0x08006018   0x08006018   0x000000e8   Code   RO         4073    i.USBD_GetDescriptor  usbd_ctlreq.o
    0x08006100   0x08006100   0x00000048   Code   RO         4074    i.USBD_GetString    usbd_ctlreq.o
    0x08006148   0x08006148   0x00000018   Code   RO          649    i.USBD_Get_USB_Status  usbd_conf.o
    0x08006160   0x08006160   0x0000002a   Code   RO         3936    i.USBD_Init         usbd_core.o
    0x0800618a   0x0800618a   0x00000012   Code   RO          650    i.USBD_LL_ClearStallEP  usbd_conf.o
    0x0800619c   0x0800619c   0x00000012   Code   RO          651    i.USBD_LL_CloseEP   usbd_conf.o
    0x080061ae   0x080061ae   0x000000c6   Code   RO         3937    i.USBD_LL_DataInStage  usbd_core.o
    0x08006274   0x08006274   0x00000082   Code   RO         3938    i.USBD_LL_DataOutStage  usbd_core.o
    0x080062f6   0x080062f6   0x00000008   Code   RO          655    i.USBD_LL_GetRxDataSize  usbd_conf.o
    0x080062fe   0x080062fe   0x00000002   PAD
    0x08006300   0x08006300   0x00000080   Code   RO          656    i.USBD_LL_Init      usbd_conf.o
    0x08006380   0x08006380   0x00000020   Code   RO          657    i.USBD_LL_IsStallEP  usbd_conf.o
    0x080063a0   0x080063a0   0x00000018   Code   RO          658    i.USBD_LL_OpenEP    usbd_conf.o
    0x080063b8   0x080063b8   0x00000012   Code   RO          659    i.USBD_LL_PrepareReceive  usbd_conf.o
    0x080063ca   0x080063ca   0x00000050   Code   RO         3943    i.USBD_LL_Reset     usbd_core.o
    0x0800641a   0x0800641a   0x00000014   Code   RO         3944    i.USBD_LL_Resume    usbd_core.o
    0x0800642e   0x0800642e   0x00000018   Code   RO         3945    i.USBD_LL_SOF       usbd_core.o
    0x08006446   0x08006446   0x00000006   Code   RO         3946    i.USBD_LL_SetSpeed  usbd_core.o
    0x0800644c   0x0800644c   0x00000012   Code   RO          660    i.USBD_LL_SetUSBAddress  usbd_conf.o
    0x0800645e   0x0800645e   0x0000005a   Code   RO         3947    i.USBD_LL_SetupStage  usbd_core.o
    0x080064b8   0x080064b8   0x00000012   Code   RO          661    i.USBD_LL_StallEP   usbd_conf.o
    0x080064ca   0x080064ca   0x00000012   Code   RO          662    i.USBD_LL_Start     usbd_conf.o
    0x080064dc   0x080064dc   0x00000012   Code   RO         3948    i.USBD_LL_Suspend   usbd_core.o
    0x080064ee   0x080064ee   0x00000012   Code   RO          664    i.USBD_LL_Transmit  usbd_conf.o
    0x08006500   0x08006500   0x00000028   Code   RO         4075    i.USBD_ParseSetupRequest  usbd_ctlreq.o
    0x08006528   0x08006528   0x00000010   Code   RO         3949    i.USBD_RegisterClass  usbd_core.o
    0x08006538   0x08006538   0x00000016   Code   RO         3951    i.USBD_SetClassConfig  usbd_core.o
    0x0800654e   0x0800654e   0x00000002   PAD
    0x08006550   0x08006550   0x00000084   Code   RO         4076    i.USBD_SetConfig    usbd_ctlreq.o
    0x080065d4   0x080065d4   0x0000000a   Code   RO         3952    i.USBD_Start        usbd_core.o
    0x080065de   0x080065de   0x00000112   Code   RO         4077    i.USBD_StdDevReq    usbd_ctlreq.o
    0x080066f0   0x080066f0   0x00000150   Code   RO         4078    i.USBD_StdEPReq     usbd_ctlreq.o
    0x08006840   0x08006840   0x0000004e   Code   RO         4079    i.USBD_StdItfReq    usbd_ctlreq.o
    0x0800688e   0x0800688e   0x00000002   Code   RO          665    i.USBD_static_free  usbd_conf.o
    0x08006890   0x08006890   0x00000008   Code   RO          666    i.USBD_static_malloc  usbd_conf.o
    0x08006898   0x08006898   0x00000024   Code   RO          576    i.USBVcom_printf    usbd_cdc_if.o
    0x080068bc   0x080068bc   0x0000029c   Code   RO         1162    i.USB_ActivateEndpoint  stm32f1xx_ll_usb.o
    0x08006b58   0x08006b58   0x00000004   Code   RO         1165    i.USB_CoreInit      stm32f1xx_ll_usb.o
    0x08006b5c   0x08006b5c   0x0000010e   Code   RO         1167    i.USB_DeactivateEndpoint  stm32f1xx_ll_usb.o
    0x08006c6a   0x08006c6a   0x00000004   Code   RO         1168    i.USB_DevConnect    stm32f1xx_ll_usb.o
    0x08006c6e   0x08006c6e   0x00000004   Code   RO         1169    i.USB_DevDisconnect  stm32f1xx_ll_usb.o
    0x08006c72   0x08006c72   0x00000012   Code   RO         1170    i.USB_DevInit       stm32f1xx_ll_usb.o
    0x08006c84   0x08006c84   0x0000000e   Code   RO         1171    i.USB_DisableGlobalInt  stm32f1xx_ll_usb.o
    0x08006c92   0x08006c92   0x00000004   Code   RO         1172    i.USB_EP0_OutStart  stm32f1xx_ll_usb.o
    0x08006c96   0x08006c96   0x00000078   Code   RO         1173    i.USB_EPClearStall  stm32f1xx_ll_usb.o
    0x08006d0e   0x08006d0e   0x00000032   Code   RO         1174    i.USB_EPSetStall    stm32f1xx_ll_usb.o
    0x08006d40   0x08006d40   0x000004e2   Code   RO         1175    i.USB_EPStartXfer   stm32f1xx_ll_usb.o
    0x08007222   0x08007222   0x00000012   Code   RO         1177    i.USB_EnableGlobalInt  stm32f1xx_ll_usb.o
    0x08007234   0x08007234   0x0000000c   Code   RO          281    i.USB_HP_CAN1_TX_IRQHandler  stm32f1xx_it.o
    0x08007240   0x08007240   0x00000058   Code   RO           28    i.USB_Init          main.o
    0x08007298   0x08007298   0x0000000c   Code   RO          282    i.USB_LP_CAN1_RX0_IRQHandler  stm32f1xx_it.o
    0x080072a4   0x080072a4   0x00000006   Code   RO         1184    i.USB_ReadInterrupts  stm32f1xx_ll_usb.o
    0x080072aa   0x080072aa   0x00000002   PAD
    0x080072ac   0x080072ac   0x0000002c   Code   RO         1185    i.USB_ReadPMA       stm32f1xx_ll_usb.o
    0x080072d8   0x080072d8   0x00000004   Code   RO         1186    i.USB_SetCurrentMode  stm32f1xx_ll_usb.o
    0x080072dc   0x080072dc   0x0000000c   Code   RO         1187    i.USB_SetDevAddress  stm32f1xx_ll_usb.o
    0x080072e8   0x080072e8   0x00000026   Code   RO         1189    i.USB_WritePMA      stm32f1xx_ll_usb.o
    0x0800730e   0x0800730e   0x00000002   Code   RO          283    i.UsageFault_Handler  stm32f1xx_it.o
    0x08007310   0x08007310   0x00000028   Code   RO         4533    i.__ARM_fpclassify  m_ws.l(fpclassify.o)
    0x08007338   0x08007338   0x00000020   Code   RO         1838    i.__NVIC_SetPriority  stm32f1xx_hal_cortex.o
    0x08007358   0x08007358   0x0000000e   Code   RO         4326    i._is_digit         c_w.l(__printf_wp.o)
    0x08007366   0x08007366   0x0000001a   Code   RO         4515    i.fputc             c_w.l(fputc.o)
    0x08007380   0x08007380   0x00000190   Code   RO           29    i.main              main.o
    0x08007510   0x08007510   0x0000002c   Code   RO         4529    locale$$code        c_w.l(lc_numeric_c.o)
    0x0800753c   0x0800753c   0x0000002c   Code   RO         4746    locale$$code        c_w.l(lc_ctype_c.o)
    0x08007568   0x08007568   0x0000000c   Code   RO         4441    x$fpl$dretinf       fz_ws.l(dretinf.o)
    0x08007574   0x08007574   0x00000056   Code   RO         4347    x$fpl$f2d           fz_ws.l(f2d.o)
    0x080075ca   0x080075ca   0x00000002   PAD
    0x080075cc   0x080075cc   0x00000026   Code   RO         4349    x$fpl$ffltu         fz_ws.l(fflt_clz.o)
    0x080075f2   0x080075f2   0x0000008c   Code   RO         4443    x$fpl$fnaninf       fz_ws.l(fnaninf.o)
    0x0800767e   0x0800767e   0x00000004   Code   RO         4355    x$fpl$printf1       fz_ws.l(printf1.o)
    0x08007682   0x08007682   0x00000004   Code   RO         4445    x$fpl$printf2       fz_ws.l(printf2.o)
    0x08007686   0x08007686   0x00000000   Code   RO         4451    x$fpl$usenofp       fz_ws.l(usenofp.o)
    0x08007686   0x08007686   0x00000012   Data   RO         1536    .constdata          stm32f1xx_hal_rcc.o
    0x08007698   0x08007698   0x00000012   Data   RO         1628    .constdata          stm32f1xx_hal_rcc_ex.o
    0x080076aa   0x080076aa   0x00000010   Data   RO         3898    .constdata          system_stm32f1xx.o
    0x080076ba   0x080076ba   0x00000008   Data   RO         3899    .constdata          system_stm32f1xx.o
    0x080076c2   0x080076c2   0x00000011   Data   RO         4334    .constdata          c_w.l(__printf_flags_ss_wp.o)
    0x080076d3   0x080076d3   0x00000001   PAD
    0x080076d4   0x080076d4   0x00000008   Data   RO         4383    .constdata          c_w.l(_printf_wctomb.o)
    0x080076dc   0x080076dc   0x00000028   Data   RO         4412    .constdata          c_w.l(_printf_hex_int_ll_ptr.o)
    0x08007704   0x08007704   0x00000026   Data   RO         4477    .constdata          c_w.l(_printf_fp_hex.o)
    0x0800772a   0x0800772a   0x00000002   PAD
    0x0800772c   0x0800772c   0x00000094   Data   RO         4488    .constdata          c_w.l(bigflt0.o)
    0x080077c0   0x080077c0   0x00000004   Data   RO         4536    .constdata          c_w.l(sys_io.o)
    0x080077c4   0x080077c4   0x00000004   Data   RO         4537    .constdata          c_w.l(sys_io.o)
    0x080077c8   0x080077c8   0x00000004   Data   RO         4538    .constdata          c_w.l(sys_io.o)
    0x080077cc   0x080077cc   0x00000020   Data   RO         4846    Region$$Table       anon$$obj.o
    0x080077ec   0x080077ec   0x0000001c   Data   RO         4528    locale$$data        c_w.l(lc_numeric_c.o)
    0x08007808   0x08007808   0x00000110   Data   RO         4745    locale$$data        c_w.l(lc_ctype_c.o)


    Execution Region RW_IRAM1 (Exec base: 0x20000000, Load base: 0x08007918, Size: 0x00001cc8, Max: 0x00005000, ABSOLUTE, COMPRESSED[0x000000c4])

    Exec Addr    Load Addr    Size         Type   Attr      Idx    E Section Name        Object

    0x20000000   COMPRESSED   0x00000010   Data   RW           31    .data               main.o
    0x20000010   COMPRESSED   0x00000010   Data   RW           32    .data               main.o
    0x20000020   COMPRESSED   0x0000001c   Data   RW          494    .data               usbd_desc.o
    0x2000003c   COMPRESSED   0x00000032   Data   RW          495    .data               usbd_desc.o
    0x2000006e   COMPRESSED   0x00000002   PAD
    0x20000070   COMPRESSED   0x00000010   Data   RW          578    .data               usbd_cdc_if.o
    0x20000080   COMPRESSED   0x0000000c   Data   RW         1373    .data               stm32f1xx_hal.o
    0x2000008c   COMPRESSED   0x00000004   Data   RW         3900    .data               system_stm32f1xx.o
    0x20000090   COMPRESSED   0x00000001   Data   RW         4080    .data               usbd_ctlreq.o
    0x20000091   COMPRESSED   0x00000003   PAD
    0x20000094   COMPRESSED   0x000000d7   Data   RW         4212    .data               usbd_cdc.o
    0x2000016b   COMPRESSED   0x00000001   PAD
    0x2000016c   COMPRESSED   0x00000038   Data   RW         4213    .data               usbd_cdc.o
    0x200001a4   COMPRESSED   0x00000004   Data   RW         4438    .data               c_w.l(stdio_streams.o)
    0x200001a8   COMPRESSED   0x00000004   Data   RW         4439    .data               c_w.l(stdio_streams.o)
    0x200001ac   COMPRESSED   0x00000004   Data   RW         4440    .data               c_w.l(stdio_streams.o)
    0x200001b0        -       0x000001a8   Zero   RW           30    .bss                main.o
    0x20000358        -       0x000002c4   Zero   RW          455    .bss                usb_device.o
    0x2000061c        -       0x00000200   Zero   RW          493    .bss                usbd_desc.o
    0x2000081c        -       0x00000840   Zero   RW          577    .bss                usbd_cdc_if.o
    0x2000105c        -       0x00000510   Zero   RW          667    .bss                usbd_conf.o
    0x2000156c        -       0x00000054   Zero   RW         4435    .bss                c_w.l(stdio_streams.o)
    0x200015c0        -       0x00000054   Zero   RW         4436    .bss                c_w.l(stdio_streams.o)
    0x20001614        -       0x00000054   Zero   RW         4437    .bss                c_w.l(stdio_streams.o)
    0x20001668        -       0x00000060   Zero   RW         4541    .bss                c_w.l(libspace.o)
    0x200016c8        -       0x00000200   Zero   RW            2    HEAP                startup_stm32f103xb.o
    0x200018c8        -       0x00000400   Zero   RW            1    STACK               startup_stm32f103xb.o


==============================================================================

Image component sizes


      Code (inc. data)   RO Data    RW Data    ZI Data      Debug   Object Name

      1904        158          0         32        424     477307   main.o
        64         26        236          0       1536        832   startup_stm32f103xb.o
       164         28          0         12          0       6129   stm32f1xx_hal.o
      1316         54          0          0          0       8082   stm32f1xx_hal_adc.o
       216          6          0          0          0       1494   stm32f1xx_hal_adc_ex.o
       198         14          0          0          0      29123   stm32f1xx_hal_cortex.o
       152          4          0          0          0       1159   stm32f1xx_hal_dma.o
       490         34          0          0          0       2976   stm32f1xx_hal_gpio.o
       736        100          0          0          0       4796   stm32f1xx_hal_msp.o
      3094          0          0          0          0      14749   stm32f1xx_hal_pcd.o
        60          0          0          0          0       1234   stm32f1xx_hal_pcd_ex.o
      1208         72         18          0          0       4701   stm32f1xx_hal_rcc.o
       400         28         18          0          0       2561   stm32f1xx_hal_rcc_ex.o
       420          4          0          0          0       3436   stm32f1xx_hal_spi.o
      2784         82          0          0          0      23537   stm32f1xx_hal_tim.o
       192         12          0          0          0       3333   stm32f1xx_hal_tim_ex.o
       152         38          0          0          0       6537   stm32f1xx_it.o
      2528          0          0          0          0      16627   stm32f1xx_ll_usb.o
         2          0         24          4          0       1203   system_stm32f1xx.o
        84         18          0          0        708        848   usb_device.o
       726         16          0        271          0      13574   usbd_cdc.o
       148         28          0         16       2112       4851   usbd_cdc_if.o
       572         30          0          0       1296      14953   usbd_conf.o
       670          0          0          0          0       9863   usbd_core.o
      1186         28          0          1          0       8192   usbd_ctlreq.o
       288        104          0         78        512       6221   usbd_desc.o
       132          0          0          0          0       4532   usbd_ioreq.o

    ----------------------------------------------------------------------
     19932        884        328        420       6588     672850   Object Totals
         0          0         32          0          0          0   (incl. Generated)
        46          0          0          6          0          0   (incl. Padding)

    ----------------------------------------------------------------------

      Code (inc. data)   RO Data    RW Data    ZI Data      Debug   Library Member Name

        24          4          0          0          0         84   __2printf.o
        90          0          0          0          0          0   __dczerorl2.o
         8          0          0          0          0         68   __main.o
       392          4         17          0          0         92   __printf_flags_ss_wp.o
        14          0          0          0          0         68   __printf_wp.o
         0          0          0          0          0          0   __rtentry.o
        12          0          0          0          0          0   __rtentry2.o
         6          0          0          0          0          0   __rtentry4.o
        52          8          0          0          0          0   __scatter.o
        28          0          0          0          0          0   __scatter_zi.o
         6          0          0          0          0          0   _printf_a.o
         6          0          0          0          0          0   _printf_c.o
        44          0          0          0          0        108   _printf_char.o
        48          6          0          0          0         96   _printf_char_common.o
        36          4          0          0          0         80   _printf_char_file.o
        40          0          0          0          0         68   _printf_charcount.o
         6          0          0          0          0          0   _printf_d.o
       120         16          0          0          0         92   _printf_dec.o
         6          0          0          0          0          0   _printf_e.o
         6          0          0          0          0          0   _printf_f.o
      1054          0          0          0          0        216   _printf_fp_dec.o
       764          8         38          0          0        100   _printf_fp_hex.o
       128         16          0          0          0         84   _printf_fp_infnan.o
         6          0          0          0          0          0   _printf_g.o
       148          4         40          0          0        160   _printf_hex_int_ll_ptr.o
         6          0          0          0          0          0   _printf_i.o
       178          0          0          0          0         88   _printf_intcommon.o
        10          0          0          0          0          0   _printf_l.o
         6          0          0          0          0          0   _printf_lc.o
        10          0          0          0          0          0   _printf_ll.o
         6          0          0          0          0          0   _printf_lld.o
         6          0          0          0          0          0   _printf_lli.o
         6          0          0          0          0          0   _printf_llo.o
         6          0          0          0          0          0   _printf_llu.o
         6          0          0          0          0          0   _printf_llx.o
       124         16          0          0          0         92   _printf_longlong_dec.o
         6          0          0          0          0          0   _printf_ls.o
         6          0          0          0          0          0   _printf_n.o
         6          0          0          0          0          0   _printf_o.o
       112         10          0          0          0        124   _printf_oct_int_ll.o
         6          0          0          0          0          0   _printf_p.o
        78          0          0          0          0        108   _printf_pad.o
         0          0          0          0          0          0   _printf_percent.o
         4          0          0          0          0          0   _printf_percent_end.o
         6          0          0          0          0          0   _printf_s.o
        82          0          0          0          0         80   _printf_str.o
        36          0          0          0          0         84   _printf_truncate.o
         6          0          0          0          0          0   _printf_u.o
        44          0          0          0          0        108   _printf_wchar.o
       188          6          8          0          0         92   _printf_wctomb.o
         6          0          0          0          0          0   _printf_x.o
        16          0          0          0          0         68   _snputc.o
        10          0          0          0          0         68   _sputc.o
        64          0          0          0          0         92   _wcrtomb.o
       228          4        148          0          0         96   bigflt0.o
      1936        128          0          0          0        672   btod.o
        10          0          0          0          0         68   defsig_exit.o
        50          0          0          0          0         88   defsig_general.o
        80         58          0          0          0         76   defsig_rtmem_inner.o
        14          0          0          0          0         80   defsig_rtmem_outer.o
        52         38          0          0          0         76   defsig_rtred_inner.o
        14          0          0          0          0         80   defsig_rtred_outer.o
        18          0          0          0          0         80   exit.o
        76          0          0          0          0         88   fclose.o
         8          0          0          0          0         68   ferror.o
       470          0          0          0          0         88   flsbuf.o
       236          4          0          0          0        128   fopen.o
        26          0          0          0          0         68   fputc.o
       248          6          0          0          0         84   fseek.o
        66          0          0          0          0         76   ftell.o
        94          0          0          0          0         80   h1_alloc.o
        52          0          0          0          0         68   h1_extend.o
        78          0          0          0          0         80   h1_free.o
        14          0          0          0          0         84   h1_init.o
         6          0          0          0          0        152   heapauxi.o
         4          0          0          0          0        136   hguard.o
         0          0          0          0          0          0   indicate_semi.o
       138          0          0          0          0        168   init_alloc.o
       312         46          0          0          0        112   initio.o
        44         10        272          0          0         76   lc_ctype_c.o
        44         10         28          0          0         76   lc_numeric_c.o
         2          0          0          0          0          0   libinit.o
        42          0          0          0          0          0   libinit2.o
         2          0          0          0          0          0   libshutdown.o
         6          0          0          0          0          0   libshutdown2.o
         8          4          0          0         96         68   libspace.o
       138          0          0          0          0         80   lludiv10.o
       238          0          0          0          0        100   lludivv7m.o
         0          0          0          0          0          0   maybetermalloc1.o
        16          4          0          0          0         76   rt_ctype_table.o
         8          4          0          0          0         68   rt_errno_addr_intlibspace.o
         8          4          0          0          0         68   rt_heap_descriptor_intlibspace.o
         8          4          0          0          0         68   rt_locale_intlibspace.o
        78          0          0          0          0         80   rt_memclr_w.o
       100          0          0          0          0         80   rt_memcpy_w.o
         2          0          0          0          0          0   rtexit.o
        10          0          0          0          0          0   rtexit2.o
        70          0          0          0          0         80   setvbuf.o
       240          6          0          0          0        156   stdio.o
         0          0          0         12        252          0   stdio_streams.o
       128          0          0          0          0         68   strcmpv7m.o
        62          0          0          0          0         76   strlen.o
        12          4          0          0          0         68   sys_exit.o
       102          0         12          0          0        240   sys_io.o
        74          0          0          0          0         80   sys_stackheap_outer.o
        14          0          0          0          0         76   sys_wrch.o
         2          0          0          0          0         68   use_no_semi.o
        52          4          0          0          0         80   vsnprintf.o
        12          0          0          0          0         68   dretinf.o
        86          4          0          0          0         84   f2d.o
        38          0          0          0          0         68   fflt_clz.o
       140          4          0          0          0         84   fnaninf.o
         4          0          0          0          0         68   printf1.o
         4          0          0          0          0         68   printf2.o
         0          0          0          0          0          0   usenofp.o
        40          0          0          0          0         68   fpclassify.o

    ----------------------------------------------------------------------
     10174        448        566         12        348       7456   Library Totals
        26          0          3          0          0          0   (incl. Padding)

    ----------------------------------------------------------------------

      Code (inc. data)   RO Data    RW Data    ZI Data      Debug   Library Name

      9824        440        563         12        348       6948   c_w.l
       284          8          0          0          0        440   fz_ws.l
        40          0          0          0          0         68   m_ws.l

    ----------------------------------------------------------------------
     10174        448        566         12        348       7456   Library Totals

    ----------------------------------------------------------------------

==============================================================================


      Code (inc. data)   RO Data    RW Data    ZI Data      Debug   

     30106       1332        894        432       6936     665378   Grand Totals
     30106       1332        894        196       6936     665378   ELF Image Totals (compressed)
     30106       1332        894        196          0          0   ROM Totals

==============================================================================

    Total RO  Size (Code + RO Data)                31000 (  30.27kB)
    Total RW  Size (RW Data + ZI Data)              7368 (   7.20kB)
    Total ROM Size (Code + RO Data + RW Data)      31196 (  30.46kB)

==============================================================================

