Component: ARM Compiler 5.06 update 7 (build 960) Tool: armlink [4d3601]

==============================================================================

Section Cross References

    startup_stm32f103xb.o(RESET) refers to startup_stm32f103xb.o(STACK) for __initial_sp
    startup_stm32f103xb.o(RESET) refers to startup_stm32f103xb.o(.text) for Reset_Handler
    startup_stm32f103xb.o(RESET) refers to stm32f1xx_it.o(i.NMI_Handler) for NMI_Handler
    startup_stm32f103xb.o(RESET) refers to stm32f1xx_it.o(i.HardFault_Handler) for HardFault_Handler
    startup_stm32f103xb.o(RESET) refers to stm32f1xx_it.o(i.MemManage_Handler) for MemManage_Handler
    startup_stm32f103xb.o(RESET) refers to stm32f1xx_it.o(i.BusFault_Handler) for BusFault_Handler
    startup_stm32f103xb.o(RESET) refers to stm32f1xx_it.o(i.UsageFault_Handler) for UsageFault_Handler
    startup_stm32f103xb.o(RESET) refers to stm32f1xx_it.o(i.SVC_Handler) for SVC_Handler
    startup_stm32f103xb.o(RESET) refers to stm32f1xx_it.o(i.DebugMon_Handler) for DebugMon_Handler
    startup_stm32f103xb.o(RESET) refers to stm32f1xx_it.o(i.PendSV_Handler) for PendSV_Handler
    startup_stm32f103xb.o(RESET) refers to stm32f1xx_it.o(i.SysTick_Handler) for SysTick_Handler
    startup_stm32f103xb.o(RESET) refers to stm32f1xx_it.o(i.EXTI3_IRQHandler) for EXTI3_IRQHandler
    startup_stm32f103xb.o(RESET) refers to stm32f1xx_it.o(i.USB_HP_CAN1_TX_IRQHandler) for USB_HP_CAN1_TX_IRQHandler
    startup_stm32f103xb.o(RESET) refers to stm32f1xx_it.o(i.USB_LP_CAN1_RX0_IRQHandler) for USB_LP_CAN1_RX0_IRQHandler
    startup_stm32f103xb.o(RESET) refers to stm32f1xx_it.o(i.EXTI9_5_IRQHandler) for EXTI9_5_IRQHandler
    startup_stm32f103xb.o(RESET) refers to stm32f1xx_it.o(i.TIM2_IRQHandler) for TIM2_IRQHandler
    startup_stm32f103xb.o(RESET) refers to stm32f1xx_it.o(i.TIM3_IRQHandler) for TIM3_IRQHandler
    startup_stm32f103xb.o(RESET) refers to stm32f1xx_it.o(i.SPI1_IRQHandler) for SPI1_IRQHandler
    startup_stm32f103xb.o(.text) refers to system_stm32f1xx.o(i.SystemInit) for SystemInit
    startup_stm32f103xb.o(.text) refers to entry.o(.ARM.Collect$$$$00000000) for __main
    main.o(i.ADC_READ) refers to stm32f1xx_hal_adc.o(i.HAL_ADC_Start) for HAL_ADC_Start
    main.o(i.ADC_READ) refers to stm32f1xx_hal_adc.o(i.HAL_ADC_PollForConversion) for HAL_ADC_PollForConversion
    main.o(i.ADC_READ) refers to stm32f1xx_hal_adc.o(i.HAL_ADC_GetState) for HAL_ADC_GetState
    main.o(i.ADC_READ) refers to stm32f1xx_hal_adc.o(i.HAL_ADC_GetValue) for HAL_ADC_GetValue
    main.o(i.ADC_READ) refers to ffltui.o(.text) for __aeabi_ui2f
    main.o(i.ADC_READ) refers to fadd.o(.text) for __aeabi_fadd
    main.o(i.ADC_READ) refers to fscalb.o(.text) for __ARM_scalbnf
    main.o(i.ADC_READ) refers to ffixui.o(.text) for __aeabi_f2uiz
    main.o(i.ADC_READ) refers to usbd_cdc_if.o(i.USBVcom_printf) for USBVcom_printf
    main.o(i.ADC_READ) refers to main.o(.bss) for .bss
    main.o(i.BATT_TEMP_task) refers to main.o(i.ADC_READ) for ADC_READ
    main.o(i.BATT_TEMP_task) refers to main.o(.data) for .data
    main.o(i.Button_task) refers to stm32f1xx_hal_gpio.o(i.HAL_GPIO_WritePin) for HAL_GPIO_WritePin
    main.o(i.Button_task) refers to main.o(i.Lamp_ctrl) for Lamp_ctrl
    main.o(i.Button_task) refers to main.o(i.Remote_Lamp_EN) for Remote_Lamp_EN
    main.o(i.Button_task) refers to main.o(i.ADC_READ) for ADC_READ
    main.o(i.Button_task) refers to stm32f1xx_hal.o(i.HAL_GetTick) for HAL_GetTick
    main.o(i.Button_task) refers to main.o(.data) for .data
    main.o(i.Button_task) refers to main.o(.bss) for .bss
    main.o(i.CHARGE_task) refers to main.o(i.ADC_READ) for ADC_READ
    main.o(i.CHARGE_task) refers to main.o(.data) for .data
    main.o(i.CHARGE_task) refers to main.o(.bss) for .bss
    main.o(i.HAL_GPIO_EXTI_Callback) refers to stm32f1xx_hal.o(i.HAL_GetTick) for HAL_GetTick
    main.o(i.HAL_GPIO_EXTI_Callback) refers to stm32f1xx_hal_gpio.o(i.HAL_GPIO_ReadPin) for HAL_GPIO_ReadPin
    main.o(i.HAL_GPIO_EXTI_Callback) refers to main.o(.data) for .data
    main.o(i.HEATER_task) refers to stm32f1xx_hal_gpio.o(i.HAL_GPIO_WritePin) for HAL_GPIO_WritePin
    main.o(i.HEATER_task) refers to main.o(.data) for .data
    main.o(i.HEATER_task) refers to main.o(.bss) for .bss
    main.o(i.Lamp_ctrl) refers to stm32f1xx_hal.o(i.HAL_Delay) for HAL_Delay
    main.o(i.Lamp_ctrl) refers to main.o(.bss) for .bss
    main.o(i.MX_ADC1_Init) refers to stm32f1xx_hal_adc.o(i.HAL_ADC_Init) for HAL_ADC_Init
    main.o(i.MX_ADC1_Init) refers to stm32f1xx_hal_adc.o(i.HAL_ADC_ConfigChannel) for HAL_ADC_ConfigChannel
    main.o(i.MX_ADC1_Init) refers to main.o(.bss) for .bss
    main.o(i.MX_GPIO_Init) refers to stm32f1xx_hal_gpio.o(i.HAL_GPIO_WritePin) for HAL_GPIO_WritePin
    main.o(i.MX_GPIO_Init) refers to stm32f1xx_hal_gpio.o(i.HAL_GPIO_Init) for HAL_GPIO_Init
    main.o(i.MX_GPIO_Init) refers to stm32f1xx_hal_cortex.o(i.HAL_NVIC_SetPriority) for HAL_NVIC_SetPriority
[...]
    stm32f1xx_hal_spi.o(i.HAL_SPI_Receive) refers to stm32f1xx_hal.o(i.HAL_GetTick) for HAL_GetTick
    stm32f1xx_hal_spi.o(i.HAL_SPI_Receive) refers to stm32f1xx_hal_spi.o(i.HAL_SPI_TransmitReceive) for HAL_SPI_TransmitReceive
    stm32f1xx_hal_spi.o(i.HAL_SPI_Receive) refers to stm32f1xx_hal_spi.o(i.SPI_EndRxTransaction) for SPI_EndRxTransaction
    stm32f1xx_hal_spi.o(i.HAL_SPI_Receive_DMA) refers to stm32f1xx_hal_spi.o(i.HAL_SPI_TransmitReceive_DMA) for HAL_SPI_TransmitReceive_DMA
    stm32f1xx_hal_spi.o(i.HAL_SPI_Receive_DMA) refers to stm32f1xx_hal_dma.o(i.HAL_DMA_Start_IT) for HAL_DMA_Start_IT
    stm32f1xx_hal_spi.o(i.HAL_SPI_Receive_DMA) refers to stm32f1xx_hal_spi.o(i.SPI_DMAHalfReceiveCplt) for SPI_DMAHalfReceiveCplt
    stm32f1xx_hal_spi.o(i.HAL_SPI_Receive_DMA) refers to stm32f1xx_hal_spi.o(i.SPI_DMAReceiveCplt) for SPI_DMAReceiveCplt
    stm32f1xx_hal_spi.o(i.HAL_SPI_Receive_DMA) refers to stm32f1xx_hal_spi.o(i.SPI_DMAError) for SPI_DMAError
    stm32f1xx_hal_spi.o(i.HAL_SPI_Receive_IT) refers to stm32f1xx_hal_spi.o(i.HAL_SPI_TransmitReceive_IT) for HAL_SPI_TransmitReceive_IT
    stm32f1xx_hal_spi.o(i.HAL_SPI_Receive_IT) refers to stm32f1xx_hal_spi.o(i.SPI_RxISR_16BIT) for SPI_RxISR_16BIT
    stm32f1xx_hal_spi.o(i.HAL_SPI_Receive_IT) refers to stm32f1xx_hal_spi.o(i.SPI_RxISR_8BIT) for SPI_RxISR_8BIT
    stm32f1xx_hal_spi.o(i.HAL_SPI_Transmit) refers to stm32f1xx_hal.o(i.HAL_GetTick) for HAL_GetTick
    stm32f1xx_hal_spi.o(i.HAL_SPI_Transmit) refers to stm32f1xx_hal_spi.o(i.SPI_EndRxTxTransaction) for SPI_EndRxTxTransaction
    stm32f1xx_hal_spi.o(i.HAL_SPI_TransmitReceive) refers to stm32f1xx_hal.o(i.HAL_GetTick) for HAL_GetTick
    stm32f1xx_hal_spi.o(i.HAL_SPI_TransmitReceive) refers to stm32f1xx_hal_spi.o(i.SPI_EndRxTxTransaction) for SPI_EndRxTxTransaction
    stm32f1xx_hal_spi.o(i.HAL_SPI_TransmitReceive_DMA) refers to stm32f1xx_hal_dma.o(i.HAL_DMA_Start_IT) for HAL_DMA_Start_IT
    stm32f1xx_hal_spi.o(i.HAL_SPI_TransmitReceive_DMA) refers to stm32f1xx_hal_spi.o(i.SPI_DMAHalfTransmitReceiveCplt) for SPI_DMAHalfTransmitReceiveCplt
    stm32f1xx_hal_spi.o(i.HAL_SPI_TransmitReceive_DMA) refers to stm32f1xx_hal_spi.o(i.SPI_DMATransmitReceiveCplt) for SPI_DMATransmitReceiveCplt
    stm32f1xx_hal_spi.o(i.HAL_SPI_TransmitReceive_DMA) refers to stm32f1xx_hal_spi.o(i.SPI_DMAError) for SPI_DMAError
    stm32f1xx_hal_spi.o(i.HAL_SPI_TransmitReceive_DMA) refers to stm32f1xx_hal_spi.o(i.SPI_DMAHalfReceiveCplt) for SPI_DMAHalfReceiveCplt
    stm32f1xx_hal_spi.o(i.HAL_SPI_TransmitReceive_DMA) refers to stm32f1xx_hal_spi.o(i.SPI_DMAReceiveCplt) for SPI_DMAReceiveCplt
    stm32f1xx_hal_spi.o(i.HAL_SPI_TransmitReceive_IT) refers to stm32f1xx_hal_spi.o(i.SPI_2linesRxISR_16BIT) for SPI_2linesRxISR_16BIT
    stm32f1xx_hal_spi.o(i.HAL_SPI_TransmitReceive_IT) refers to stm32f1xx_hal_spi.o(i.SPI_2linesTxISR_16BIT) for SPI_2linesTxISR_16BIT
    stm32f1xx_hal_spi.o(i.HAL_SPI_TransmitReceive_IT) refers to stm32f1xx_hal_spi.o(i.SPI_2linesRxISR_8BIT) for SPI_2linesRxISR_8BIT
    stm32f1xx_hal_spi.o(i.HAL_SPI_TransmitReceive_IT) refers to stm32f1xx_hal_spi.o(i.SPI_2linesTxISR_8BIT) for SPI_2linesTxISR_8BIT
    stm32f1xx_hal_spi.o(i.HAL_SPI_Transmit_DMA) refers to stm32f1xx_hal_dma.o(i.HAL_DMA_Start_IT) for HAL_DMA_Start_IT
    stm32f1xx_hal_spi.o(i.HAL_SPI_Transmit_DMA) refers to stm32f1xx_hal_spi.o(i.SPI_DMAHalfTransmitCplt) for SPI_DMAHalfTransmitCplt
    stm32f1xx_hal_spi.o(i.HAL_SPI_Transmit_DMA) refers to stm32f1xx_hal_spi.o(i.SPI_DMATransmitCplt) for SPI_DMATransmitCplt
    stm32f1xx_hal_spi.o(i.HAL_SPI_Transmit_DMA) refers to stm32f1xx_hal_spi.o(i.SPI_DMAError) for SPI_DMAError
    stm32f1xx_hal_spi.o(i.HAL_SPI_Transmit_IT) refers to stm32f1xx_hal_spi.o(i.SPI_TxISR_16BIT) for SPI_TxISR_16BIT
    stm32f1xx_hal_spi.o(i.HAL_SPI_Transmit_IT) refers to stm32f1xx_hal_spi.o(i.SPI_TxISR_8BIT) for SPI_TxISR_8BIT
    stm32f1xx_hal_spi.o(i.SPI_2linesRxISR_16BIT) refers to stm32f1xx_hal_spi.o(i.SPI_CloseRxTx_ISR) for SPI_CloseRxTx_ISR
    stm32f1xx_hal_spi.o(i.SPI_2linesRxISR_8BIT) refers to stm32f1xx_hal_spi.o(i.SPI_CloseRxTx_ISR) for SPI_CloseRxTx_ISR
    stm32f1xx_hal_spi.o(i.SPI_2linesTxISR_16BIT) refers to stm32f1xx_hal_spi.o(i.SPI_CloseRxTx_ISR) for SPI_CloseRxTx_ISR
    stm32f1xx_hal_spi.o(i.SPI_2linesTxISR_8BIT) refers to stm32f1xx_hal_spi.o(i.SPI_CloseRxTx_ISR) for SPI_CloseRxTx_ISR
    stm32f1xx_hal_spi.o(i.SPI_AbortRx_ISR) refers to system_stm32f1xx.o(.data) for SystemCoreClock
    stm32f1xx_hal_spi.o(i.SPI_CloseRxTx_ISR) refers to stm32f1xx_hal.o(i.HAL_GetTick) for HAL_GetTick
    stm32f1xx_hal_spi.o(i.SPI_CloseRxTx_ISR) refers to stm32f1xx_hal_spi.o(i.SPI_EndRxTxTransaction) for SPI_EndRxTxTransaction
    stm32f1xx_hal_spi.o(i.SPI_CloseRxTx_ISR) refers to stm32f1xx_hal_spi.o(i.HAL_SPI_ErrorCallback) for HAL_SPI_ErrorCallback
    stm32f1xx_hal_spi.o(i.SPI_CloseRxTx_ISR) refers to stm32f1xx_hal_spi.o(i.HAL_SPI_TxRxCpltCallback) for HAL_SPI_TxRxCpltCallback
    stm32f1xx_hal_spi.o(i.SPI_CloseRxTx_ISR) refers to stm32f1xx_hal_spi.o(i.HAL_SPI_RxCpltCallback) for HAL_SPI_RxCpltCallback
    stm32f1xx_hal_spi.o(i.SPI_CloseRxTx_ISR) refers to system_stm32f1xx.o(.data) for SystemCoreClock
    stm32f1xx_hal_spi.o(i.SPI_CloseRx_ISR) refers to stm32f1xx_hal.o(i.HAL_GetTick) for HAL_GetTick
    stm32f1xx_hal_spi.o(i.SPI_CloseRx_ISR) refers to stm32f1xx_hal_spi.o(i.SPI_EndRxTransaction) for SPI_EndRxTransaction
    stm32f1xx_hal_spi.o(i.SPI_CloseRx_ISR) refers to stm32f1xx_hal_spi.o(i.HAL_SPI_ErrorCallback) for HAL_SPI_ErrorCallback
    stm32f1xx_hal_spi.o(i.SPI_CloseRx_ISR) refers to stm32f1xx_hal_spi.o(i.HAL_SPI_RxCpltCallback) for HAL_SPI_RxCpltCallback
    stm32f1xx_hal_spi.o(i.SPI_CloseTx_ISR) refers to stm32f1xx_hal.o(i.HAL_GetTick) for HAL_GetTick
    stm32f1xx_hal_spi.o(i.SPI_CloseTx_ISR) refers to stm32f1xx_hal_spi.o(i.SPI_EndRxTxTransaction) for SPI_EndRxTxTransaction
    stm32f1xx_hal_spi.o(i.SPI_CloseTx_ISR) refers to stm32f1xx_hal_spi.o(i.HAL_SPI_ErrorCallback) for HAL_SPI_ErrorCallback
    stm32f1xx_hal_spi.o(i.SPI_CloseTx_ISR) refers to stm32f1xx_hal_spi.o(i.HAL_SPI_TxCpltCallback) for HAL_SPI_TxCpltCallback
    stm32f1xx_hal_spi.o(i.SPI_CloseTx_ISR) refers to system_stm32f1xx.o(.data) for SystemCoreClock
    stm32f1xx_hal_spi.o(i.SPI_DMAAbortOnError) refers to stm32f1xx_hal_spi.o(i.HAL_SPI_ErrorCallback) for HAL_SPI_ErrorCallback
    stm32f1xx_hal_spi.o(i.SPI_DMAError) refers to stm32f1xx_hal_spi.o(i.HAL_SPI_ErrorCallback) for HAL_SPI_ErrorCallback
    stm32f1xx_hal_spi.o(i.SPI_DMAHalfReceiveCplt) refers to stm32f1xx_hal_spi.o(i.HAL_SPI_RxHalfCpltCallback) for HAL_SPI_RxHalfCpltCallback
    stm32f1xx_hal_spi.o(i.SPI_DMAHalfTransmitCplt) refers to stm32f1xx_hal_spi.o(i.HAL_SPI_TxHalfCpltCallback) for HAL_SPI_TxHalfCpltCallback
    stm32f1xx_hal_spi.o(i.SPI_DMAHalfTransmitReceiveCplt) refers to stm32f1xx_hal_spi.o(i.HAL_SPI_TxRxHalfCpltCallback) for HAL_SPI_TxRxHalfCpltCallback
    stm32f1xx_hal_spi.o(i.SPI_DMAReceiveCplt) refers to stm32f1xx_hal.o(i.HAL_GetTick) for HAL_GetTick
    stm32f1xx_hal_spi.o(i.SPI_DMAReceiveCplt) refers to stm32f1xx_hal_spi.o(i.SPI_EndRxTransaction) for SPI_EndRxTransaction
    stm32f1xx_hal_spi.o(i.SPI_DMAReceiveCplt) refers to stm32f1xx_hal_spi.o(i.HAL_SPI_ErrorCallback) for HAL_SPI_ErrorCallback
    stm32f1xx_hal_spi.o(i.SPI_DMAReceiveCplt) refers to stm32f1xx_hal_spi.o(i.HAL_SPI_RxCpltCallback) for HAL_SPI_RxCpltCallback
    stm32f1xx_hal_spi.o(i.SPI_DMARxAbortCallback) refers to stm32f1xx_hal.o(i.HAL_GetTick) for HAL_GetTick
    stm32f1xx_hal_spi.o(i.SPI_DMARxAbortCallback) refers to stm32f1xx_hal_spi.o(i.SPI_EndRxTxTransaction) for SPI_EndRxTxTransaction
    stm32f1xx_hal_spi.o(i.SPI_DMARxAbortCallback) refers to stm32f1xx_hal_spi.o(i.HAL_SPI_AbortCpltCallback) for HAL_SPI_AbortCpltCallback
    stm32f1xx_hal_spi.o(i.SPI_DMATransmitCplt) refers to stm32f1xx_hal.o(i.HAL_GetTick) for HAL_GetTick
    stm32f1xx_hal_spi.o(i.SPI_DMATransmitCplt) refers to stm32f1xx_hal_spi.o(i.SPI_EndRxTxTransaction) for SPI_EndRxTxTransaction
    stm32f1xx_hal_spi.o(i.SPI_DMATransmitCplt) refers to stm32f1xx_hal_spi.o(i.HAL_SPI_ErrorCallback) for HAL_SPI_ErrorCallback
    stm32f1xx_hal_spi.o(i.SPI_DMATransmitCplt) refers to stm32f1xx_hal_spi.o(i.HAL_SPI_TxCpltCallback) for HAL_SPI_TxCpltCallback
    stm32f1xx_hal_spi.o(i.SPI_DMATransmitReceiveCplt) refers to stm32f1xx_hal.o(i.HAL_GetTick) for HAL_GetTick
    stm32f1xx_hal_spi.o(i.SPI_DMATransmitReceiveCplt) refers to stm32f1xx_hal_spi.o(i.SPI_EndRxTxTransaction) for SPI_EndRxTxTransaction
    stm32f1xx_hal_spi.o(i.SPI_DMATransmitReceiveCplt) refers to stm32f1xx_hal_spi.o(i.HAL_SPI_ErrorCallback) for HAL_SPI_ErrorCallback
    stm32f1xx_hal_spi.o(i.SPI_DMATransmitReceiveCplt) refers to stm32f1xx_hal_spi.o(i.HAL_SPI_TxRxCpltCallback) for HAL_SPI_TxRxCpltCallback
    stm32f1xx_hal_spi.o(i.SPI_DMATxAbortCallback) refers to stm32f1xx_hal_spi.o(i.HAL_SPI_AbortCpltCallback) for HAL_SPI_AbortCpltCallback
    stm32f1xx_hal_spi.o(i.SPI_DMATxAbortCallback) refers to system_stm32f1xx.o(.data) for SystemCoreClock
    stm32f1xx_hal_spi.o(i.SPI_EndRxTransaction) refers to stm32f1xx_hal_spi.o(i.SPI_WaitFlagStateUntilTimeout) for SPI_WaitFlagStateUntilTimeout
    stm32f1xx_hal_spi.o(i.SPI_EndRxTxTransaction) refers to stm32f1xx_hal_spi.o(i.SPI_WaitFlagStateUntilTimeout) for SPI_WaitFlagStateUntilTimeout
    stm32f1xx_hal_spi.o(i.SPI_RxISR_16BIT) refers to stm32f1xx_hal_spi.o(i.SPI_CloseRx_ISR) for SPI_CloseRx_ISR
    stm32f1xx_hal_spi.o(i.SPI_RxISR_8BIT) refers to stm32f1xx_hal_spi.o(i.SPI_CloseRx_ISR) for SPI_CloseRx_ISR
    stm32f1xx_hal_spi.o(i.SPI_TxISR_16BIT) refers to stm32f1xx_hal_spi.o(i.SPI_CloseTx_ISR) for SPI_CloseTx_ISR
    stm32f1xx_hal_spi.o(i.SPI_TxISR_8BIT) refers to stm32f1xx_hal_spi.o(i.SPI_CloseTx_ISR) for SPI_CloseTx_ISR
    stm32f1xx_hal_spi.o(i.SPI_WaitFlagStateUntilTimeout) refers to stm32f1xx_hal.o(i.HAL_GetTick) for HAL_GetTick
    stm32f1xx_hal_spi.o(i.SPI_WaitFlagStateUntilTimeout) refers to system_stm32f1xx.o(.data) for SystemCoreClock
    stm32f1xx_hal_tim.o(i.HAL_TIM_Base_DeInit) refers to stm32f1xx_hal_msp.o(i.HAL_TIM_Base_MspDeInit) for HAL_TIM_Base_MspDeInit
    stm32f1xx_hal_tim.o(i.HAL_TIM_Base_Init) refers to stm32f1xx_hal_msp.o(i.HAL_TIM_Base_MspInit) for HAL_TIM_Base_MspInit
    stm32f1xx_hal_tim.o(i.HAL_TIM_Base_Init) refers to stm32f1xx_hal_tim.o(i.TIM_Base_SetConfig) for TIM_Base_SetConfig
    stm32f1xx_hal_tim.o(i.HAL_TIM_Base_Start_DMA) refers to stm32f1xx_hal_dma.o(i.HAL_DMA_Start_IT) for HAL_DMA_Start_IT
    stm32f1xx_hal_tim.o(i.HAL_TIM_Base_Start_DMA) refers to stm32f1xx_hal_tim.o(i.TIM_DMAPeriodElapsedCplt) for TIM_DMAPeriodElapsedCplt
    stm32f1xx_hal_tim.o(i.HAL_TIM_Base_Start_DMA) refers to stm32f1xx_hal_tim.o(i.TIM_DMAPeriodElapsedHalfCplt) for TIM_DMAPeriodElapsedHalfCplt
    stm32f1xx_hal_tim.o(i.HAL_TIM_Base_Start_DMA) refers to stm32f1xx_hal_tim.o(i.TIM_DMAError) for TIM_DMAError
    stm32f1xx_hal_tim.o(i.HAL_TIM_Base_Stop_DMA) refers to stm32f1xx_hal_dma.o(i.HAL_DMA_Abort_IT) for HAL_DMA_Abort_IT
    stm32f1xx_hal_tim.o(i.HAL_TIM_ConfigClockSource) refers to stm32f1xx_hal_tim.o(i.TIM_ETR_SetConfig) for TIM_ETR_SetConfig
    stm32f1xx_hal_tim.o(i.HAL_TIM_ConfigClockSource) refers to stm32f1xx_hal_tim.o(i.TIM_TI1_ConfigInputStage) for TIM_TI1_ConfigInputStage
    stm32f1xx_hal_tim.o(i.HAL_TIM_ConfigClockSource) refers to stm32f1xx_hal_tim.o(i.TIM_TI2_ConfigInputStage) for TIM_TI2_ConfigInputStage
    stm32f1xx_hal_tim.o(i.HAL_TIM_ConfigClockSource) refers to stm32f1xx_hal_tim.o(i.TIM_ITRx_SetConfig) for TIM_ITRx_SetConfig
    stm32f1xx_hal_tim.o(i.HAL_TIM_ConfigOCrefClear) refers to stm32f1xx_hal_tim.o(i.TIM_ETR_SetConfig) for TIM_ETR_SetConfig
    stm32f1xx_hal_tim.o(i.HAL_TIM_DMABurst_MultiReadStart) refers to stm32f1xx_hal_dma.o(i.HAL_DMA_Start_IT) for HAL_DMA_Start_IT
    stm32f1xx_hal_tim.o(i.HAL_TIM_DMABurst_MultiReadStart) refers to stm32f1xx_hal_tim.o(i.TIM_DMAError) for TIM_DMAError
    stm32f1xx_hal_tim.o(i.HAL_TIM_DMABurst_MultiReadStart) refers to stm32f1xx_hal_tim.o(i.TIM_DMACaptureCplt) for TIM_DMACaptureCplt
    stm32f1xx_hal_tim.o(i.HAL_TIM_DMABurst_MultiReadStart) refers to stm32f1xx_hal_tim.o(i.TIM_DMACaptureHalfCplt) for TIM_DMACaptureHalfCplt
    stm32f1xx_hal_tim.o(i.HAL_TIM_DMABurst_MultiReadStart) refers to stm32f1xx_hal_tim.o(i.TIM_DMAPeriodElapsedCplt) for TIM_DMAPeriodElapsedCplt
    stm32f1xx_hal_tim.o(i.HAL_TIM_DMABurst_MultiReadStart) refers to stm32f1xx_hal_tim.o(i.TIM_DMAPeriodElapsedHalfCplt) for TIM_DMAPeriodElapsedHalfCplt
    stm32f1xx_hal_tim.o(i.HAL_TIM_DMABurst_MultiReadStart) refers to stm32f1xx_hal_tim_ex.o(i.TIMEx_DMACommutationCplt) for TIMEx_DMACommutationCplt
    stm32f1xx_hal_tim.o(i.HAL_TIM_DMABurst_MultiReadStart) refers to stm32f1xx_hal_tim_ex.o(i.TIMEx_DMACommutationHalfCplt) for TIMEx_DMACommutationHalfCplt
    stm32f1xx_hal_tim.o(i.HAL_TIM_DMABurst_MultiReadStart) refers to stm32f1xx_hal_tim.o(i.TIM_DMATriggerCplt) for TIM_DMATriggerCplt
    stm32f1xx_hal_tim.o(i.HAL_TIM_DMABurst_MultiReadStart) refers to stm32f1xx_hal_tim.o(i.TIM_DMATriggerHalfCplt) for TIM_DMATriggerHalfCplt
    stm32f1xx_hal_tim.o(i.HAL_TIM_DMABurst_MultiWriteStart) refers to stm32f1xx_hal_dma.o(i.HAL_DMA_Start_IT) for HAL_DMA_Start_IT
    stm32f1xx_hal_tim.o(i.HAL_TIM_DMABurst_MultiWriteStart) refers to stm32f1xx_hal_tim.o(i.TIM_DMAError) for TIM_DMAError
    stm32f1xx_hal_tim.o(i.HAL_TIM_DMABurst_MultiWriteStart) refers to stm32f1xx_hal_tim.o(i.TIM_DMADelayPulseCplt) for TIM_DMADelayPulseCplt
    stm32f1xx_hal_tim.o(i.HAL_TIM_DMABurst_MultiWriteStart) refers to stm32f1xx_hal_tim.o(i.TIM_DMADelayPulseHalfCplt) for TIM_DMADelayPulseHalfCplt
    stm32f1xx_hal_tim.o(i.HAL_TIM_DMABurst_MultiWriteStart) refers to stm32f1xx_hal_tim.o(i.TIM_DMAPeriodElapsedCplt) for TIM_DMAPeriodElapsedCplt
    stm32f1xx_hal_tim.o(i.HAL_TIM_DMABurst_MultiWriteStart) refers to stm32f1xx_hal_tim.o(i.TIM_DMAPeriodElapsedHalfCplt) for TIM_DMAPeriodElapsedHalfCplt
    stm32f1xx_hal_tim.o(i.HAL_TIM_DMABurst_MultiWriteStart) refers to stm32f1xx_hal_tim_ex.o(i.TIMEx_DMACommutationCplt) for TIMEx_DMACommutationCplt
    stm32f1xx_hal_tim.o(i.HAL_TIM_DMABurst_MultiWriteStart) refers to stm32f1xx_hal_tim_ex.o(i.TIMEx_DMACommutationHalfCplt) for TIMEx_DMACommutationHalfCplt
    stm32f1xx_hal_tim.o(i.HAL_TIM_DMABurst_MultiWriteStart) refers to stm32f1xx_hal_tim.o(i.TIM_DMATriggerCplt) for TIM_DMATriggerCplt
    stm32f1xx_hal_tim.o(i.HAL_TIM_DMABurst_MultiWriteStart) refers to stm32f1xx_hal_tim.o(i.TIM_DMATriggerHalfCplt) for TIM_DMATriggerHalfCplt
    stm32f1xx_hal_tim.o(i.HAL_TIM_DMABurst_ReadStart) refers to stm32f1xx_hal_tim.o(i.HAL_TIM_DMABurst_MultiReadStart) for HAL_TIM_DMABurst_MultiReadStart
    stm32f1xx_hal_tim.o(i.HAL_TIM_DMABurst_ReadStop) refers to stm32f1xx_hal_dma.o(i.HAL_DMA_Abort_IT) for HAL_DMA_Abort_IT
    stm32f1xx_hal_tim.o(i.HAL_TIM_DMABurst_WriteStart) refers to stm32f1xx_hal_tim.o(i.HAL_TIM_DMABurst_MultiWriteStart) for HAL_TIM_DMABurst_MultiWriteStart
    stm32f1xx_hal_tim.o(i.HAL_TIM_DMABurst_WriteStop) refers to stm32f1xx_hal_dma.o(i.HAL_DMA_Abort_IT) for HAL_DMA_Abort_IT
    stm32f1xx_hal_tim.o(i.HAL_TIM_Encoder_DeInit) refers to stm32f1xx_hal_tim.o(i.HAL_TIM_Encoder_MspDeInit) for HAL_TIM_Encoder_MspDeInit
    stm32f1xx_hal_tim.o(i.HAL_TIM_Encoder_Init) refers to stm32f1xx_hal_tim.o(i.HAL_TIM_Encoder_MspInit) for HAL_TIM_Encoder_MspInit
    stm32f1xx_hal_tim.o(i.HAL_TIM_Encoder_Init) refers to stm32f1xx_hal_tim.o(i.TIM_Base_SetConfig) for TIM_Base_SetConfig
    stm32f1xx_hal_tim.o(i.HAL_TIM_Encoder_Start) refers to stm32f1xx_hal_tim.o(i.TIM_CCxChannelCmd) for TIM_CCxChannelCmd
    stm32f1xx_hal_tim.o(i.HAL_TIM_Encoder_Start_DMA) refers to stm32f1xx_hal_dma.o(i.HAL_DMA_Start_IT) for HAL_DMA_Start_IT
    stm32f1xx_hal_tim.o(i.HAL_TIM_Encoder_Start_DMA) refers to stm32f1xx_hal_tim.o(i.TIM_CCxChannelCmd) for TIM_CCxChannelCmd
    stm32f1xx_hal_tim.o(i.HAL_TIM_Encoder_Start_DMA) refers to stm32f1xx_hal_tim.o(i.TIM_DMACaptureCplt) for TIM_DMACaptureCplt
    stm32f1xx_hal_tim.o(i.HAL_TIM_Encoder_Start_DMA) refers to stm32f1xx_hal_tim.o(i.TIM_DMACaptureHalfCplt) for TIM_DMACaptureHalfCplt
    stm32f1xx_hal_tim.o(i.HAL_TIM_Encoder_Start_DMA) refers to stm32f1xx_hal_tim.o(i.TIM_DMAError) for TIM_DMAError
    stm32f1xx_hal_tim.o(i.HAL_TIM_Encoder_Start_IT) refers to stm32f1xx_hal_tim.o(i.TIM_CCxChannelCmd) for TIM_CCxChannelCmd
    stm32f1xx_hal_tim.o(i.HAL_TIM_Encoder_Stop) refers to stm32f1xx_hal_tim.o(i.TIM_CCxChannelCmd) for TIM_CCxChannelCmd
    stm32f1xx_hal_tim.o(i.HAL_TIM_Encoder_Stop_DMA) refers to stm32f1xx_hal_tim.o(i.TIM_CCxChannelCmd) for TIM_CCxChannelCmd
    stm32f1xx_hal_tim.o(i.HAL_TIM_Encoder_Stop_DMA) refers to stm32f1xx_hal_dma.o(i.HAL_DMA_Abort_IT) for HAL_DMA_Abort_IT
    stm32f1xx_hal_tim.o(i.HAL_TIM_Encoder_Stop_IT) refers to stm32f1xx_hal_tim.o(i.TIM_CCxChannelCmd) for TIM_CCxChannelCmd
    stm32f1xx_hal_tim.o(i.HAL_TIM_IC_ConfigChannel) refers to stm32f1xx_hal_tim.o(i.TIM_TI1_SetConfig) for TIM_TI1_SetConfig
    stm32f1xx_hal_tim.o(i.HAL_TIM_IC_ConfigChannel) refers to stm32f1xx_hal_tim.o(i.TIM_TI2_SetConfig) for TIM_TI2_SetConfig
    stm32f1xx_hal_tim.o(i.HAL_TIM_IC_DeInit) refers to stm32f1xx_hal_tim.o(i.HAL_TIM_IC_MspDeInit) for HAL_TIM_IC_MspDeInit
    stm32f1xx_hal_tim.o(i.HAL_TIM_IC_Init) refers to stm32f1xx_hal_tim.o(i.HAL_TIM_IC_MspInit) for HAL_TIM_IC_MspInit
    stm32f1xx_hal_tim.o(i.HAL_TIM_IC_Init) refers to stm32f1xx_hal_tim.o(i.TIM_Base_SetConfig) for TIM_Base_SetConfig
    stm32f1xx_hal_tim.o(i.HAL_TIM_IC_Start) refers to stm32f1xx_hal_tim.o(i.TIM_CCxChannelCmd) for TIM_CCxChannelCmd
    stm32f1xx_hal_tim.o(i.HAL_TIM_IC_Start_DMA) refers to stm32f1xx_hal_tim.o(i.TIM_CCxChannelCmd) for TIM_CCxChannelCmd
    stm32f1xx_hal_tim.o(i.HAL_TIM_IC_Start_DMA) refers to stm32f1xx_hal_dma.o(i.HAL_DMA_Start_IT) for HAL_DMA_Start_IT
    stm32f1xx_hal_tim.o(i.HAL_TIM_IC_Start_DMA) refers to stm32f1xx_hal_tim.o(i.TIM_DMACaptureCplt) for TIM_DMACaptureCplt
    stm32f1xx_hal_tim.o(i.HAL_TIM_IC_Start_DMA) refers to stm32f1xx_hal_tim.o(i.TIM_DMACaptureHalfCplt) for TIM_DMACaptureHalfCplt
    stm32f1xx_hal_tim.o(i.HAL_TIM_IC_Start_DMA) refers to stm32f1xx_hal_tim.o(i.TIM_DMAError) for TIM_DMAError
    stm32f1xx_hal_tim.o(i.HAL_TIM_IC_Start_IT) refers to stm32f1xx_hal_tim.o(i.TIM_CCxChannelCmd) for TIM_CCxChannelCmd
    stm32f1xx_hal_tim.o(i.HAL_TIM_IC_Stop) refers to stm32f1xx_hal_tim.o(i.TIM_CCxChannelCmd) for TIM_CCxChannelCmd
    stm32f1xx_hal_tim.o(i.HAL_TIM_IC_Stop_DMA) refers to stm32f1xx_hal_tim.o(i.TIM_CCxChannelCmd) for TIM_CCxChannelCmd
    stm32f1xx_hal_tim.o(i.HAL_TIM_IC_Stop_DMA) refers to stm32f1xx_hal_dma.o(i.HAL_DMA_Abort_IT) for HAL_DMA_Abort_IT
    stm32f1xx_hal_tim.o(i.HAL_TIM_IC_Stop_IT) refers to stm32f1xx_hal_tim.o(i.TIM_CCxChannelCmd) for TIM_CCxChannelCmd
    stm32f1xx_hal_tim.o(i.HAL_TIM_IRQHandler) refers to stm32f1xx_hal_tim.o(i.HAL_TIM_IC_CaptureCallback) for HAL_TIM_IC_CaptureCallback
    stm32f1xx_hal_tim.o(i.HAL_TIM_IRQHandler) refers to stm32f1xx_hal_tim.o(i.HAL_TIM_OC_DelayElapsedCallback) for HAL_TIM_OC_DelayElapsedCallback
    stm32f1xx_hal_tim.o(i.HAL_TIM_IRQHandler) refers to stm32f1xx_hal_tim.o(i.HAL_TIM_PWM_PulseFinishedCallback) for HAL_TIM_PWM_PulseFinishedCallback
    stm32f1xx_hal_tim.o(i.HAL_TIM_IRQHandler) refers to stm32f1xx_hal_tim.o(i.HAL_TIM_PeriodElapsedCallback) for HAL_TIM_PeriodElapsedCallback
    stm32f1xx_hal_tim.o(i.HAL_TIM_IRQHandler) refers to stm32f1xx_hal_tim_ex.o(i.HAL_TIMEx_BreakCallback) for HAL_TIMEx_BreakCallback
    stm32f1xx_hal_tim.o(i.HAL_TIM_IRQHandler) refers to stm32f1xx_hal_tim.o(i.HAL_TIM_TriggerCallback) for HAL_TIM_TriggerCallback
    stm32f1xx_hal_tim.o(i.HAL_TIM_IRQHandler) refers to stm32f1xx_hal_tim_ex.o(i.HAL_TIMEx_CommutCallback) for HAL_TIMEx_CommutCallback
    stm32f1xx_hal_tim.o(i.HAL_TIM_OC_ConfigChannel) refers to stm32f1xx_hal_tim.o(i.TIM_OC1_SetConfig) for TIM_OC1_SetConfig
    stm32f1xx_hal_tim.o(i.HAL_TIM_OC_ConfigChannel) refers to stm32f1xx_hal_tim.o(i.TIM_OC2_SetConfig) for TIM_OC2_SetConfig
    stm32f1xx_hal_tim.o(i.HAL_TIM_OC_ConfigChannel) refers to stm32f1xx_hal_tim.o(i.TIM_OC3_SetConfig) for TIM_OC3_SetConfig
    stm32f1xx_hal_tim.o(i.HAL_TIM_OC_ConfigChannel) refers to stm32f1xx_hal_tim.o(i.TIM_OC4_SetConfig) for TIM_OC4_SetConfig
    stm32f1xx_hal_tim.o(i.HAL_TIM_OC_DeInit) refers to stm32f1xx_hal_tim.o(i.HAL_TIM_OC_MspDeInit) for HAL_TIM_OC_MspDeInit
    stm32f1xx_hal_tim.o(i.HAL_TIM_OC_Init) refers to stm32f1xx_hal_tim.o(i.HAL_TIM_OC_MspInit) for HAL_TIM_OC_MspInit
    stm32f1xx_hal_tim.o(i.HAL_TIM_OC_Init) refers to stm32f1xx_hal_tim.o(i.TIM_Base_SetConfig) for TIM_Base_SetConfig
    stm32f1xx_hal_tim.o(i.HAL_TIM_OC_Start) refers to stm32f1xx_hal_tim.o(i.TIM_CCxChannelCmd) for TIM_CCxChannelCmd
    stm32f1xx_hal_tim.o(i.HAL_TIM_OC_Start_DMA) refers to stm32f1xx_hal_dma.o(i.HAL_DMA_Start_IT) for HAL_DMA_Start_IT
    stm32f1xx_hal_tim.o(i.HAL_TIM_OC_Start_DMA) refers to stm32f1xx_hal_tim.o(i.TIM_CCxChannelCmd) for TIM_CCxChannelCmd
    stm32f1xx_hal_tim.o(i.HAL_TIM_OC_Start_DMA) refers to stm32f1xx_hal_tim.o(i.TIM_DMADelayPulseCplt) for TIM_DMADelayPulseCplt
    stm32f1xx_hal_tim.o(i.HAL_TIM_OC_Start_DMA) refers to stm32f1xx_hal_tim.o(i.TIM_DMADelayPulseHalfCplt) for TIM_DMADelayPulseHalfCplt
    stm32f1xx_hal_tim.o(i.HAL_TIM_OC_Start_DMA) refers to stm32f1xx_hal_tim.o(i.TIM_DMAError) for TIM_DMAError
    stm32f1xx_hal_tim.o(i.HAL_TIM_OC_Start_IT) refers to stm32f1xx_hal_tim.o(i.TIM_CCxChannelCmd) for TIM_CCxChannelCmd
    stm32f1xx_hal_tim.o(i.HAL_TIM_OC_Stop) refers to stm32f1xx_hal_tim.o(i.TIM_CCxChannelCmd) for TIM_CCxChannelCmd
    stm32f1xx_hal_tim.o(i.HAL_TIM_OC_Stop_DMA) refers to stm32f1xx_hal_dma.o(i.HAL_DMA_Abort_IT) for HAL_DMA_Abort_IT
    stm32f1xx_hal_tim.o(i.HAL_TIM_OC_Stop_DMA) refers to stm32f1xx_hal_tim.o(i.TIM_CCxChannelCmd) for TIM_CCxChannelCmd
    stm32f1xx_hal_tim.o(i.HAL_TIM_OC_Stop_IT) refers to stm32f1xx_hal_tim.o(i.TIM_CCxChannelCmd) for TIM_CCxChannelCmd
    stm32f1xx_hal_tim.o(i.HAL_TIM_OnePulse_ConfigChannel) refers to stm32f1xx_hal_tim.o(i.TIM_OC1_SetConfig) for TIM_OC1_SetConfig
    stm32f1xx_hal_tim.o(i.HAL_TIM_OnePulse_ConfigChannel) refers to stm32f1xx_hal_tim.o(i.TIM_OC2_SetConfig) for TIM_OC2_SetConfig
    stm32f1xx_hal_tim.o(i.HAL_TIM_OnePulse_ConfigChannel) refers to stm32f1xx_hal_tim.o(i.TIM_TI1_SetConfig) for TIM_TI1_SetConfig
    stm32f1xx_hal_tim.o(i.HAL_TIM_OnePulse_ConfigChannel) refers to stm32f1xx_hal_tim.o(i.TIM_TI2_SetConfig) for TIM_TI2_SetConfig
    stm32f1xx_hal_tim.o(i.HAL_TIM_OnePulse_DeInit) refers to stm32f1xx_hal_tim.o(i.HAL_TIM_OnePulse_MspDeInit) for HAL_TIM_OnePulse_MspDeInit
    stm32f1xx_hal_tim.o(i.HAL_TIM_OnePulse_Init) refers to stm32f1xx_hal_tim.o(i.HAL_TIM_OnePulse_MspInit) for HAL_TIM_OnePulse_MspInit
    stm32f1xx_hal_tim.o(i.HAL_TIM_OnePulse_Init) refers to stm32f1xx_hal_tim.o(i.TIM_Base_SetConfig) for TIM_Base_SetConfig
    stm32f1xx_hal_tim.o(i.HAL_TIM_OnePulse_Start) refers to stm32f1xx_hal_tim.o(i.TIM_CCxChannelCmd) for TIM_CCxChannelCmd
    stm32f1xx_hal_tim.o(i.HAL_TIM_OnePulse_Start_IT) refers to stm32f1xx_hal_tim.o(i.TIM_CCxChannelCmd) for TIM_CCxChannelCmd
    stm32f1xx_hal_tim.o(i.HAL_TIM_OnePulse_Stop) refers to stm32f1xx_hal_tim.o(i.TIM_CCxChannelCmd) for TIM_CCxChannelCmd
    stm32f1xx_hal_tim.o(i.HAL_TIM_OnePulse_Stop_IT) refers to stm32f1xx_hal_tim.o(i.TIM_CCxChannelCmd) for TIM_CCxChannelCmd
    stm32f1xx_hal_tim.o(i.HAL_TIM_PWM_ConfigChannel) refers to stm32f1xx_hal_tim.o(i.TIM_OC1_SetConfig) for TIM_OC1_SetConfig
    stm32f1xx_hal_tim.o(i.HAL_TIM_PWM_ConfigChannel) refers to stm32f1xx_hal_tim.o(i.TIM_OC2_SetConfig) for TIM_OC2_SetConfig
    stm32f1xx_hal_tim.o(i.HAL_TIM_PWM_ConfigChannel) refers to stm32f1xx_hal_tim.o(i.TIM_OC3_SetConfig) for TIM_OC3_SetConfig
    stm32f1xx_hal_tim.o(i.HAL_TIM_PWM_ConfigChannel) refers to stm32f1xx_hal_tim.o(i.TIM_OC4_SetConfig) for TIM_OC4_SetConfig
    stm32f1xx_hal_tim.o(i.HAL_TIM_PWM_DeInit) refers to stm32f1xx_hal_msp.o(i.HAL_TIM_PWM_MspDeInit) for HAL_TIM_PWM_MspDeInit
    stm32f1xx_hal_tim.o(i.HAL_TIM_PWM_Init) refers to stm32f1xx_hal_msp.o(i.HAL_TIM_PWM_MspInit) for HAL_TIM_PWM_MspInit
    stm32f1xx_hal_tim.o(i.HAL_TIM_PWM_Init) refers to stm32f1xx_hal_tim.o(i.TIM_Base_SetConfig) for TIM_Base_SetConfig
    stm32f1xx_hal_tim.o(i.HAL_TIM_PWM_Start) refers to stm32f1xx_hal_tim.o(i.TIM_CCxChannelCmd) for TIM_CCxChannelCmd
    stm32f1xx_hal_tim.o(i.HAL_TIM_PWM_Start_DMA) refers to stm32f1xx_hal_dma.o(i.HAL_DMA_Start_IT) for HAL_DMA_Start_IT
    stm32f1xx_hal_tim.o(i.HAL_TIM_PWM_Start_DMA) refers to stm32f1xx_hal_tim.o(i.TIM_CCxChannelCmd) for TIM_CCxChannelCmd
    stm32f1xx_hal_tim.o(i.HAL_TIM_PWM_Start_DMA) refers to stm32f1xx_hal_tim.o(i.TIM_DMADelayPulseCplt) for TIM_DMADelayPulseCplt
    stm32f1xx_hal_tim.o(i.HAL_TIM_PWM_Start_DMA) refers to stm32f1xx_hal_tim.o(i.TIM_DMADelayPulseHalfCplt) for TIM_DMADelayPulseHalfCplt
    stm32f1xx_hal_tim.o(i.HAL_TIM_PWM_Start_DMA) refers to stm32f1xx_hal_tim.o(i.TIM_DMAError) for TIM_DMAError
    stm32f1xx_hal_tim.o(i.HAL_TIM_PWM_Start_IT) refers to stm32f1xx_hal_tim.o(i.TIM_CCxChannelCmd) for TIM_CCxChannelCmd
    stm32f1xx_hal_tim.o(i.HAL_TIM_PWM_Stop) refers to stm32f1xx_hal_tim.o(i.TIM_CCxChannelCmd) for TIM_CCxChannelCmd
    stm32f1xx_hal_tim.o(i.HAL_TIM_PWM_Stop_DMA) refers to stm32f1xx_hal_dma.o(i.HAL_DMA_Abort_IT) for HAL_DMA_Abort_IT
    stm32f1xx_hal_tim.o(i.HAL_TIM_PWM_Stop_DMA) refers to stm32f1xx_hal_tim.o(i.TIM_CCxChannelCmd) for TIM_CCxChannelCmd
    stm32f1xx_hal_tim.o(i.HAL_TIM_PWM_Stop_IT) refers to stm32f1xx_hal_tim.o(i.TIM_CCxChannelCmd) for TIM_CCxChannelCmd
    stm32f1xx_hal_tim.o(i.HAL_TIM_SlaveConfigSynchro) refers to stm32f1xx_hal_tim.o(i.TIM_SlaveTimer_SetConfig) for TIM_SlaveTimer_SetConfig
    stm32f1xx_hal_tim.o(i.HAL_TIM_SlaveConfigSynchro_IT) refers to stm32f1xx_hal_tim.o(i.TIM_SlaveTimer_SetConfig) for TIM_SlaveTimer_SetConfig
    stm32f1xx_hal_tim.o(i.TIM_DMACaptureCplt) refers to stm32f1xx_hal_tim.o(i.HAL_TIM_IC_CaptureCallback) for HAL_TIM_IC_CaptureCallback
    stm32f1xx_hal_tim.o(i.TIM_DMACaptureHalfCplt) refers to stm32f1xx_hal_tim.o(i.HAL_TIM_IC_CaptureHalfCpltCallback) for HAL_TIM_IC_CaptureHalfCpltCallback
    stm32f1xx_hal_tim.o(i.TIM_DMADelayPulseCplt) refers to stm32f1xx_hal_tim.o(i.HAL_TIM_PWM_PulseFinishedCallback) for HAL_TIM_PWM_PulseFinishedCallback
    stm32f1xx_hal_tim.o(i.TIM_DMADelayPulseHalfCplt) refers to stm32f1xx_hal_tim.o(i.HAL_TIM_PWM_PulseFinishedHalfCpltCallback) for HAL_TIM_PWM_PulseFinishedHalfCpltCallback
    stm32f1xx_hal_tim.o(i.TIM_DMAError) refers to stm32f1xx_hal_tim.o(i.HAL_TIM_ErrorCallback) for HAL_TIM_ErrorCallback
    stm32f1xx_hal_tim.o(i.TIM_DMAPeriodElapsedCplt) refers to stm32f1xx_hal_tim.o(i.HAL_TIM_PeriodElapsedCallback) for HAL_TIM_PeriodElapsedCallback
    stm32f1xx_hal_tim.o(i.TIM_DMAPeriodElapsedHalfCplt) refers to stm32f1xx_hal_tim.o(i.HAL_TIM_PeriodElapsedHalfCpltCallback) for HAL_TIM_PeriodElapsedHalfCpltCallback
    stm32f1xx_hal_tim.o(i.TIM_DMATriggerCplt) refers to stm32f1xx_hal_tim.o(i.HAL_TIM_TriggerCallback) for HAL_TIM_TriggerCallback
    stm32f1xx_hal_tim.o(i.TIM_DMATriggerHalfCplt) refers to stm32f1xx_hal_tim.o(i.HAL_TIM_TriggerHalfCpltCallback) for HAL_TIM_TriggerHalfCpltCallback
    stm32f1xx_hal_tim.o(i.TIM_SlaveTimer_SetConfig) refers to stm32f1xx_hal_tim.o(i.TIM_ETR_SetConfig) for TIM_ETR_SetConfig
    stm32f1xx_hal_tim.o(i.TIM_SlaveTimer_SetConfig) refers to stm32f1xx_hal_tim.o(i.TIM_TI1_ConfigInputStage) for TIM_TI1_ConfigInputStage
    stm32f1xx_hal_tim.o(i.TIM_SlaveTimer_SetConfig) refers to stm32f1xx_hal_tim.o(i.TIM_TI2_ConfigInputStage) for TIM_TI2_ConfigInputStage
    stm32f1xx_hal_tim_ex.o(i.HAL_TIMEx_ConfigCommutEvent_DMA) refers to stm32f1xx_hal_tim_ex.o(i.TIMEx_DMACommutationCplt) for TIMEx_DMACommutationCplt
    stm32f1xx_hal_tim_ex.o(i.HAL_TIMEx_ConfigCommutEvent_DMA) refers to stm32f1xx_hal_tim_ex.o(i.TIMEx_DMACommutationHalfCplt) for TIMEx_DMACommutationHalfCplt
    stm32f1xx_hal_tim_ex.o(i.HAL_TIMEx_ConfigCommutEvent_DMA) refers to stm32f1xx_hal_tim.o(i.TIM_DMAError) for TIM_DMAError
    stm32f1xx_hal_tim_ex.o(i.HAL_TIMEx_HallSensor_DeInit) refers to stm32f1xx_hal_tim_ex.o(i.HAL_TIMEx_HallSensor_MspDeInit) for HAL_TIMEx_HallSensor_MspDeInit
    stm32f1xx_hal_tim_ex.o(i.HAL_TIMEx_HallSensor_Init) refers to stm32f1xx_hal_tim_ex.o(i.HAL_TIMEx_HallSensor_MspInit) for HAL_TIMEx_HallSensor_MspInit
    stm32f1xx_hal_tim_ex.o(i.HAL_TIMEx_HallSensor_Init) refers to stm32f1xx_hal_tim.o(i.TIM_Base_SetConfig) for TIM_Base_SetConfig
    stm32f1xx_hal_tim_ex.o(i.HAL_TIMEx_HallSensor_Init) refers to stm32f1xx_hal_tim.o(i.TIM_TI1_SetConfig) for TIM_TI1_SetConfig
    stm32f1xx_hal_tim_ex.o(i.HAL_TIMEx_HallSensor_Init) refers to stm32f1xx_hal_tim.o(i.TIM_OC2_SetConfig) for TIM_OC2_SetConfig
    stm32f1xx_hal_tim_ex.o(i.HAL_TIMEx_HallSensor_Start) refers to stm32f1xx_hal_tim.o(i.TIM_CCxChannelCmd) for TIM_CCxChannelCmd
    stm32f1xx_hal_tim_ex.o(i.HAL_TIMEx_HallSensor_Start_DMA) refers to stm32f1xx_hal_tim.o(i.TIM_CCxChannelCmd) for TIM_CCxChannelCmd
    stm32f1xx_hal_tim_ex.o(i.HAL_TIMEx_HallSensor_Start_DMA) refers to stm32f1xx_hal_dma.o(i.HAL_DMA_Start_IT) for HAL_DMA_Start_IT
    stm32f1xx_hal_tim_ex.o(i.HAL_TIMEx_HallSensor_Start_DMA) refers to stm32f1xx_hal_tim.o(i.TIM_DMACaptureCplt) for TIM_DMACaptureCplt
    stm32f1xx_hal_tim_ex.o(i.HAL_TIMEx_HallSensor_Start_DMA) refers to stm32f1xx_hal_tim.o(i.TIM_DMACaptureHalfCplt) for TIM_DMACaptureHalfCplt
    stm32f1xx_hal_tim_ex.o(i.HAL_TIMEx_HallSensor_Start_DMA) refers to stm32f1xx_hal_tim.o(i.TIM_DMAError) for TIM_DMAError
    stm32f1xx_hal_tim_ex.o(i.HAL_TIMEx_HallSensor_Start_IT) refers to stm32f1xx_hal_tim.o(i.TIM_CCxChannelCmd) for TIM_CCxChannelCmd
    stm32f1xx_hal_tim_ex.o(i.HAL_TIMEx_HallSensor_Stop) refers to stm32f1xx_hal_tim.o(i.TIM_CCxChannelCmd) for TIM_CCxChannelCmd
    stm32f1xx_hal_tim_ex.o(i.HAL_TIMEx_HallSensor_Stop_DMA) refers to stm32f1xx_hal_tim.o(i.TIM_CCxChannelCmd) for TIM_CCxChannelCmd
    stm32f1xx_hal_tim_ex.o(i.HAL_TIMEx_HallSensor_Stop_DMA) refers to stm32f1xx_hal_dma.o(i.HAL_DMA_Abort_IT) for HAL_DMA_Abort_IT
    stm32f1xx_hal_tim_ex.o(i.HAL_TIMEx_HallSensor_Stop_IT) refers to stm32f1xx_hal_tim.o(i.TIM_CCxChannelCmd) for TIM_CCxChannelCmd
    stm32f1xx_hal_tim_ex.o(i.HAL_TIMEx_OCN_Start) refers to stm32f1xx_hal_tim_ex.o(i.TIM_CCxNChannelCmd) for TIM_CCxNChannelCmd
    stm32f1xx_hal_tim_ex.o(i.HAL_TIMEx_OCN_Start_DMA) refers to stm32f1xx_hal_dma.o(i.HAL_DMA_Start_IT) for HAL_DMA_Start_IT
    stm32f1xx_hal_tim_ex.o(i.HAL_TIMEx_OCN_Start_DMA) refers to stm32f1xx_hal_tim_ex.o(i.TIM_CCxNChannelCmd) for TIM_CCxNChannelCmd
    stm32f1xx_hal_tim_ex.o(i.HAL_TIMEx_OCN_Start_DMA) refers to stm32f1xx_hal_tim_ex.o(i.TIM_DMADelayPulseNCplt) for TIM_DMADelayPulseNCplt
    stm32f1xx_hal_tim_ex.o(i.HAL_TIMEx_OCN_Start_DMA) refers to stm32f1xx_hal_tim.o(i.TIM_DMADelayPulseHalfCplt) for TIM_DMADelayPulseHalfCplt
    stm32f1xx_hal_tim_ex.o(i.HAL_TIMEx_OCN_Start_DMA) refers to stm32f1xx_hal_tim_ex.o(i.TIM_DMAErrorCCxN) for TIM_DMAErrorCCxN
    stm32f1xx_hal_tim_ex.o(i.HAL_TIMEx_OCN_Start_IT) refers to stm32f1xx_hal_tim_ex.o(i.TIM_CCxNChannelCmd) for TIM_CCxNChannelCmd
    stm32f1xx_hal_tim_ex.o(i.HAL_TIMEx_OCN_Stop) refers to stm32f1xx_hal_tim_ex.o(i.TIM_CCxNChannelCmd) for TIM_CCxNChannelCmd
    stm32f1xx_hal_tim_ex.o(i.HAL_TIMEx_OCN_Stop_DMA) refers to stm32f1xx_hal_dma.o(i.HAL_DMA_Abort_IT) for HAL_DMA_Abort_IT
    stm32f1xx_hal_tim_ex.o(i.HAL_TIMEx_OCN_Stop_DMA) refers to stm32f1xx_hal_tim_ex.o(i.TIM_CCxNChannelCmd) for TIM_CCxNChannelCmd
    stm32f1xx_hal_tim_ex.o(i.HAL_TIMEx_OCN_Stop_IT) refers to stm32f1xx_hal_tim_ex.o(i.TIM_CCxNChannelCmd) for TIM_CCxNChannelCmd
    stm32f1xx_hal_tim_ex.o(i.HAL_TIMEx_OnePulseN_Start) refers to stm32f1xx_hal_tim_ex.o(i.TIM_CCxNChannelCmd) for TIM_CCxNChannelCmd
    stm32f1xx_hal_tim_ex.o(i.HAL_TIMEx_OnePulseN_Start) refers to stm32f1xx_hal_tim.o(i.TIM_CCxChannelCmd) for TIM_CCxChannelCmd
    stm32f1xx_hal_tim_ex.o(i.HAL_TIMEx_OnePulseN_Start_IT) refers to stm32f1xx_hal_tim_ex.o(i.TIM_CCxNChannelCmd) for TIM_CCxNChannelCmd
    stm32f1xx_hal_tim_ex.o(i.HAL_TIMEx_OnePulseN_Start_IT) refers to stm32f1xx_hal_tim.o(i.TIM_CCxChannelCmd) for TIM_CCxChannelCmd
    stm32f1xx_hal_tim_ex.o(i.HAL_TIMEx_OnePulseN_Stop) refers to stm32f1xx_hal_tim_ex.o(i.TIM_CCxNChannelCmd) for TIM_CCxNChannelCmd
    stm32f1xx_hal_tim_ex.o(i.HAL_TIMEx_OnePulseN_Stop) refers to stm32f1xx_hal_tim.o(i.TIM_CCxChannelCmd) for TIM_CCxChannelCmd
    stm32f1xx_hal_tim_ex.o(i.HAL_TIMEx_OnePulseN_Stop_IT) refers to stm32f1xx_hal_tim_ex.o(i.TIM_CCxNChannelCmd) for TIM_CCxNChannelCmd
    stm32f1xx_hal_tim_ex.o(i.HAL_TIMEx_OnePulseN_Stop_IT) refers to stm32f1xx_hal_tim.o(i.TIM_CCxChannelCmd) for TIM_CCxChannelCmd
    stm32f1xx_hal_tim_ex.o(i.HAL_TIMEx_PWMN_Start) refers to stm32f1xx_hal_tim_ex.o(i.TIM_CCxNChannelCmd) for TIM_CCxNChannelCmd
    stm32f1xx_hal_tim_ex.o(i.HAL_TIMEx_PWMN_Start_DMA) refers to stm32f1xx_hal_dma.o(i.HAL_DMA_Start_IT) for HAL_DMA_Start_IT
    stm32f1xx_hal_tim_ex.o(i.HAL_TIMEx_PWMN_Start_DMA) refers to stm32f1xx_hal_tim_ex.o(i.TIM_CCxNChannelCmd) for TIM_CCxNChannelCmd
    stm32f1xx_hal_tim_ex.o(i.HAL_TIMEx_PWMN_Start_DMA) refers to stm32f1xx_hal_tim_ex.o(i.TIM_DMADelayPulseNCplt) for TIM_DMADelayPulseNCplt
    stm32f1xx_hal_tim_ex.o(i.HAL_TIMEx_PWMN_Start_DMA) refers to stm32f1xx_hal_tim.o(i.TIM_DMADelayPulseHalfCplt) for TIM_DMADelayPulseHalfCplt
    stm32f1xx_hal_tim_ex.o(i.HAL_TIMEx_PWMN_Start_DMA) refers to stm32f1xx_hal_tim_ex.o(i.TIM_DMAErrorCCxN) for TIM_DMAErrorCCxN
    stm32f1xx_hal_tim_ex.o(i.HAL_TIMEx_PWMN_Start_IT) refers to stm32f1xx_hal_tim_ex.o(i.TIM_CCxNChannelCmd) for TIM_CCxNChannelCmd
    stm32f1xx_hal_tim_ex.o(i.HAL_TIMEx_PWMN_Stop) refers to stm32f1xx_hal_tim_ex.o(i.TIM_CCxNChannelCmd) for TIM_CCxNChannelCmd
    stm32f1xx_hal_tim_ex.o(i.HAL_TIMEx_PWMN_Stop_DMA) refers to stm32f1xx_hal_dma.o(i.HAL_DMA_Abort_IT) for HAL_DMA_Abort_IT
    stm32f1xx_hal_tim_ex.o(i.HAL_TIMEx_PWMN_Stop_DMA) refers to stm32f1xx_hal_tim_ex.o(i.TIM_CCxNChannelCmd) for TIM_CCxNChannelCmd
    stm32f1xx_hal_tim_ex.o(i.HAL_TIMEx_PWMN_Stop_IT) refers to stm32f1xx_hal_tim_ex.o(i.TIM_CCxNChannelCmd) for TIM_CCxNChannelCmd
    stm32f1xx_hal_tim_ex.o(i.TIMEx_DMACommutationCplt) refers to stm32f1xx_hal_tim_ex.o(i.HAL_TIMEx_CommutCallback) for HAL_TIMEx_CommutCallback
    stm32f1xx_hal_tim_ex.o(i.TIMEx_DMACommutationHalfCplt) refers to stm32f1xx_hal_tim_ex.o(i.HAL_TIMEx_CommutHalfCpltCallback) for HAL_TIMEx_CommutHalfCpltCallback
    stm32f1xx_hal_tim_ex.o(i.TIM_DMADelayPulseNCplt) refers to stm32f1xx_hal_tim.o(i.HAL_TIM_PWM_PulseFinishedCallback) for HAL_TIM_PWM_PulseFinishedCallback
    stm32f1xx_hal_tim_ex.o(i.TIM_DMAErrorCCxN) refers to stm32f1xx_hal_tim.o(i.HAL_TIM_ErrorCallback) for HAL_TIM_ErrorCallback
    stm32f1xx_hal_uart.o(i.HAL_HalfDuplex_Init) refers to stm32f1xx_hal_msp.o(i.HAL_UART_MspInit) for HAL_UART_MspInit
    stm32f1xx_hal_uart.o(i.HAL_HalfDuplex_Init) refers to stm32f1xx_hal_uart.o(i.UART_SetConfig) for UART_SetConfig
    stm32f1xx_hal_uart.o(i.HAL_LIN_Init) refers to stm32f1xx_hal_msp.o(i.HAL_UART_MspInit) for HAL_UART_MspInit
    stm32f1xx_hal_uart.o(i.HAL_LIN_Init) refers to stm32f1xx_hal_uart.o(i.UART_SetConfig) for UART_SetConfig
    stm32f1xx_hal_uart.o(i.HAL_MultiProcessor_Init) refers to stm32f1xx_hal_msp.o(i.HAL_UART_MspInit) for HAL_UART_MspInit
    stm32f1xx_hal_uart.o(i.HAL_MultiProcessor_Init) refers to stm32f1xx_hal_uart.o(i.UART_SetConfig) for UART_SetConfig
    stm32f1xx_hal_uart.o(i.HAL_UARTEx_ReceiveToIdle) refers to stm32f1xx_hal.o(i.HAL_GetTick) for HAL_GetTick
    stm32f1xx_hal_uart.o(i.HAL_UARTEx_ReceiveToIdle_DMA) refers to stm32f1xx_hal_uart.o(i.UART_Start_Receive_DMA) for UART_Start_Receive_DMA
    stm32f1xx_hal_uart.o(i.HAL_UARTEx_ReceiveToIdle_IT) refers to stm32f1xx_hal_uart.o(i.UART_Start_Receive_IT) for UART_Start_Receive_IT
    stm32f1xx_hal_uart.o(i.HAL_UART_Abort) refers to stm32f1xx_hal_dma.o(i.HAL_DMA_Abort) for HAL_DMA_Abort
    stm32f1xx_hal_uart.o(i.HAL_UART_Abort) refers to stm32f1xx_hal_dma.o(i.HAL_DMA_GetError) for HAL_DMA_GetError
    stm32f1xx_hal_uart.o(i.HAL_UART_AbortReceive) refers to stm32f1xx_hal_dma.o(i.HAL_DMA_Abort) for HAL_DMA_Abort
    stm32f1xx_hal_uart.o(i.HAL_UART_AbortReceive) refers to stm32f1xx_hal_dma.o(i.HAL_DMA_GetError) for HAL_DMA_GetError
    stm32f1xx_hal_uart.o(i.HAL_UART_AbortReceive_IT) refers to stm32f1xx_hal_dma.o(i.HAL_DMA_Abort_IT) for HAL_DMA_Abort_IT
    stm32f1xx_hal_uart.o(i.HAL_UART_AbortReceive_IT) refers to stm32f1xx_hal_uart.o(i.HAL_UART_AbortReceiveCpltCallback) for HAL_UART_AbortReceiveCpltCallback
    stm32f1xx_hal_uart.o(i.HAL_UART_AbortReceive_IT) refers to stm32f1xx_hal_uart.o(i.UART_DMARxOnlyAbortCallback) for UART_DMARxOnlyAbortCallback
    stm32f1xx_hal_uart.o(i.HAL_UART_AbortTransmit) refers to stm32f1xx_hal_dma.o(i.HAL_DMA_Abort) for HAL_DMA_Abort
    stm32f1xx_hal_uart.o(i.HAL_UART_AbortTransmit) refers to stm32f1xx_hal_dma.o(i.HAL_DMA_GetError) for HAL_DMA_GetError
    stm32f1xx_hal_uart.o(i.HAL_UART_AbortTransmit_IT) refers to stm32f1xx_hal_dma.o(i.HAL_DMA_Abort_IT) for HAL_DMA_Abort_IT
    stm32f1xx_hal_uart.o(i.HAL_UART_AbortTransmit_IT) refers to stm32f1xx_hal_uart.o(i.HAL_UART_AbortTransmitCpltCallback) for HAL_UART_AbortTransmitCpltCallback
    stm32f1xx_hal_uart.o(i.HAL_UART_AbortTransmit_IT) refers to stm32f1xx_hal_uart.o(i.UART_DMATxOnlyAbortCallback) for UART_DMATxOnlyAbortCallback
    stm32f1xx_hal_uart.o(i.HAL_UART_Abort_IT) refers to stm32f1xx_hal_dma.o(i.HAL_DMA_Abort_IT) for HAL_DMA_Abort_IT
    stm32f1xx_hal_uart.o(i.HAL_UART_Abort_IT) refers to stm32f1xx_hal_uart.o(i.HAL_UART_AbortCpltCallback) for HAL_UART_AbortCpltCallback
    stm32f1xx_hal_uart.o(i.HAL_UART_Abort_IT) refers to stm32f1xx_hal_uart.o(i.UART_DMATxAbortCallback) for UART_DMATxAbortCallback
    stm32f1xx_hal_uart.o(i.HAL_UART_Abort_IT) refers to stm32f1xx_hal_uart.o(i.UART_DMARxAbortCallback) for UART_DMARxAbortCallback
    stm32f1xx_hal_uart.o(i.HAL_UART_DMAStop) refers to stm32f1xx_hal_dma.o(i.HAL_DMA_Abort) for HAL_DMA_Abort
    stm32f1xx_hal_uart.o(i.HAL_UART_DMAStop) refers to stm32f1xx_hal_uart.o(i.UART_EndTxTransfer) for UART_EndTxTransfer
    stm32f1xx_hal_uart.o(i.HAL_UART_DMAStop) refers to stm32f1xx_hal_uart.o(i.UART_EndRxTransfer) for UART_EndRxTransfer
    stm32f1xx_hal_uart.o(i.HAL_UART_DeInit) refers to stm32f1xx_hal_msp.o(i.HAL_UART_MspDeInit) for HAL_UART_MspDeInit
    stm32f1xx_hal_uart.o(i.HAL_UART_IRQHandler) refers to stm32f1xx_hal_uart.o(i.UART_Receive_IT) for UART_Receive_IT
    stm32f1xx_hal_uart.o(i.HAL_UART_IRQHandler) refers to stm32f1xx_hal_uart.o(i.UART_EndRxTransfer) for UART_EndRxTransfer
    stm32f1xx_hal_uart.o(i.HAL_UART_IRQHandler) refers to stm32f1xx_hal_dma.o(i.HAL_DMA_Abort_IT) for HAL_DMA_Abort_IT
    stm32f1xx_hal_uart.o(i.HAL_UART_IRQHandler) refers to stm32f1xx_hal_uart.o(i.HAL_UART_ErrorCallback) for HAL_UART_ErrorCallback
    stm32f1xx_hal_uart.o(i.HAL_UART_IRQHandler) refers to stm32f1xx_hal_dma.o(i.HAL_DMA_Abort) for HAL_DMA_Abort
    stm32f1xx_hal_uart.o(i.HAL_UART_IRQHandler) refers to stm32f1xx_hal_uart.o(i.HAL_UARTEx_RxEventCallback) for HAL_UARTEx_RxEventCallback
    stm32f1xx_hal_uart.o(i.HAL_UART_IRQHandler) refers to stm32f1xx_hal_uart.o(i.HAL_UART_TxCpltCallback) for HAL_UART_TxCpltCallback
    stm32f1xx_hal_uart.o(i.HAL_UART_IRQHandler) refers to stm32f1xx_hal_uart.o(i.UART_DMAAbortOnError) for UART_DMAAbortOnError
    stm32f1xx_hal_uart.o(i.HAL_UART_Init) refers to stm32f1xx_hal_msp.o(i.HAL_UART_MspInit) for HAL_UART_MspInit
    stm32f1xx_hal_uart.o(i.HAL_UART_Init) refers to stm32f1xx_hal_uart.o(i.UART_SetConfig) for UART_SetConfig
    stm32f1xx_hal_uart.o(i.HAL_UART_Receive) refers to stm32f1xx_hal.o(i.HAL_GetTick) for HAL_GetTick
    stm32f1xx_hal_uart.o(i.HAL_UART_Receive) refers to stm32f1xx_hal_uart.o(i.UART_WaitOnFlagUntilTimeout) for UART_WaitOnFlagUntilTimeout
    stm32f1xx_hal_uart.o(i.HAL_UART_Receive_DMA) refers to stm32f1xx_hal_uart.o(i.UART_Start_Receive_DMA) for UART_Start_Receive_DMA
    stm32f1xx_hal_uart.o(i.HAL_UART_Receive_IT) refers to stm32f1xx_hal_uart.o(i.UART_Start_Receive_IT) for UART_Start_Receive_IT
    stm32f1xx_hal_uart.o(i.HAL_UART_Transmit) refers to stm32f1xx_hal.o(i.HAL_GetTick) for HAL_GetTick
    stm32f1xx_hal_uart.o(i.HAL_UART_Transmit) refers to stm32f1xx_hal_uart.o(i.UART_WaitOnFlagUntilTimeout) for UART_WaitOnFlagUntilTimeout
    stm32f1xx_hal_uart.o(i.HAL_UART_Transmit_DMA) refers to stm32f1xx_hal_dma.o(i.HAL_DMA_Start_IT) for HAL_DMA_Start_IT
    stm32f1xx_hal_uart.o(i.HAL_UART_Transmit_DMA) refers to stm32f1xx_hal_uart.o(i.UART_DMATransmitCplt) for UART_DMATransmitCplt
    stm32f1xx_hal_uart.o(i.HAL_UART_Transmit_DMA) refers to stm32f1xx_hal_uart.o(i.UART_DMATxHalfCplt) for UART_DMATxHalfCplt
    stm32f1xx_hal_uart.o(i.HAL_UART_Transmit_DMA) refers to stm32f1xx_hal_uart.o(i.UART_DMAError) for UART_DMAError
    stm32f1xx_hal_uart.o(i.UART_DMAAbortOnError) refers to stm32f1xx_hal_uart.o(i.HAL_UART_ErrorCallback) for HAL_UART_ErrorCallback
    stm32f1xx_hal_uart.o(i.UART_DMAError) refers to stm32f1xx_hal_uart.o(i.UART_EndTxTransfer) for UART_EndTxTransfer
    stm32f1xx_hal_uart.o(i.UART_DMAError) refers to stm32f1xx_hal_uart.o(i.UART_EndRxTransfer) for UART_EndRxTransfer
    stm32f1xx_hal_uart.o(i.UART_DMAError) refers to stm32f1xx_hal_uart.o(i.HAL_UART_ErrorCallback) for HAL_UART_ErrorCallback
    stm32f1xx_hal_uart.o(i.UART_DMAReceiveCplt) refers to stm32f1xx_hal_uart.o(i.HAL_UART_RxCpltCallback) for HAL_UART_RxCpltCallback
    stm32f1xx_hal_uart.o(i.UART_DMAReceiveCplt) refers to stm32f1xx_hal_uart.o(i.HAL_UARTEx_RxEventCallback) for HAL_UARTEx_RxEventCallback
    stm32f1xx_hal_uart.o(i.UART_DMARxAbortCallback) refers to stm32f1xx_hal_uart.o(i.HAL_UART_AbortCpltCallback) for HAL_UART_AbortCpltCallback
    stm32f1xx_hal_uart.o(i.UART_DMARxHalfCplt) refers to stm32f1xx_hal_uart.o(i.HAL_UART_RxHalfCpltCallback) for HAL_UART_RxHalfCpltCallback
    stm32f1xx_hal_uart.o(i.UART_DMARxHalfCplt) refers to stm32f1xx_hal_uart.o(i.HAL_UARTEx_RxEventCallback) for HAL_UARTEx_RxEventCallback
    stm32f1xx_hal_uart.o(i.UART_DMARxOnlyAbortCallback) refers to stm32f1xx_hal_uart.o(i.HAL_UART_AbortReceiveCpltCallback) for HAL_UART_AbortReceiveCpltCallback
    stm32f1xx_hal_uart.o(i.UART_DMATransmitCplt) refers to stm32f1xx_hal_uart.o(i.HAL_UART_TxCpltCallback) for HAL_UART_TxCpltCallback
    stm32f1xx_hal_uart.o(i.UART_DMATxAbortCallback) refers to stm32f1xx_hal_uart.o(i.HAL_UART_AbortCpltCallback) for HAL_UART_AbortCpltCallback
    stm32f1xx_hal_uart.o(i.UART_DMATxHalfCplt) refers to stm32f1xx_hal_uart.o(i.HAL_UART_TxHalfCpltCallback) for HAL_UART_TxHalfCpltCallback
    stm32f1xx_hal_uart.o(i.UART_DMATxOnlyAbortCallback) refers to stm32f1xx_hal_uart.o(i.HAL_UART_AbortTransmitCpltCallback) for HAL_UART_AbortTransmitCpltCallback
    stm32f1xx_hal_uart.o(i.UART_Receive_IT) refers to stm32f1xx_hal_uart.o(i.HAL_UART_RxCpltCallback) for HAL_UART_RxCpltCallback
    stm32f1xx_hal_uart.o(i.UART_Receive_IT) refers to stm32f1xx_hal_uart.o(i.HAL_UARTEx_RxEventCallback) for HAL_UARTEx_RxEventCallback
    stm32f1xx_hal_uart.o(i.UART_SetConfig) refers to stm32f1xx_hal_rcc.o(i.HAL_RCC_GetPCLK2Freq) for HAL_RCC_GetPCLK2Freq
    stm32f1xx_hal_uart.o(i.UART_SetConfig) refers to stm32f1xx_hal_rcc.o(i.HAL_RCC_GetPCLK1Freq) for HAL_RCC_GetPCLK1Freq
    stm32f1xx_hal_uart.o(i.UART_Start_Receive_DMA) refers to stm32f1xx_hal_dma.o(i.HAL_DMA_Start_IT) for HAL_DMA_Start_IT
    stm32f1xx_hal_uart.o(i.UART_Start_Receive_DMA) refers to stm32f1xx_hal_uart.o(i.UART_DMAReceiveCplt) for UART_DMAReceiveCplt
    stm32f1xx_hal_uart.o(i.UART_Start_Receive_DMA) refers to stm32f1xx_hal_uart.o(i.UART_DMARxHalfCplt) for UART_DMARxHalfCplt
    stm32f1xx_hal_uart.o(i.UART_Start_Receive_DMA) refers to stm32f1xx_hal_uart.o(i.UART_DMAError) for UART_DMAError
    stm32f1xx_hal_uart.o(i.UART_WaitOnFlagUntilTimeout) refers to stm32f1xx_hal.o(i.HAL_GetTick) for HAL_GetTick
    system_stm32f1xx.o(i.SystemCoreClockUpdate) refers to system_stm32f1xx.o(.data) for .data
    system_stm32f1xx.o(i.SystemCoreClockUpdate) refers to system_stm32f1xx.o(.constdata) for .constdata
    usbd_core.o(i.USBD_DeInit) refers to usbd_conf.o(i.USBD_LL_Stop) for USBD_LL_Stop
    usbd_core.o(i.USBD_DeInit) refers to usbd_conf.o(i.USBD_LL_DeInit) for USBD_LL_DeInit
    usbd_core.o(i.USBD_Init) refers to usbd_conf.o(i.USBD_LL_Init) for USBD_LL_Init
    usbd_core.o(i.USBD_LL_DataInStage) refers to usbd_ioreq.o(i.USBD_CtlContinueSendData) for USBD_CtlContinueSendData
    usbd_core.o(i.USBD_LL_DataInStage) refers to usbd_conf.o(i.USBD_LL_PrepareReceive) for USBD_LL_PrepareReceive
    usbd_core.o(i.USBD_LL_DataInStage) refers to usbd_conf.o(i.USBD_LL_StallEP) for USBD_LL_StallEP
    usbd_core.o(i.USBD_LL_DataInStage) refers to usbd_ioreq.o(i.USBD_CtlReceiveStatus) for USBD_CtlReceiveStatus
    usbd_core.o(i.USBD_LL_DataOutStage) refers to usbd_ioreq.o(i.USBD_CtlContinueRx) for USBD_CtlContinueRx
    usbd_core.o(i.USBD_LL_DataOutStage) refers to usbd_ioreq.o(i.USBD_CtlSendStatus) for USBD_CtlSendStatus
    usbd_core.o(i.USBD_LL_DataOutStage) refers to usbd_conf.o(i.USBD_LL_StallEP) for USBD_LL_StallEP
    usbd_core.o(i.USBD_LL_Reset) refers to usbd_conf.o(i.USBD_LL_OpenEP) for USBD_LL_OpenEP
    usbd_core.o(i.USBD_LL_SetupStage) refers to usbd_ctlreq.o(i.USBD_ParseSetupRequest) for USBD_ParseSetupRequest
    usbd_core.o(i.USBD_LL_SetupStage) refers to usbd_conf.o(i.USBD_LL_StallEP) for USBD_LL_StallEP
    usbd_core.o(i.USBD_LL_SetupStage) refers to usbd_ctlreq.o(i.USBD_StdDevReq) for USBD_StdDevReq
    usbd_core.o(i.USBD_LL_SetupStage) refers to usbd_ctlreq.o(i.USBD_StdItfReq) for USBD_StdItfReq
    usbd_core.o(i.USBD_LL_SetupStage) refers to usbd_ctlreq.o(i.USBD_StdEPReq) for USBD_StdEPReq
    usbd_core.o(i.USBD_Start) refers to usbd_conf.o(i.USBD_LL_Start) for USBD_LL_Start
    usbd_core.o(i.USBD_Stop) refers to usbd_conf.o(i.USBD_LL_Stop) for USBD_LL_Stop
    usbd_ctlreq.o(i.USBD_CtlError) refers to usbd_conf.o(i.USBD_LL_StallEP) for USBD_LL_StallEP
    usbd_ctlreq.o(i.USBD_GetDescriptor) refers to usbd_ctlreq.o(i.USBD_CtlError) for USBD_CtlError
    usbd_ctlreq.o(i.USBD_GetDescriptor) refers to usbd_ioreq.o(i.USBD_CtlSendData) for USBD_CtlSendData
    usbd_ctlreq.o(i.USBD_GetDescriptor) refers to usbd_ioreq.o(i.USBD_CtlSendStatus) for USBD_CtlSendStatus
    usbd_ctlreq.o(i.USBD_SetConfig) refers to usbd_ctlreq.o(i.USBD_CtlError) for USBD_CtlError
    usbd_ctlreq.o(i.USBD_SetConfig) refers to usbd_core.o(i.USBD_ClrClassConfig) for USBD_ClrClassConfig
    usbd_ctlreq.o(i.USBD_SetConfig) refers to usbd_core.o(i.USBD_SetClassConfig) for USBD_SetClassConfig
    usbd_ctlreq.o(i.USBD_SetConfig) refers to usbd_ioreq.o(i.USBD_CtlSendStatus) for USBD_CtlSendStatus
    usbd_ctlreq.o(i.USBD_SetConfig) refers to usbd_ctlreq.o(.data) for .data
    usbd_ctlreq.o(i.USBD_StdDevReq) refers to usbd_ctlreq.o(i.USBD_GetDescriptor) for USBD_GetDescriptor
    usbd_ctlreq.o(i.USBD_StdDevReq) refers to usbd_conf.o(i.USBD_LL_SetUSBAddress) for USBD_LL_SetUSBAddress
    usbd_ctlreq.o(i.USBD_StdDevReq) refers to usbd_ioreq.o(i.USBD_CtlSendStatus) for USBD_CtlSendStatus
    usbd_ctlreq.o(i.USBD_StdDevReq) refers to usbd_ctlreq.o(i.USBD_SetConfig) for USBD_SetConfig
    usbd_ctlreq.o(i.USBD_StdDevReq) refers to usbd_ioreq.o(i.USBD_CtlSendData) for USBD_CtlSendData
    usbd_ctlreq.o(i.USBD_StdDevReq) refers to usbd_ctlreq.o(i.USBD_CtlError) for USBD_CtlError
    usbd_ctlreq.o(i.USBD_StdEPReq) refers to usbd_conf.o(i.USBD_LL_StallEP) for USBD_LL_StallEP
    usbd_ctlreq.o(i.USBD_StdEPReq) refers to usbd_ioreq.o(i.USBD_CtlSendStatus) for USBD_CtlSendStatus
    usbd_ctlreq.o(i.USBD_StdEPReq) refers to usbd_conf.o(i.USBD_LL_ClearStallEP) for USBD_LL_ClearStallEP
    usbd_ctlreq.o(i.USBD_StdEPReq) refers to usbd_conf.o(i.USBD_LL_IsStallEP) for USBD_LL_IsStallEP
    usbd_ctlreq.o(i.USBD_StdEPReq) refers to usbd_ioreq.o(i.USBD_CtlSendData) for USBD_CtlSendData
    usbd_ctlreq.o(i.USBD_StdEPReq) refers to usbd_ctlreq.o(i.USBD_CtlError) for USBD_CtlError
    usbd_ctlreq.o(i.USBD_StdItfReq) refers to usbd_ioreq.o(i.USBD_CtlSendStatus) for USBD_CtlSendStatus
    usbd_ctlreq.o(i.USBD_StdItfReq) refers to usbd_ctlreq.o(i.USBD_CtlError) for USBD_CtlError
    usbd_ioreq.o(i.USBD_CtlContinueRx) refers to usbd_conf.o(i.USBD_LL_PrepareReceive) for USBD_LL_PrepareReceive
    usbd_ioreq.o(i.USBD_CtlContinueSendData) refers to usbd_conf.o(i.USBD_LL_Transmit) for USBD_LL_Transmit
    usbd_ioreq.o(i.USBD_CtlPrepareRx) refers to usbd_conf.o(i.USBD_LL_PrepareReceive) for USBD_LL_PrepareReceive
    usbd_ioreq.o(i.USBD_CtlReceiveStatus) refers to usbd_conf.o(i.USBD_LL_PrepareReceive) for USBD_LL_PrepareReceive
    usbd_ioreq.o(i.USBD_CtlSendData) refers to usbd_conf.o(i.USBD_LL_Transmit) for USBD_LL_Transmit
    usbd_ioreq.o(i.USBD_CtlSendStatus) refers to usbd_conf.o(i.USBD_LL_Transmit) for USBD_LL_Transmit
    usbd_ioreq.o(i.USBD_GetRxCount) refers to usbd_conf.o(i.USBD_LL_GetRxDataSize) for USBD_LL_GetRxDataSize
    usbd_cdc.o(i.USBD_CDC_DataIn) refers to usbd_conf.o(i.USBD_LL_Transmit) for USBD_LL_Transmit
    usbd_cdc.o(i.USBD_CDC_DataOut) refers to usbd_conf.o(i.USBD_LL_GetRxDataSize) for USBD_LL_GetRxDataSize
    usbd_cdc.o(i.USBD_CDC_DeInit) refers to usbd_conf.o(i.USBD_LL_CloseEP) for USBD_LL_CloseEP
    usbd_cdc.o(i.USBD_CDC_DeInit) refers to usbd_conf.o(i.USBD_static_free) for USBD_static_free
    usbd_cdc.o(i.USBD_CDC_GetDeviceQualifierDescriptor) refers to usbd_cdc.o(.data) for .data
    usbd_cdc.o(i.USBD_CDC_GetFSCfgDesc) refers to usbd_cdc.o(.data) for .data
    usbd_cdc.o(i.USBD_CDC_GetHSCfgDesc) refers to usbd_cdc.o(.data) for .data
    usbd_cdc.o(i.USBD_CDC_GetOtherSpeedCfgDesc) refers to usbd_cdc.o(.data) for .data
    usbd_cdc.o(i.USBD_CDC_Init) refers to usbd_conf.o(i.USBD_LL_OpenEP) for USBD_LL_OpenEP
    usbd_cdc.o(i.USBD_CDC_Init) refers to usbd_conf.o(i.USBD_static_malloc) for USBD_static_malloc
    usbd_cdc.o(i.USBD_CDC_Init) refers to usbd_conf.o(i.USBD_LL_PrepareReceive) for USBD_LL_PrepareReceive
    usbd_cdc.o(i.USBD_CDC_ReceivePacket) refers to usbd_conf.o(i.USBD_LL_PrepareReceive) for USBD_LL_PrepareReceive
    usbd_cdc.o(i.USBD_CDC_Setup) refers to usbd_ioreq.o(i.USBD_CtlPrepareRx) for USBD_CtlPrepareRx
    usbd_cdc.o(i.USBD_CDC_Setup) refers to usbd_ioreq.o(i.USBD_CtlSendData) for USBD_CtlSendData
    usbd_cdc.o(i.USBD_CDC_Setup) refers to usbd_ctlreq.o(i.USBD_CtlError) for USBD_CtlError
    usbd_cdc.o(i.USBD_CDC_TransmitPacket) refers to usbd_conf.o(i.USBD_LL_Transmit) for USBD_LL_Transmit
    usbd_cdc.o(.data) refers to usbd_cdc.o(i.USBD_CDC_Init) for USBD_CDC_Init
    usbd_cdc.o(.data) refers to usbd_cdc.o(i.USBD_CDC_DeInit) for USBD_CDC_DeInit
    usbd_cdc.o(.data) refers to usbd_cdc.o(i.USBD_CDC_Setup) for USBD_CDC_Setup
    usbd_cdc.o(.data) refers to usbd_cdc.o(i.USBD_CDC_EP0_RxReady) for USBD_CDC_EP0_RxReady
    usbd_cdc.o(.data) refers to usbd_cdc.o(i.USBD_CDC_DataIn) for USBD_CDC_DataIn
    usbd_cdc.o(.data) refers to usbd_cdc.o(i.USBD_CDC_DataOut) for USBD_CDC_DataOut
    usbd_cdc.o(.data) refers to usbd_cdc.o(i.USBD_CDC_GetHSCfgDesc) for USBD_CDC_GetHSCfgDesc
    usbd_cdc.o(.data) refers to usbd_cdc.o(i.USBD_CDC_GetFSCfgDesc) for USBD_CDC_GetFSCfgDesc
    usbd_cdc.o(.data) refers to usbd_cdc.o(i.USBD_CDC_GetOtherSpeedCfgDesc) for USBD_CDC_GetOtherSpeedCfgDesc
    usbd_cdc.o(.data) refers to usbd_cdc.o(i.USBD_CDC_GetDeviceQualifierDescriptor) for USBD_CDC_GetDeviceQualifierDescriptor
    entry.o(.ARM.Collect$$$$00000000) refers (Special) to entry10a.o(.ARM.Collect$$$$0000000F) for __rt_final_cpp
    entry.o(.ARM.Collect$$$$00000000) refers (Special) to entry11a.o(.ARM.Collect$$$$00000011) for __rt_final_exit
    entry.o(.ARM.Collect$$$$00000000) refers (Special) to entry12b.o(.ARM.Collect$$$$0000000E) for __rt_lib_shutdown_fini
    entry.o(.ARM.Collect$$$$00000000) refers (Special) to entry7b.o(.ARM.Collect$$$$00000008) for _main_clock
    entry.o(.ARM.Collect$$$$00000000) refers (Special) to entry8b.o(.ARM.Collect$$$$0000000A) for _main_cpp_init
    entry.o(.ARM.Collect$$$$00000000) refers (Special) to entry9a.o(.ARM.Collect$$$$0000000B) for _main_init
    entry.o(.ARM.Collect$$$$00000000) refers (Special) to entry5.o(.ARM.Collect$$$$00000004) for _main_scatterload
    entry.o(.ARM.Collect$$$$00000000) refers (Special) to entry2.o(.ARM.Collect$$$$00000001) for _main_stk
    printfa.o(i.__0fprintf) refers (Special) to iusefp.o(.text) for __I$use$fp
    printfa.o(i.__0fprintf) refers to printfa.o(i._printf_core) for _printf_core
    printfa.o(i.__0fprintf) refers to fputc.o(i.fputc) for fputc
    printfa.o(i.__0printf) refers (Special) to iusefp.o(.text) for __I$use$fp
    printfa.o(i.__0printf) refers to printfa.o(i._printf_core) for _printf_core
    printfa.o(i.__0printf) refers to fputc.o(i.fputc) for fputc
    printfa.o(i.__0printf) refers to stdout.o(.data) for __stdout
    printfa.o(i.__0snprintf) refers (Special) to iusefp.o(.text) for __I$use$fp
    printfa.o(i.__0snprintf) refers to printfa.o(i._printf_core) for _printf_core
    printfa.o(i.__0snprintf) refers to printfa.o(i._snputc) for _snputc
    printfa.o(i.__0sprintf) refers (Special) to iusefp.o(.text) for __I$use$fp
    printfa.o(i.__0sprintf) refers to printfa.o(i._printf_core) for _printf_core
    printfa.o(i.__0sprintf) refers to printfa.o(i._sputc) for _sputc
    printfa.o(i.__0vfprintf) refers (Special) to iusefp.o(.text) for __I$use$fp
    printfa.o(i.__0vfprintf) refers to printfa.o(i._printf_core) for _printf_core
    printfa.o(i.__0vfprintf) refers to fputc.o(i.fputc) for fputc
    printfa.o(i.__0vprintf) refers (Special) to iusefp.o(.text) for __I$use$fp
    printfa.o(i.__0vprintf) refers to printfa.o(i._printf_core) for _printf_core
    printfa.o(i.__0vprintf) refers to fputc.o(i.fputc) for fputc
    printfa.o(i.__0vprintf) refers to stdout.o(.data) for __stdout
    printfa.o(i.__0vsnprintf) refers (Special) to iusefp.o(.text) for __I$use$fp
    printfa.o(i.__0vsnprintf) refers to printfa.o(i._printf_core) for _printf_core
    printfa.o(i.__0vsnprintf) refers to printfa.o(i._snputc) for _snputc
    printfa.o(i.__0vsprintf) refers (Special) to iusefp.o(.text) for __I$use$fp
    printfa.o(i.__0vsprintf) refers to printfa.o(i._printf_core) for _printf_core
    printfa.o(i.__0vsprintf) refers to printfa.o(i._sputc) for _sputc
    printfa.o(i._fp_digits) refers (Special) to iusefp.o(.text) for __I$use$fp
    printfa.o(i._fp_digits) refers to dmul.o(.text) for __aeabi_dmul
    printfa.o(i._fp_digits) refers to ddiv.o(.text) for __aeabi_ddiv
    printfa.o(i._fp_digits) refers to cdrcmple.o(.text) for __aeabi_cdrcmple
    printfa.o(i._fp_digits) refers to dadd.o(.text) for __aeabi_dadd
    printfa.o(i._fp_digits) refers to dfixul.o(.text) for __aeabi_d2ulz
    printfa.o(i._fp_digits) refers to uldiv.o(.text) for __aeabi_uldivmod
    printfa.o(i._printf_core) refers (Special) to iusefp.o(.text) for __I$use$fp
    printfa.o(i._printf_core) refers to printfa.o(i._printf_pre_padding) for _printf_pre_padding
    printfa.o(i._printf_core) refers to uldiv.o(.text) for __aeabi_uldivmod
    printfa.o(i._printf_core) refers to printfa.o(i._printf_post_padding) for _printf_post_padding
    printfa.o(i._printf_core) refers to printfa.o(i._fp_digits) for _fp_digits
    printfa.o(i._printf_core) refers to uidiv.o(.text) for __aeabi_uidivmod
    printfa.o(i._printf_post_padding) refers (Special) to iusefp.o(.text) for __I$use$fp
    printfa.o(i._printf_pre_padding) refers (Special) to iusefp.o(.text) for __I$use$fp
    printfa.o(i._snputc) refers (Special) to iusefp.o(.text) for __I$use$fp
    printfa.o(i._sputc) refers (Special) to iusefp.o(.text) for __I$use$fp
    fadd.o(.text) refers (Special) to iusefp.o(.text) for __I$use$fp
    fadd.o(.text) refers to fepilogue.o(.text) for _float_epilogue
    fscalb.o(.text) refers (Special) to iusefp.o(.text) for __I$use$fp
    ffltui.o(.text) refers (Special) to iusefp.o(.text) for __I$use$fp
    ffltui.o(.text) refers to fepilogue.o(.text) for _float_epilogue
    ffixui.o(.text) refers (Special) to iusefp.o(.text) for __I$use$fp
    entry2.o(.ARM.Collect$$$$00000001) refers to entry2.o(.ARM.Collect$$$$00002712) for __lit__00000000
    entry2.o(.ARM.Collect$$$$00002712) refers to startup_stm32f103xb.o(STACK) for __initial_sp
    entry2.o(__vectab_stack_and_reset_area) refers to startup_stm32f103xb.o(STACK) for __initial_sp
    entry2.o(__vectab_stack_and_reset_area) refers to entry.o(.ARM.Collect$$$$00000000) for __main
    entry5.o(.ARM.Collect$$$$00000004) refers to init.o(.text) for __scatterload
    entry9a.o(.ARM.Collect$$$$0000000B) refers to main.o(i.main) for main
    entry9b.o(.ARM.Collect$$$$0000000C) refers to main.o(i.main) for main
    fputc.o(i.fputc) refers (Special) to iusesemip.o(.text) for __I$use$semihosting$fputc
    fputc.o(i.fputc) refers (Special) to semi.o(.text) for __semihosting_library_function
    uldiv.o(.text) refers to llushr.o(.text) for __aeabi_llsr
    uldiv.o(.text) refers to llshl.o(.text) for __aeabi_llsl
    dadd.o(.text) refers to llshl.o(.text) for __aeabi_llsl
    dadd.o(.text) refers to llsshr.o(.text) for __aeabi_lasr
    dadd.o(.text) refers to depilogue.o(.text) for _double_epilogue
    dmul.o(.text) refers to depilogue.o(.text) for _double_epilogue
    ddiv.o(.text) refers to depilogue.o(.text) for _double_round
    dfixul.o(.text) refers to llushr.o(.text) for __aeabi_llsr
    dfixul.o(.text) refers to llshl.o(.text) for __aeabi_llsl
    init.o(.text) refers to entry5.o(.ARM.Collect$$$$00000004) for __main_after_scatterload
    depilogue.o(.text) refers to llshl.o(.text) for __aeabi_llsl
    depilogue.o(.text) refers to llushr.o(.text) for __aeabi_llsr


==============================================================================

Removing Unused input sections from the image.

    Removing startup_stm32f103xb.o(HEAP), (512 bytes).
    Removing main.o(.rev16_text), (4 bytes).
    Removing main.o(.revsh_text), (4 bytes).
    Removing main.o(.rrx_text), (6 bytes).
    Removing main.o(.data), (4 bytes).
    Removing main.o(.data), (4 bytes).
    Removing main.o(.data), (2 bytes).
    Removing main.o(.data), (4 bytes).
    Removing main.o(.data), (4 bytes).
    Removing main.o(.data), (4 bytes).
    Removing main.o(.data), (4 bytes).
    Removing main.o(.data), (4 bytes).
    Removing stm32f1xx_it.o(.rev16_text), (4 bytes).
    Removing stm32f1xx_it.o(.revsh_text), (4 bytes).
    Removing stm32f1xx_it.o(.rrx_text), (6 bytes).
    Removing stm32f1xx_hal_msp.o(.rev16_text), (4 bytes).
    Removing stm32f1xx_hal_msp.o(.revsh_text), (4 bytes).
    Removing stm32f1xx_hal_msp.o(.rrx_text), (6 bytes).
    Removing stm32f1xx_hal_msp.o(i.HAL_ADC_MspDeInit), (60 bytes).
    Removing stm32f1xx_hal_msp.o(i.HAL_SPI_MspDeInit), (52 bytes).
    Removing stm32f1xx_hal_msp.o(i.HAL_TIM_Base_MspDeInit), (104 bytes).
    Removing stm32f1xx_hal_msp.o(i.HAL_TIM_PWM_MspDeInit), (28 bytes).
    Removing stm32f1xx_hal_msp.o(i.HAL_UART_MspDeInit), (44 bytes).
    Removing usb_device.o(.rev16_text), (4 bytes).
    Removing usb_device.o(.revsh_text), (4 bytes).
    Removing usb_device.o(.rrx_text), (6 bytes).
    Removing usbd_desc.o(.rev16_text), (4 bytes).
    Removing usbd_desc.o(.revsh_text), (4 bytes).
    Removing usbd_desc.o(.rrx_text), (6 bytes).
    Removing usbd_cdc_if.o(.rev16_text), (4 bytes).
    Removing usbd_cdc_if.o(.revsh_text), (4 bytes).
    Removing usbd_cdc_if.o(.rrx_text), (6 bytes).
    Removing usbd_conf.o(.rev16_text), (4 bytes).
    Removing usbd_conf.o(.revsh_text), (4 bytes).
    Removing usbd_conf.o(.rrx_text), (6 bytes).
    Removing usbd_conf.o(i.HAL_PCD_ConnectCallback), (8 bytes).
    Removing usbd_conf.o(i.HAL_PCD_DisconnectCallback), (8 bytes).
    Removing usbd_conf.o(i.HAL_PCD_ISOINIncompleteCallback), (8 bytes).
    Removing usbd_conf.o(i.HAL_PCD_ISOOUTIncompleteCallback), (8 bytes).
    Removing usbd_conf.o(i.HAL_PCD_MspDeInit), (48 bytes).
    Removing usbd_conf.o(i.USBD_LL_DeInit), (18 bytes).
    Removing usbd_conf.o(i.USBD_LL_Delay), (4 bytes).
    Removing usbd_conf.o(i.USBD_LL_FlushEP), (18 bytes).
    Removing usbd_conf.o(i.USBD_LL_Stop), (18 bytes).
    Removing stm32f1xx_hal_gpio_ex.o(.rev16_text), (4 bytes).
    Removing stm32f1xx_hal_gpio_ex.o(.revsh_text), (4 bytes).
    Removing stm32f1xx_hal_gpio_ex.o(.rrx_text), (6 bytes).
    Removing stm32f1xx_hal_gpio_ex.o(i.HAL_GPIOEx_ConfigEventout), (20 bytes).
    Removing stm32f1xx_hal_gpio_ex.o(i.HAL_GPIOEx_DisableEventout), (16 bytes).
    Removing stm32f1xx_hal_gpio_ex.o(i.HAL_GPIOEx_EnableEventout), (16 bytes).
    Removing stm32f1xx_hal_pcd.o(.rev16_text), (4 bytes).
    Removing stm32f1xx_hal_pcd.o(.revsh_text), (4 bytes).
    Removing stm32f1xx_hal_pcd.o(.rrx_text), (6 bytes).
    Removing stm32f1xx_hal_pcd.o(i.HAL_PCD_ActivateRemoteWakeup), (6 bytes).
    Removing stm32f1xx_hal_pcd.o(i.HAL_PCD_ConnectCallback), (2 bytes).
    Removing stm32f1xx_hal_pcd.o(i.HAL_PCD_DataInStageCallback), (2 bytes).
    Removing stm32f1xx_hal_pcd.o(i.HAL_PCD_DataOutStageCallback), (2 bytes).
    Removing stm32f1xx_hal_pcd.o(i.HAL_PCD_DeActivateRemoteWakeup), (6 bytes).
    Removing stm32f1xx_hal_pcd.o(i.HAL_PCD_DeInit), (38 bytes).
    Removing stm32f1xx_hal_pcd.o(i.HAL_PCD_DevConnect), (44 bytes).
    Removing stm32f1xx_hal_pcd.o(i.HAL_PCD_DevDisconnect), (44 bytes).
    Removing stm32f1xx_hal_pcd.o(i.HAL_PCD_DisconnectCallback), (2 bytes).
    Removing stm32f1xx_hal_pcd.o(i.HAL_PCD_EP_Abort), (30 bytes).
    Removing stm32f1xx_hal_pcd.o(i.HAL_PCD_EP_Flush), (52 bytes).
    Removing stm32f1xx_hal_pcd.o(i.HAL_PCD_GetState), (6 bytes).
    Removing stm32f1xx_hal_pcd.o(i.HAL_PCD_ISOINIncompleteCallback), (2 bytes).
    Removing stm32f1xx_hal_pcd.o(i.HAL_PCD_ISOOUTIncompleteCallback), (2 bytes).
    Removing stm32f1xx_hal_pcd.o(i.HAL_PCD_MspDeInit), (2 bytes).
    Removing stm32f1xx_hal_pcd.o(i.HAL_PCD_MspInit), (2 bytes).
    Removing stm32f1xx_hal_pcd.o(i.HAL_PCD_ResetCallback), (2 bytes).
    Removing stm32f1xx_hal_pcd.o(i.HAL_PCD_ResumeCallback), (2 bytes).
    Removing stm32f1xx_hal_pcd.o(i.HAL_PCD_SOFCallback), (2 bytes).
    Removing stm32f1xx_hal_pcd.o(i.HAL_PCD_SetupStageCallback), (2 bytes).
    Removing stm32f1xx_hal_pcd.o(i.HAL_PCD_Stop), (50 bytes).
    Removing stm32f1xx_hal_pcd.o(i.HAL_PCD_SuspendCallback), (2 bytes).
    Removing stm32f1xx_hal_pcd.o(i.HAL_PCD_WKUP_IRQHandler), (16 bytes).
    Removing stm32f1xx_hal_pcd_ex.o(.rev16_text), (4 bytes).
    Removing stm32f1xx_hal_pcd_ex.o(.revsh_text), (4 bytes).
    Removing stm32f1xx_hal_pcd_ex.o(.rrx_text), (6 bytes).
    Removing stm32f1xx_hal_pcd_ex.o(i.HAL_PCDEx_BCD_Callback), (2 bytes).
    Removing stm32f1xx_hal_pcd_ex.o(i.HAL_PCDEx_LPM_Callback), (2 bytes).
    Removing stm32f1xx_hal_pcd_ex.o(i.HAL_PCDEx_SetConnectionState), (2 bytes).
    Removing stm32f1xx_ll_usb.o(.rev16_text), (4 bytes).
    Removing stm32f1xx_ll_usb.o(.revsh_text), (4 bytes).
    Removing stm32f1xx_ll_usb.o(.rrx_text), (6 bytes).
    Removing stm32f1xx_ll_usb.o(i.USB_ActivateRemoteWakeup), (14 bytes).
    Removing stm32f1xx_ll_usb.o(i.USB_ClearInterrupts), (2 bytes).
    Removing stm32f1xx_ll_usb.o(i.USB_DeActivateRemoteWakeup), (14 bytes).
    Removing stm32f1xx_ll_usb.o(i.USB_EPStopXfer), (86 bytes).
    Removing stm32f1xx_ll_usb.o(i.USB_FlushRxFifo), (4 bytes).
    Removing stm32f1xx_ll_usb.o(i.USB_FlushTxFifo), (4 bytes).
    Removing stm32f1xx_ll_usb.o(i.USB_ReadDevAllInEpInterrupt), (4 bytes).
    Removing stm32f1xx_ll_usb.o(i.USB_ReadDevAllOutEpInterrupt), (4 bytes).
    Removing stm32f1xx_ll_usb.o(i.USB_ReadDevInEPInterrupt), (4 bytes).
    Removing stm32f1xx_ll_usb.o(i.USB_ReadDevOutEPInterrupt), (4 bytes).
    Removing stm32f1xx_ll_usb.o(i.USB_StopDevice), (18 bytes).
    Removing stm32f1xx_hal.o(.rev16_text), (4 bytes).
    Removing stm32f1xx_hal.o(.revsh_text), (4 bytes).
    Removing stm32f1xx_hal.o(.rrx_text), (6 bytes).
    Removing stm32f1xx_hal.o(i.HAL_DBGMCU_DisableDBGSleepMode), (16 bytes).
    Removing stm32f1xx_hal.o(i.HAL_DBGMCU_DisableDBGStandbyMode), (16 bytes).
    Removing stm32f1xx_hal.o(i.HAL_DBGMCU_DisableDBGStopMode), (16 bytes).
    Removing stm32f1xx_hal.o(i.HAL_DBGMCU_EnableDBGSleepMode), (16 bytes).
    Removing stm32f1xx_hal.o(i.HAL_DBGMCU_EnableDBGStandbyMode), (16 bytes).
    Removing stm32f1xx_hal.o(i.HAL_DBGMCU_EnableDBGStopMode), (16 bytes).
    Removing stm32f1xx_hal.o(i.HAL_DeInit), (32 bytes).
    Removing stm32f1xx_hal.o(i.HAL_GetDEVID), (16 bytes).
    Removing stm32f1xx_hal.o(i.HAL_GetHalVersion), (8 bytes).
    Removing stm32f1xx_hal.o(i.HAL_GetREVID), (12 bytes).
    Removing stm32f1xx_hal.o(i.HAL_GetTickFreq), (12 bytes).
    Removing stm32f1xx_hal.o(i.HAL_GetTickPrio), (12 bytes).
    Removing stm32f1xx_hal.o(i.HAL_GetUIDw0), (12 bytes).
    Removing stm32f1xx_hal.o(i.HAL_GetUIDw1), (12 bytes).
    Removing stm32f1xx_hal.o(i.HAL_GetUIDw2), (12 bytes).
    Removing stm32f1xx_hal.o(i.HAL_MspDeInit), (2 bytes).
    Removing stm32f1xx_hal.o(i.HAL_MspInit), (2 bytes).
    Removing stm32f1xx_hal.o(i.HAL_ResumeTick), (14 bytes).
    Removing stm32f1xx_hal.o(i.HAL_SetTickFreq), (36 bytes).
    Removing stm32f1xx_hal.o(i.HAL_SuspendTick), (14 bytes).
    Removing stm32f1xx_hal_rcc.o(.rev16_text), (4 bytes).
    Removing stm32f1xx_hal_rcc.o(.revsh_text), (4 bytes).
    Removing stm32f1xx_hal_rcc.o(.rrx_text), (6 bytes).
    Removing stm32f1xx_hal_rcc.o(i.HAL_RCC_CSSCallback), (2 bytes).
    Removing stm32f1xx_hal_rcc.o(i.HAL_RCC_DeInit), (220 bytes).
    Removing stm32f1xx_hal_rcc.o(i.HAL_RCC_DisableCSS), (12 bytes).
    Removing stm32f1xx_hal_rcc.o(i.HAL_RCC_EnableCSS), (12 bytes).
    Removing stm32f1xx_hal_rcc.o(i.HAL_RCC_GetClockConfig), (64 bytes).
    Removing stm32f1xx_hal_rcc.o(i.HAL_RCC_GetHCLKFreq), (12 bytes).
    Removing stm32f1xx_hal_rcc.o(i.HAL_RCC_GetOscConfig), (144 bytes).
    Removing stm32f1xx_hal_rcc.o(i.HAL_RCC_MCOConfig), (72 bytes).
    Removing stm32f1xx_hal_rcc.o(i.HAL_RCC_NMI_IRQHandler), (24 bytes).
    Removing stm32f1xx_hal_rcc_ex.o(.rev16_text), (4 bytes).
    Removing stm32f1xx_hal_rcc_ex.o(.revsh_text), (4 bytes).
    Removing stm32f1xx_hal_rcc_ex.o(.rrx_text), (6 bytes).
    Removing stm32f1xx_hal_rcc_ex.o(i.HAL_RCCEx_GetPeriphCLKConfig), (44 bytes).
    Removing stm32f1xx_hal_gpio.o(.rev16_text), (4 bytes).
    Removing stm32f1xx_hal_gpio.o(.revsh_text), (4 bytes).
    Removing stm32f1xx_hal_gpio.o(.rrx_text), (6 bytes).
    Removing stm32f1xx_hal_gpio.o(i.HAL_GPIO_DeInit), (280 bytes).
    Removing stm32f1xx_hal_gpio.o(i.HAL_GPIO_EXTI_Callback), (2 bytes).
    Removing stm32f1xx_hal_gpio.o(i.HAL_GPIO_LockPin), (34 bytes).
    Removing stm32f1xx_hal_gpio.o(i.HAL_GPIO_TogglePin), (16 bytes).
    Removing stm32f1xx_hal_dma.o(.rev16_text), (4 bytes).
    Removing stm32f1xx_hal_dma.o(.revsh_text), (4 bytes).
    Removing stm32f1xx_hal_dma.o(.rrx_text), (6 bytes).
    Removing stm32f1xx_hal_dma.o(i.DMA_SetConfig), (42 bytes).
    Removing stm32f1xx_hal_dma.o(i.HAL_DMA_Abort), (70 bytes).
    Removing stm32f1xx_hal_dma.o(i.HAL_DMA_DeInit), (92 bytes).
    Removing stm32f1xx_hal_dma.o(i.HAL_DMA_GetError), (4 bytes).
    Removing stm32f1xx_hal_dma.o(i.HAL_DMA_GetState), (6 bytes).
    Removing stm32f1xx_hal_dma.o(i.HAL_DMA_IRQHandler), (340 bytes).
    Removing stm32f1xx_hal_dma.o(i.HAL_DMA_Init), (92 bytes).
    Removing stm32f1xx_hal_dma.o(i.HAL_DMA_PollForTransfer), (532 bytes).
    Removing stm32f1xx_hal_dma.o(i.HAL_DMA_RegisterCallback), (74 bytes).
    Removing stm32f1xx_hal_dma.o(i.HAL_DMA_Start), (80 bytes).
    Removing stm32f1xx_hal_dma.o(i.HAL_DMA_Start_IT), (112 bytes).
    Removing stm32f1xx_hal_dma.o(i.HAL_DMA_UnRegisterCallback), (82 bytes).
    Removing stm32f1xx_hal_cortex.o(.rev16_text), (4 bytes).
    Removing stm32f1xx_hal_cortex.o(.revsh_text), (4 bytes).
    Removing stm32f1xx_hal_cortex.o(.rrx_text), (6 bytes).
    Removing stm32f1xx_hal_cortex.o(i.HAL_NVIC_ClearPendingIRQ), (26 bytes).
    Removing stm32f1xx_hal_cortex.o(i.HAL_NVIC_DisableIRQ), (34 bytes).
    Removing stm32f1xx_hal_cortex.o(i.HAL_NVIC_GetActive), (36 bytes).
    Removing stm32f1xx_hal_cortex.o(i.HAL_NVIC_GetPendingIRQ), (36 bytes).
    Removing stm32f1xx_hal_cortex.o(i.HAL_NVIC_GetPriority), (82 bytes).
    Removing stm32f1xx_hal_cortex.o(i.HAL_NVIC_GetPriorityGrouping), (16 bytes).
    Removing stm32f1xx_hal_cortex.o(i.HAL_NVIC_SetPendingIRQ), (26 bytes).
    Removing stm32f1xx_hal_cortex.o(i.HAL_NVIC_SystemReset), (36 bytes).
    Removing stm32f1xx_hal_cortex.o(i.HAL_SYSTICK_CLKSourceConfig), (24 bytes).
    Removing stm32f1xx_hal_cortex.o(i.HAL_SYSTICK_Callback), (2 bytes).
    Removing stm32f1xx_hal_cortex.o(i.HAL_SYSTICK_IRQHandler), (8 bytes).
    Removing stm32f1xx_hal_pwr.o(.rev16_text), (4 bytes).
    Removing stm32f1xx_hal_pwr.o(.revsh_text), (4 bytes).
    Removing stm32f1xx_hal_pwr.o(.rrx_text), (6 bytes).
    Removing stm32f1xx_hal_pwr.o(i.HAL_PWR_ConfigPVD), (124 bytes).
    Removing stm32f1xx_hal_pwr.o(i.HAL_PWR_DeInit), (24 bytes).
    Removing stm32f1xx_hal_pwr.o(i.HAL_PWR_DisableBkUpAccess), (12 bytes).
    Removing stm32f1xx_hal_pwr.o(i.HAL_PWR_DisablePVD), (12 bytes).
    Removing stm32f1xx_hal_pwr.o(i.HAL_PWR_DisableSEVOnPend), (16 bytes).
    Removing stm32f1xx_hal_pwr.o(i.HAL_PWR_DisableSleepOnExit), (16 bytes).
    Removing stm32f1xx_hal_pwr.o(i.HAL_PWR_DisableWakeUpPin), (28 bytes).
    Removing stm32f1xx_hal_pwr.o(i.HAL_PWR_EnableBkUpAccess), (12 bytes).
    Removing stm32f1xx_hal_pwr.o(i.HAL_PWR_EnablePVD), (12 bytes).
    Removing stm32f1xx_hal_pwr.o(i.HAL_PWR_EnableSEVOnPend), (16 bytes).
    Removing stm32f1xx_hal_pwr.o(i.HAL_PWR_EnableSleepOnExit), (16 bytes).
    Removing stm32f1xx_hal_pwr.o(i.HAL_PWR_EnableWakeUpPin), (28 bytes).
    Removing stm32f1xx_hal_pwr.o(i.HAL_PWR_EnterSLEEPMode), (32 bytes).
    Removing stm32f1xx_hal_pwr.o(i.HAL_PWR_EnterSTANDBYMode), (32 bytes).
    Removing stm32f1xx_hal_pwr.o(i.HAL_PWR_EnterSTOPMode), (68 bytes).
    Removing stm32f1xx_hal_pwr.o(i.HAL_PWR_PVDCallback), (2 bytes).
    Removing stm32f1xx_hal_pwr.o(i.HAL_PWR_PVD_IRQHandler), (28 bytes).
    Removing stm32f1xx_hal_pwr.o(i.PWR_OverloadWfe), (6 bytes).
    Removing stm32f1xx_hal_flash.o(.rev16_text), (4 bytes).
    Removing stm32f1xx_hal_flash.o(.revsh_text), (4 bytes).
    Removing stm32f1xx_hal_flash.o(.rrx_text), (6 bytes).
    Removing stm32f1xx_hal_flash.o(i.FLASH_Program_HalfWord), (28 bytes).
    Removing stm32f1xx_hal_flash.o(i.FLASH_SetErrorCode), (92 bytes).
    Removing stm32f1xx_hal_flash.o(i.FLASH_WaitForLastOperation), (84 bytes).
    Removing stm32f1xx_hal_flash.o(i.HAL_FLASH_EndOfOperationCallback), (2 bytes).
    Removing stm32f1xx_hal_flash.o(i.HAL_FLASH_GetError), (12 bytes).
    Removing stm32f1xx_hal_flash.o(i.HAL_FLASH_IRQHandler), (264 bytes).
    Removing stm32f1xx_hal_flash.o(i.HAL_FLASH_Lock), (20 bytes).
    Removing stm32f1xx_hal_flash.o(i.HAL_FLASH_OB_Launch), (4 bytes).
    Removing stm32f1xx_hal_flash.o(i.HAL_FLASH_OB_Lock), (20 bytes).
    Removing stm32f1xx_hal_flash.o(i.HAL_FLASH_OB_Unlock), (36 bytes).
    Removing stm32f1xx_hal_flash.o(i.HAL_FLASH_OperationErrorCallback), (2 bytes).
    Removing stm32f1xx_hal_flash.o(i.HAL_FLASH_Program), (128 bytes).
    Removing stm32f1xx_hal_flash.o(i.HAL_FLASH_Program_IT), (100 bytes).
    Removing stm32f1xx_hal_flash.o(i.HAL_FLASH_Unlock), (40 bytes).
    Removing stm32f1xx_hal_flash.o(.bss), (32 bytes).
    Removing stm32f1xx_hal_flash_ex.o(.rev16_text), (4 bytes).
    Removing stm32f1xx_hal_flash_ex.o(.revsh_text), (4 bytes).
    Removing stm32f1xx_hal_flash_ex.o(.rrx_text), (6 bytes).
    Removing stm32f1xx_hal_flash_ex.o(i.FLASH_MassErase), (36 bytes).
    Removing stm32f1xx_hal_flash_ex.o(i.FLASH_OB_DisableWRP), (176 bytes).
    Removing stm32f1xx_hal_flash_ex.o(i.FLASH_OB_EnableWRP), (176 bytes).
    Removing stm32f1xx_hal_flash_ex.o(i.FLASH_OB_GetRDP), (24 bytes).
    Removing stm32f1xx_hal_flash_ex.o(i.FLASH_OB_RDP_LevelConfig), (100 bytes).
    Removing stm32f1xx_hal_flash_ex.o(i.FLASH_PageErase), (36 bytes).
    Removing stm32f1xx_hal_flash_ex.o(i.HAL_FLASHEx_Erase), (168 bytes).
    Removing stm32f1xx_hal_flash_ex.o(i.HAL_FLASHEx_Erase_IT), (84 bytes).
    Removing stm32f1xx_hal_flash_ex.o(i.HAL_FLASHEx_OBErase), (84 bytes).
    Removing stm32f1xx_hal_flash_ex.o(i.HAL_FLASHEx_OBGetConfig), (36 bytes).
    Removing stm32f1xx_hal_flash_ex.o(i.HAL_FLASHEx_OBGetUserData), (32 bytes).
    Removing stm32f1xx_hal_flash_ex.o(i.HAL_FLASHEx_OBProgram), (200 bytes).
    Removing stm32f1xx_hal_exti.o(.rev16_text), (4 bytes).
    Removing stm32f1xx_hal_exti.o(.revsh_text), (4 bytes).
    Removing stm32f1xx_hal_exti.o(.rrx_text), (6 bytes).
    Removing stm32f1xx_hal_exti.o(i.HAL_EXTI_ClearConfigLine), (104 bytes).
    Removing stm32f1xx_hal_exti.o(i.HAL_EXTI_ClearPending), (20 bytes).
    Removing stm32f1xx_hal_exti.o(i.HAL_EXTI_GenerateSWI), (20 bytes).
    Removing stm32f1xx_hal_exti.o(i.HAL_EXTI_GetConfigLine), (140 bytes).
    Removing stm32f1xx_hal_exti.o(i.HAL_EXTI_GetHandle), (12 bytes).
    Removing stm32f1xx_hal_exti.o(i.HAL_EXTI_GetPending), (24 bytes).
    Removing stm32f1xx_hal_exti.o(i.HAL_EXTI_IRQHandler), (36 bytes).
    Removing stm32f1xx_hal_exti.o(i.HAL_EXTI_RegisterCallback), (14 bytes).
    Removing stm32f1xx_hal_exti.o(i.HAL_EXTI_SetConfigLine), (164 bytes).
    Removing stm32f1xx_hal_adc.o(.rev16_text), (4 bytes).
    Removing stm32f1xx_hal_adc.o(.revsh_text), (4 bytes).
    Removing stm32f1xx_hal_adc.o(.rrx_text), (6 bytes).
    Removing stm32f1xx_hal_adc.o(i.ADC_DMAConvCplt), (78 bytes).
    Removing stm32f1xx_hal_adc.o(i.ADC_DMAError), (26 bytes).
    Removing stm32f1xx_hal_adc.o(i.ADC_DMAHalfConvCplt), (10 bytes).
    Removing stm32f1xx_hal_adc.o(i.HAL_ADC_AnalogWDGConfig), (88 bytes).
    Removing stm32f1xx_hal_adc.o(i.HAL_ADC_ConvCpltCallback), (2 bytes).
    Removing stm32f1xx_hal_adc.o(i.HAL_ADC_ConvHalfCpltCallback), (2 bytes).
    Removing stm32f1xx_hal_adc.o(i.HAL_ADC_DeInit), (228 bytes).
    Removing stm32f1xx_hal_adc.o(i.HAL_ADC_ErrorCallback), (2 bytes).
    Removing stm32f1xx_hal_adc.o(i.HAL_ADC_GetError), (4 bytes).
    Removing stm32f1xx_hal_adc.o(i.HAL_ADC_IRQHandler), (220 bytes).
    Removing stm32f1xx_hal_adc.o(i.HAL_ADC_LevelOutOfWindowCallback), (2 bytes).
    Removing stm32f1xx_hal_adc.o(i.HAL_ADC_MspDeInit), (2 bytes).
    Removing stm32f1xx_hal_adc.o(i.HAL_ADC_MspInit), (2 bytes).
    Removing stm32f1xx_hal_adc.o(i.HAL_ADC_PollForEvent), (94 bytes).
    Removing stm32f1xx_hal_adc.o(i.HAL_ADC_Start_DMA), (268 bytes).
    Removing stm32f1xx_hal_adc.o(i.HAL_ADC_Start_IT), (204 bytes).
    Removing stm32f1xx_hal_adc.o(i.HAL_ADC_Stop), (52 bytes).
    Removing stm32f1xx_hal_adc.o(i.HAL_ADC_Stop_DMA), (86 bytes).
    Removing stm32f1xx_hal_adc.o(i.HAL_ADC_Stop_IT), (62 bytes).
    Removing stm32f1xx_hal_adc_ex.o(.rev16_text), (4 bytes).
    Removing stm32f1xx_hal_adc_ex.o(.revsh_text), (4 bytes).
    Removing stm32f1xx_hal_adc_ex.o(.rrx_text), (6 bytes).
    Removing stm32f1xx_hal_adc_ex.o(i.HAL_ADCEx_InjectedConfigChannel), (476 bytes).
    Removing stm32f1xx_hal_adc_ex.o(i.HAL_ADCEx_InjectedConvCpltCallback), (2 bytes).
    Removing stm32f1xx_hal_adc_ex.o(i.HAL_ADCEx_InjectedGetValue), (30 bytes).
    Removing stm32f1xx_hal_adc_ex.o(i.HAL_ADCEx_InjectedPollForConversion), (304 bytes).
    Removing stm32f1xx_hal_adc_ex.o(i.HAL_ADCEx_InjectedStart), (168 bytes).
    Removing stm32f1xx_hal_adc_ex.o(i.HAL_ADCEx_InjectedStart_IT), (180 bytes).
    Removing stm32f1xx_hal_adc_ex.o(i.HAL_ADCEx_InjectedStop), (78 bytes).
    Removing stm32f1xx_hal_adc_ex.o(i.HAL_ADCEx_InjectedStop_IT), (88 bytes).
    Removing stm32f1xx_hal_adc_ex.o(i.HAL_ADCEx_MultiModeConfigChannel), (112 bytes).
    Removing stm32f1xx_hal_adc_ex.o(i.HAL_ADCEx_MultiModeGetValue), (32 bytes).
    Removing stm32f1xx_hal_adc_ex.o(i.HAL_ADCEx_MultiModeStart_DMA), (240 bytes).
    Removing stm32f1xx_hal_adc_ex.o(i.HAL_ADCEx_MultiModeStop_DMA), (124 bytes).
    Removing stm32f1xx_hal_spi.o(.rev16_text), (4 bytes).
    Removing stm32f1xx_hal_spi.o(.revsh_text), (4 bytes).
    Removing stm32f1xx_hal_spi.o(.rrx_text), (6 bytes).
    Removing stm32f1xx_hal_spi.o(i.HAL_SPI_Abort), (288 bytes).
    Removing stm32f1xx_hal_spi.o(i.HAL_SPI_AbortCpltCallback), (2 bytes).
    Removing stm32f1xx_hal_spi.o(i.HAL_SPI_Abort_IT), (288 bytes).
    Removing stm32f1xx_hal_spi.o(i.HAL_SPI_DMAPause), (38 bytes).
    Removing stm32f1xx_hal_spi.o(i.HAL_SPI_DMAResume), (38 bytes).
    Removing stm32f1xx_hal_spi.o(i.HAL_SPI_DMAStop), (66 bytes).
    Removing stm32f1xx_hal_spi.o(i.HAL_SPI_DeInit), (46 bytes).
    Removing stm32f1xx_hal_spi.o(i.HAL_SPI_GetError), (4 bytes).
    Removing stm32f1xx_hal_spi.o(i.HAL_SPI_GetState), (6 bytes).
    Removing stm32f1xx_hal_spi.o(i.HAL_SPI_MspDeInit), (2 bytes).
    Removing stm32f1xx_hal_spi.o(i.HAL_SPI_MspInit), (2 bytes).
    Removing stm32f1xx_hal_spi.o(i.HAL_SPI_Receive), (342 bytes).
    Removing stm32f1xx_hal_spi.o(i.HAL_SPI_Receive_DMA), (236 bytes).
    Removing stm32f1xx_hal_spi.o(i.HAL_SPI_Receive_IT), (176 bytes).
    Removing stm32f1xx_hal_spi.o(i.HAL_SPI_RxCpltCallback), (2 bytes).
    Removing stm32f1xx_hal_spi.o(i.HAL_SPI_RxHalfCpltCallback), (2 bytes).
    Removing stm32f1xx_hal_spi.o(i.HAL_SPI_Transmit), (366 bytes).
    Removing stm32f1xx_hal_spi.o(i.HAL_SPI_TransmitReceive), (494 bytes).
    Removing stm32f1xx_hal_spi.o(i.HAL_SPI_TransmitReceive_DMA), (276 bytes).
    Removing stm32f1xx_hal_spi.o(i.HAL_SPI_TransmitReceive_IT), (164 bytes).
    Removing stm32f1xx_hal_spi.o(i.HAL_SPI_Transmit_DMA), (204 bytes).
    Removing stm32f1xx_hal_spi.o(i.HAL_SPI_Transmit_IT), (148 bytes).
    Removing stm32f1xx_hal_spi.o(i.HAL_SPI_TxCpltCallback), (2 bytes).
    Removing stm32f1xx_hal_spi.o(i.HAL_SPI_TxHalfCpltCallback), (2 bytes).
    Removing stm32f1xx_hal_spi.o(i.HAL_SPI_TxRxCpltCallback), (2 bytes).
    Removing stm32f1xx_hal_spi.o(i.HAL_SPI_TxRxHalfCpltCallback), (2 bytes).
    Removing stm32f1xx_hal_spi.o(i.SPI_2linesRxISR_16BIT), (48 bytes).
    Removing stm32f1xx_hal_spi.o(i.SPI_2linesRxISR_8BIT), (48 bytes).
    Removing stm32f1xx_hal_spi.o(i.SPI_2linesTxISR_16BIT), (48 bytes).
    Removing stm32f1xx_hal_spi.o(i.SPI_2linesTxISR_8BIT), (48 bytes).
    Removing stm32f1xx_hal_spi.o(i.SPI_AbortRx_ISR), (88 bytes).
    Removing stm32f1xx_hal_spi.o(i.SPI_AbortTx_ISR), (28 bytes).
    Removing stm32f1xx_hal_spi.o(i.SPI_CloseRxTx_ISR), (144 bytes).
    Removing stm32f1xx_hal_spi.o(i.SPI_CloseRx_ISR), (76 bytes).
    Removing stm32f1xx_hal_spi.o(i.SPI_CloseTx_ISR), (124 bytes).
    Removing stm32f1xx_hal_spi.o(i.SPI_DMAError), (34 bytes).
    Removing stm32f1xx_hal_spi.o(i.SPI_DMAHalfReceiveCplt), (10 bytes).
    Removing stm32f1xx_hal_spi.o(i.SPI_DMAHalfTransmitCplt), (10 bytes).
    Removing stm32f1xx_hal_spi.o(i.SPI_DMAHalfTransmitReceiveCplt), (10 bytes).
    Removing stm32f1xx_hal_spi.o(i.SPI_DMAReceiveCplt), (106 bytes).
    Removing stm32f1xx_hal_spi.o(i.SPI_DMARxAbortCallback), (98 bytes).
    Removing stm32f1xx_hal_spi.o(i.SPI_DMATransmitCplt), (100 bytes).
    Removing stm32f1xx_hal_spi.o(i.SPI_DMATransmitReceiveCplt), (90 bytes).
    Removing stm32f1xx_hal_spi.o(i.SPI_DMATxAbortCallback), (112 bytes).
    Removing stm32f1xx_hal_spi.o(i.SPI_EndRxTransaction), (92 bytes).
    Removing stm32f1xx_hal_spi.o(i.SPI_EndRxTxTransaction), (32 bytes).
    Removing stm32f1xx_hal_spi.o(i.SPI_RxISR_16BIT), (32 bytes).
    Removing stm32f1xx_hal_spi.o(i.SPI_RxISR_8BIT), (32 bytes).
    Removing stm32f1xx_hal_spi.o(i.SPI_TxISR_16BIT), (32 bytes).
    Removing stm32f1xx_hal_spi.o(i.SPI_TxISR_8BIT), (32 bytes).
    Removing stm32f1xx_hal_spi.o(i.SPI_WaitFlagStateUntilTimeout), (184 bytes).
    Removing stm32f1xx_hal_tim.o(.rev16_text), (4 bytes).
    Removing stm32f1xx_hal_tim.o(.revsh_text), (4 bytes).
    Removing stm32f1xx_hal_tim.o(.rrx_text), (6 bytes).
    Removing stm32f1xx_hal_tim.o(i.HAL_TIM_Base_DeInit), (92 bytes).
    Removing stm32f1xx_hal_tim.o(i.HAL_TIM_Base_GetState), (6 bytes).
    Removing stm32f1xx_hal_tim.o(i.HAL_TIM_Base_MspDeInit), (2 bytes).
    Removing stm32f1xx_hal_tim.o(i.HAL_TIM_Base_MspInit), (2 bytes).
    Removing stm32f1xx_hal_tim.o(i.HAL_TIM_Base_Start), (80 bytes).
    Removing stm32f1xx_hal_tim.o(i.HAL_TIM_Base_Start_DMA), (152 bytes).
    Removing stm32f1xx_hal_tim.o(i.HAL_TIM_Base_Stop), (38 bytes).
    Removing stm32f1xx_hal_tim.o(i.HAL_TIM_Base_Stop_DMA), (58 bytes).
    Removing stm32f1xx_hal_tim.o(i.HAL_TIM_Base_Stop_IT), (48 bytes).
    Removing stm32f1xx_hal_tim.o(i.HAL_TIM_ConfigOCrefClear), (216 bytes).
    Removing stm32f1xx_hal_tim.o(i.HAL_TIM_ConfigTI1Input), (16 bytes).
    Removing stm32f1xx_hal_tim.o(i.HAL_TIM_DMABurstState), (6 bytes).
    Removing stm32f1xx_hal_tim.o(i.HAL_TIM_DMABurst_MultiReadStart), (332 bytes).
    Removing stm32f1xx_hal_tim.o(i.HAL_TIM_DMABurst_MultiWriteStart), (332 bytes).
    Removing stm32f1xx_hal_tim.o(i.HAL_TIM_DMABurst_ReadStart), (18 bytes).
    Removing stm32f1xx_hal_tim.o(i.HAL_TIM_DMABurst_ReadStop), (106 bytes).
    Removing stm32f1xx_hal_tim.o(i.HAL_TIM_DMABurst_WriteStart), (18 bytes).
    Removing stm32f1xx_hal_tim.o(i.HAL_TIM_DMABurst_WriteStop), (106 bytes).
    Removing stm32f1xx_hal_tim.o(i.HAL_TIM_Encoder_DeInit), (76 bytes).
    Removing stm32f1xx_hal_tim.o(i.HAL_TIM_Encoder_GetState), (6 bytes).
    Removing stm32f1xx_hal_tim.o(i.HAL_TIM_Encoder_Init), (164 bytes).
    Removing stm32f1xx_hal_tim.o(i.HAL_TIM_Encoder_MspDeInit), (2 bytes).
    Removing stm32f1xx_hal_tim.o(i.HAL_TIM_Encoder_MspInit), (2 bytes).
    Removing stm32f1xx_hal_tim.o(i.HAL_TIM_Encoder_Start), (142 bytes).
    Removing stm32f1xx_hal_tim.o(i.HAL_TIM_Encoder_Start_DMA), (428 bytes).
    Removing stm32f1xx_hal_tim.o(i.HAL_TIM_Encoder_Start_IT), (182 bytes).
    Removing stm32f1xx_hal_tim.o(i.HAL_TIM_Encoder_Stop), (102 bytes).
    Removing stm32f1xx_hal_tim.o(i.HAL_TIM_Encoder_Stop_DMA), (172 bytes).
    Removing stm32f1xx_hal_tim.o(i.HAL_TIM_Encoder_Stop_IT), (144 bytes).
    Removing stm32f1xx_hal_tim.o(i.HAL_TIM_ErrorCallback), (2 bytes).
    Removing stm32f1xx_hal_tim.o(i.HAL_TIM_GenerateEvent), (38 bytes).
    Removing stm32f1xx_hal_tim.o(i.HAL_TIM_GetActiveChannel), (4 bytes).
    Removing stm32f1xx_hal_tim.o(i.HAL_TIM_GetChannelState), (34 bytes).
    Removing stm32f1xx_hal_tim.o(i.HAL_TIM_IC_CaptureHalfCpltCallback), (2 bytes).
    Removing stm32f1xx_hal_tim.o(i.HAL_TIM_IC_DeInit), (92 bytes).
    Removing stm32f1xx_hal_tim.o(i.HAL_TIM_IC_GetState), (6 bytes).
    Removing stm32f1xx_hal_tim.o(i.HAL_TIM_IC_MspDeInit), (2 bytes).
    Removing stm32f1xx_hal_tim.o(i.HAL_TIM_IC_Start), (184 bytes).
    Removing stm32f1xx_hal_tim.o(i.HAL_TIM_IC_Start_DMA), (416 bytes).
    Removing stm32f1xx_hal_tim.o(i.HAL_TIM_IC_Stop), (82 bytes).
    Removing stm32f1xx_hal_tim.o(i.HAL_TIM_IC_Stop_DMA), (160 bytes).
    Removing stm32f1xx_hal_tim.o(i.HAL_TIM_IC_Stop_IT), (146 bytes).
    Removing stm32f1xx_hal_tim.o(i.HAL_TIM_OC_ConfigChannel), (82 bytes).
    Removing stm32f1xx_hal_tim.o(i.HAL_TIM_OC_DeInit), (92 bytes).
    Removing stm32f1xx_hal_tim.o(i.HAL_TIM_OC_GetState), (6 bytes).
    Removing stm32f1xx_hal_tim.o(i.HAL_TIM_OC_Init), (90 bytes).
    Removing stm32f1xx_hal_tim.o(i.HAL_TIM_OC_MspDeInit), (2 bytes).
    Removing stm32f1xx_hal_tim.o(i.HAL_TIM_OC_MspInit), (2 bytes).
    Removing stm32f1xx_hal_tim.o(i.HAL_TIM_OC_Start), (156 bytes).
    Removing stm32f1xx_hal_tim.o(i.HAL_TIM_OC_Start_DMA), (404 bytes).
    Removing stm32f1xx_hal_tim.o(i.HAL_TIM_OC_Start_IT), (200 bytes).
    Removing stm32f1xx_hal_tim.o(i.HAL_TIM_OC_Stop), (112 bytes).
    Removing stm32f1xx_hal_tim.o(i.HAL_TIM_OC_Stop_DMA), (196 bytes).
    Removing stm32f1xx_hal_tim.o(i.HAL_TIM_OC_Stop_IT), (176 bytes).
    Removing stm32f1xx_hal_tim.o(i.HAL_TIM_OnePulse_ConfigChannel), (230 bytes).
    Removing stm32f1xx_hal_tim.o(i.HAL_TIM_OnePulse_DeInit), (76 bytes).
    Removing stm32f1xx_hal_tim.o(i.HAL_TIM_OnePulse_GetState), (6 bytes).
    Removing stm32f1xx_hal_tim.o(i.HAL_TIM_OnePulse_Init), (86 bytes).
    Removing stm32f1xx_hal_tim.o(i.HAL_TIM_OnePulse_MspDeInit), (2 bytes).
    Removing stm32f1xx_hal_tim.o(i.HAL_TIM_OnePulse_MspInit), (2 bytes).
    Removing stm32f1xx_hal_tim.o(i.HAL_TIM_OnePulse_Start), (104 bytes).
    Removing stm32f1xx_hal_tim.o(i.HAL_TIM_OnePulse_Start_IT), (124 bytes).
    Removing stm32f1xx_hal_tim.o(i.HAL_TIM_OnePulse_Stop), (100 bytes).
    Removing stm32f1xx_hal_tim.o(i.HAL_TIM_OnePulse_Stop_IT), (120 bytes).
    Removing stm32f1xx_hal_tim.o(i.HAL_TIM_PWM_DeInit), (92 bytes).
    Removing stm32f1xx_hal_tim.o(i.HAL_TIM_PWM_GetState), (6 bytes).
    Removing stm32f1xx_hal_tim.o(i.HAL_TIM_PWM_MspDeInit), (2 bytes).
    Removing stm32f1xx_hal_tim.o(i.HAL_TIM_PWM_MspInit), (2 bytes).
    Removing stm32f1xx_hal_tim.o(i.HAL_TIM_PWM_PulseFinishedHalfCpltCallback), (2 bytes).
    Removing stm32f1xx_hal_tim.o(i.HAL_TIM_PWM_Start_DMA), (404 bytes).
    Removing stm32f1xx_hal_tim.o(i.HAL_TIM_PWM_Start_IT), (200 bytes).
    Removing stm32f1xx_hal_tim.o(i.HAL_TIM_PWM_Stop), (112 bytes).
    Removing stm32f1xx_hal_tim.o(i.HAL_TIM_PWM_Stop_DMA), (196 bytes).
    Removing stm32f1xx_hal_tim.o(i.HAL_TIM_PWM_Stop_IT), (176 bytes).
    Removing stm32f1xx_hal_tim.o(i.HAL_TIM_PeriodElapsedHalfCpltCallback), (2 bytes).
    Removing stm32f1xx_hal_tim.o(i.HAL_TIM_ReadCapturedValue), (42 bytes).
    Removing stm32f1xx_hal_tim.o(i.HAL_TIM_SlaveConfigSynchro_IT), (86 bytes).
    Removing stm32f1xx_hal_tim.o(i.HAL_TIM_TriggerHalfCpltCallback), (2 bytes).
    Removing stm32f1xx_hal_tim.o(i.TIM_DMACaptureCplt), (110 bytes).
    Removing stm32f1xx_hal_tim.o(i.TIM_DMACaptureHalfCplt), (56 bytes).
    Removing stm32f1xx_hal_tim.o(i.TIM_DMADelayPulseCplt), (94 bytes).
    Removing stm32f1xx_hal_tim.o(i.TIM_DMADelayPulseHalfCplt), (56 bytes).
    Removing stm32f1xx_hal_tim.o(i.TIM_DMAError), (84 bytes).
    Removing stm32f1xx_hal_tim.o(i.TIM_DMAPeriodElapsedCplt), (22 bytes).
    Removing stm32f1xx_hal_tim.o(i.TIM_DMAPeriodElapsedHalfCplt), (10 bytes).
    Removing stm32f1xx_hal_tim.o(i.TIM_DMATriggerCplt), (22 bytes).
    Removing stm32f1xx_hal_tim.o(i.TIM_DMATriggerHalfCplt), (10 bytes).
    Removing stm32f1xx_hal_tim_ex.o(.rev16_text), (4 bytes).
    Removing stm32f1xx_hal_tim_ex.o(.revsh_text), (4 bytes).
    Removing stm32f1xx_hal_tim_ex.o(.rrx_text), (6 bytes).
    Removing stm32f1xx_hal_tim_ex.o(i.HAL_TIMEx_CommutHalfCpltCallback), (2 bytes).
    Removing stm32f1xx_hal_tim_ex.o(i.HAL_TIMEx_ConfigCommutEvent), (112 bytes).
    Removing stm32f1xx_hal_tim_ex.o(i.HAL_TIMEx_ConfigCommutEvent_DMA), (144 bytes).
    Removing stm32f1xx_hal_tim_ex.o(i.HAL_TIMEx_ConfigCommutEvent_IT), (112 bytes).
    Removing stm32f1xx_hal_tim_ex.o(i.HAL_TIMEx_GetChannelNState), (34 bytes).
    Removing stm32f1xx_hal_tim_ex.o(i.HAL_TIMEx_HallSensor_DeInit), (76 bytes).
    Removing stm32f1xx_hal_tim_ex.o(i.HAL_TIMEx_HallSensor_GetState), (6 bytes).
    Removing stm32f1xx_hal_tim_ex.o(i.HAL_TIMEx_HallSensor_Init), (208 bytes).
    Removing stm32f1xx_hal_tim_ex.o(i.HAL_TIMEx_HallSensor_MspDeInit), (2 bytes).
    Removing stm32f1xx_hal_tim_ex.o(i.HAL_TIMEx_HallSensor_MspInit), (2 bytes).
    Removing stm32f1xx_hal_tim_ex.o(i.HAL_TIMEx_HallSensor_Start), (128 bytes).
    Removing stm32f1xx_hal_tim_ex.o(i.HAL_TIMEx_HallSensor_Start_DMA), (184 bytes).
    Removing stm32f1xx_hal_tim_ex.o(i.HAL_TIMEx_HallSensor_Start_IT), (140 bytes).
    Removing stm32f1xx_hal_tim_ex.o(i.HAL_TIMEx_HallSensor_Stop), (58 bytes).
    Removing stm32f1xx_hal_tim_ex.o(i.HAL_TIMEx_HallSensor_Stop_DMA), (70 bytes).
    Removing stm32f1xx_hal_tim_ex.o(i.HAL_TIMEx_HallSensor_Stop_IT), (68 bytes).
    Removing stm32f1xx_hal_tim_ex.o(i.HAL_TIMEx_OCN_Start), (152 bytes).
    Removing stm32f1xx_hal_tim_ex.o(i.HAL_TIMEx_OCN_Start_DMA), (352 bytes).
    Removing stm32f1xx_hal_tim_ex.o(i.HAL_TIMEx_OCN_Start_IT), (192 bytes).
    Removing stm32f1xx_hal_tim_ex.o(i.HAL_TIMEx_OCN_Stop), (104 bytes).
    Removing stm32f1xx_hal_tim_ex.o(i.HAL_TIMEx_OCN_Stop_DMA), (168 bytes).
    Removing stm32f1xx_hal_tim_ex.o(i.HAL_TIMEx_OCN_Stop_IT), (170 bytes).
    Removing stm32f1xx_hal_tim_ex.o(i.HAL_TIMEx_OnePulseN_Start), (100 bytes).
    Removing stm32f1xx_hal_tim_ex.o(i.HAL_TIMEx_OnePulseN_Start_IT), (120 bytes).
    Removing stm32f1xx_hal_tim_ex.o(i.HAL_TIMEx_OnePulseN_Stop), (98 bytes).
    Removing stm32f1xx_hal_tim_ex.o(i.HAL_TIMEx_OnePulseN_Stop_IT), (120 bytes).
    Removing stm32f1xx_hal_tim_ex.o(i.HAL_TIMEx_PWMN_Start), (152 bytes).
    Removing stm32f1xx_hal_tim_ex.o(i.HAL_TIMEx_PWMN_Start_DMA), (352 bytes).
    Removing stm32f1xx_hal_tim_ex.o(i.HAL_TIMEx_PWMN_Start_IT), (192 bytes).
    Removing stm32f1xx_hal_tim_ex.o(i.HAL_TIMEx_PWMN_Stop), (104 bytes).
    Removing stm32f1xx_hal_tim_ex.o(i.HAL_TIMEx_PWMN_Stop_DMA), (168 bytes).
    Removing stm32f1xx_hal_tim_ex.o(i.HAL_TIMEx_PWMN_Stop_IT), (170 bytes).
    Removing stm32f1xx_hal_tim_ex.o(i.HAL_TIMEx_RemapConfig), (4 bytes).
    Removing stm32f1xx_hal_tim_ex.o(i.TIMEx_DMACommutationCplt), (16 bytes).
    Removing stm32f1xx_hal_tim_ex.o(i.TIMEx_DMACommutationHalfCplt), (16 bytes).
    Removing stm32f1xx_hal_tim_ex.o(i.TIM_CCxNChannelCmd), (26 bytes).
    Removing stm32f1xx_hal_tim_ex.o(i.TIM_DMADelayPulseNCplt), (94 bytes).
    Removing stm32f1xx_hal_tim_ex.o(i.TIM_DMAErrorCCxN), (62 bytes).
    Removing stm32f1xx_hal_uart.o(.rev16_text), (4 bytes).
    Removing stm32f1xx_hal_uart.o(.revsh_text), (4 bytes).
    Removing stm32f1xx_hal_uart.o(.rrx_text), (6 bytes).
    Removing stm32f1xx_hal_uart.o(i.HAL_HalfDuplex_EnableReceiver), (50 bytes).
    Removing stm32f1xx_hal_uart.o(i.HAL_HalfDuplex_EnableTransmitter), (50 bytes).
    Removing stm32f1xx_hal_uart.o(i.HAL_HalfDuplex_Init), (110 bytes).
    Removing stm32f1xx_hal_uart.o(i.HAL_LIN_Init), (130 bytes).
    Removing stm32f1xx_hal_uart.o(i.HAL_LIN_SendBreak), (60 bytes).
    Removing stm32f1xx_hal_uart.o(i.HAL_MultiProcessor_EnterMuteMode), (62 bytes).
    Removing stm32f1xx_hal_uart.o(i.HAL_MultiProcessor_ExitMuteMode), (62 bytes).
    Removing stm32f1xx_hal_uart.o(i.HAL_MultiProcessor_Init), (144 bytes).
    Removing stm32f1xx_hal_uart.o(i.HAL_UARTEx_GetRxEventType), (4 bytes).
    Removing stm32f1xx_hal_uart.o(i.HAL_UARTEx_ReceiveToIdle), (240 bytes).
    Removing stm32f1xx_hal_uart.o(i.HAL_UARTEx_ReceiveToIdle_DMA), (78 bytes).
    Removing stm32f1xx_hal_uart.o(i.HAL_UARTEx_ReceiveToIdle_IT), (78 bytes).
    Removing stm32f1xx_hal_uart.o(i.HAL_UARTEx_RxEventCallback), (2 bytes).
    Removing stm32f1xx_hal_uart.o(i.HAL_UART_Abort), (210 bytes).
    Removing stm32f1xx_hal_uart.o(i.HAL_UART_AbortCpltCallback), (2 bytes).
    Removing stm32f1xx_hal_uart.o(i.HAL_UART_AbortReceive), (148 bytes).
    Removing stm32f1xx_hal_uart.o(i.HAL_UART_AbortReceiveCpltCallback), (2 bytes).
    Removing stm32f1xx_hal_uart.o(i.HAL_UART_AbortReceive_IT), (152 bytes).
    Removing stm32f1xx_hal_uart.o(i.HAL_UART_AbortTransmit), (98 bytes).
    Removing stm32f1xx_hal_uart.o(i.HAL_UART_AbortTransmitCpltCallback), (2 bytes).
    Removing stm32f1xx_hal_uart.o(i.HAL_UART_AbortTransmit_IT), (104 bytes).
    Removing stm32f1xx_hal_uart.o(i.HAL_UART_Abort_IT), (244 bytes).
    Removing stm32f1xx_hal_uart.o(i.HAL_UART_DMAPause), (120 bytes).
    Removing stm32f1xx_hal_uart.o(i.HAL_UART_DMAResume), (114 bytes).
    Removing stm32f1xx_hal_uart.o(i.HAL_UART_DMAStop), (112 bytes).
    Removing stm32f1xx_hal_uart.o(i.HAL_UART_DeInit), (54 bytes).
    Removing stm32f1xx_hal_uart.o(i.HAL_UART_ErrorCallback), (2 bytes).
    Removing stm32f1xx_hal_uart.o(i.HAL_UART_GetError), (4 bytes).
    Removing stm32f1xx_hal_uart.o(i.HAL_UART_GetState), (10 bytes).
    Removing stm32f1xx_hal_uart.o(i.HAL_UART_IRQHandler), (620 bytes).
    Removing stm32f1xx_hal_uart.o(i.HAL_UART_MspDeInit), (2 bytes).
    Removing stm32f1xx_hal_uart.o(i.HAL_UART_MspInit), (2 bytes).
    Removing stm32f1xx_hal_uart.o(i.HAL_UART_Receive), (172 bytes).
    Removing stm32f1xx_hal_uart.o(i.HAL_UART_Receive_DMA), (28 bytes).
    Removing stm32f1xx_hal_uart.o(i.HAL_UART_Receive_IT), (28 bytes).
    Removing stm32f1xx_hal_uart.o(i.HAL_UART_RxCpltCallback), (2 bytes).
    Removing stm32f1xx_hal_uart.o(i.HAL_UART_RxHalfCpltCallback), (2 bytes).
    Removing stm32f1xx_hal_uart.o(i.HAL_UART_Transmit), (154 bytes).
    Removing stm32f1xx_hal_uart.o(i.HAL_UART_Transmit_DMA), (120 bytes).
    Removing stm32f1xx_hal_uart.o(i.HAL_UART_Transmit_IT), (50 bytes).
    Removing stm32f1xx_hal_uart.o(i.HAL_UART_TxCpltCallback), (2 bytes).
    Removing stm32f1xx_hal_uart.o(i.HAL_UART_TxHalfCpltCallback), (2 bytes).
    Removing stm32f1xx_hal_uart.o(i.UART_DMAAbortOnError), (16 bytes).
    Removing stm32f1xx_hal_uart.o(i.UART_DMAError), (74 bytes).
    Removing stm32f1xx_hal_uart.o(i.UART_DMAReceiveCplt), (134 bytes).
    Removing stm32f1xx_hal_uart.o(i.UART_DMARxAbortCallback), (44 bytes).
    Removing stm32f1xx_hal_uart.o(i.UART_DMARxHalfCplt), (30 bytes).
    Removing stm32f1xx_hal_uart.o(i.UART_DMARxOnlyAbortCallback), (22 bytes).
    Removing stm32f1xx_hal_uart.o(i.UART_DMATransmitCplt), (66 bytes).
    Removing stm32f1xx_hal_uart.o(i.UART_DMATxAbortCallback), (44 bytes).
    Removing stm32f1xx_hal_uart.o(i.UART_DMATxHalfCplt), (10 bytes).
    Removing stm32f1xx_hal_uart.o(i.UART_DMATxOnlyAbortCallback), (20 bytes).
    Removing stm32f1xx_hal_uart.o(i.UART_EndRxTransfer), (78 bytes).
    Removing stm32f1xx_hal_uart.o(i.UART_EndTxTransfer), (28 bytes).
    Removing stm32f1xx_hal_uart.o(i.UART_Receive_IT), (194 bytes).
    Removing stm32f1xx_hal_uart.o(i.UART_Start_Receive_DMA), (144 bytes).
    Removing stm32f1xx_hal_uart.o(i.UART_Start_Receive_IT), (54 bytes).
    Removing stm32f1xx_hal_uart.o(i.UART_WaitOnFlagUntilTimeout), (120 bytes).
    Removing system_stm32f1xx.o(.rev16_text), (4 bytes).
    Removing system_stm32f1xx.o(.revsh_text), (4 bytes).
    Removing system_stm32f1xx.o(.rrx_text), (6 bytes).
    Removing system_stm32f1xx.o(i.SystemCoreClockUpdate), (104 bytes).
    Removing usbd_core.o(.rev16_text), (4 bytes).
    Removing usbd_core.o(.revsh_text), (4 bytes).
    Removing usbd_core.o(.rrx_text), (6 bytes).
    Removing usbd_core.o(i.USBD_DeInit), (38 bytes).
    Removing usbd_core.o(i.USBD_LL_DevConnected), (4 bytes).
    Removing usbd_core.o(i.USBD_LL_DevDisconnected), (22 bytes).
    Removing usbd_core.o(i.USBD_LL_IsoINIncomplete), (4 bytes).
    Removing usbd_core.o(i.USBD_LL_IsoOUTIncomplete), (4 bytes).
    Removing usbd_core.o(i.USBD_RunTestMode), (4 bytes).
    Removing usbd_core.o(i.USBD_Stop), (26 bytes).
    Removing usbd_ctlreq.o(.rev16_text), (4 bytes).
    Removing usbd_ctlreq.o(.revsh_text), (4 bytes).
    Removing usbd_ctlreq.o(.rrx_text), (6 bytes).
    Removing usbd_ioreq.o(.rev16_text), (4 bytes).
    Removing usbd_ioreq.o(.revsh_text), (4 bytes).
    Removing usbd_ioreq.o(.rrx_text), (6 bytes).
    Removing usbd_ioreq.o(i.USBD_GetRxCount), (4 bytes).
    Removing usbd_cdc.o(.rev16_text), (4 bytes).
    Removing usbd_cdc.o(.revsh_text), (4 bytes).
    Removing usbd_cdc.o(.rrx_text), (6 bytes).

544 unused section(s) (total 33758 bytes) removed from the image.
